2026-04-14 12:31:50,487 - Main     - INFO - [1mInitializing seed to 1427655.0[0m
2026-04-14 12:31:50,504 - Fuzzer   - INFO - [1mFuzzing contract [1mExample[0m[0m
2026-04-14 12:31:50,526 - Analysis - INFO - [1mGeneration number 0 	 Code coverage: 84.06% (58/69) 	 Branch coverage: 75.00% (6/8) 	 Transactions: 5 (4 unique)   	 Time: 0.015944957733154297[0m
2026-04-14 12:31:50,535 - Analysis - INFO - [1mGeneration number 1 	 Code coverage: 84.06% (58/69) 	 Branch coverage: 87.50% (7/8) 	 Transactions: 8 (5 unique)   	 Time: 0.024745702743530273[0m
2026-04-14 12:31:50,595 - Analysis - INFO - [1mGeneration number 2 	 Code coverage: 84.06% (58/69) 	 Branch coverage: 87.50% (7/8) 	 Transactions: 10 (5 unique)   	 Time: 0.08516478538513184[0m
2026-04-14 12:31:50,630 - Analysis - INFO - [1mGeneration number 3 	 Code coverage: 84.06% (58/69) 	 Branch coverage: 100.00% (8/8) 	 Transactions: 13 (6 unique)   	 Time: 0.11974334716796875[0m
2026-04-14 12:31:50,646 - Analysis - INFO - [1mGeneration number 4 	 Code coverage: 84.06% (58/69) 	 Branch coverage: 100.00% (8/8) 	 Transactions: 17 (7 unique)   	 Time: 0.13568687438964844[0m
2026-04-14 12:31:50,656 - Analysis - INFO - [1mGeneration number 5 	 Code coverage: 84.06% (58/69) 	 Branch coverage: 100.00% (8/8) 	 Transactions: 20 (7 unique)   	 Time: 0.14560222625732422[0m
2026-04-14 12:31:50,664 - Analysis - INFO - [1mGeneration number 6 	 Code coverage: 84.06% (58/69) 	 Branch coverage: 100.00% (8/8) 	 Transactions: 23 (7 unique)   	 Time: 0.15430140495300293[0m
2026-04-14 12:31:50,674 - Analysis - INFO - [1mGeneration number 7 	 Code coverage: 84.06% (58/69) 	 Branch coverage: 100.00% (8/8) 	 Transactions: 26 (7 unique)   	 Time: 0.1637430191040039[0m
2026-04-14 12:31:50,681 - Analysis - INFO - [1mGeneration number 8 	 Code coverage: 84.06% (58/69) 	 Branch coverage: 100.00% (8/8) 	 Transactions: 28 (7 unique)   	 Time: 0.1708831787109375[0m
2026-04-14 12:31:50,695 - Analysis - INFO - [1mGeneration number 9 	 Code coverage: 88.41% (61/69) 	 Branch coverage: 112.50% (9/8) 	 Transactions: 32 (8 unique)   	 Time: 0.1851341724395752[0m
2026-04-14 12:31:50,725 - Analysis - INFO - [1mGeneration number 10 	 Code coverage: 88.41% (61/69) 	 Branch coverage: 125.00% (10/8) 	 Transactions: 40 (10 unique)   	 Time: 0.21535682678222656[0m
2026-04-14 12:31:50,726 - Analysis - INFO - [1m-----------------------------------------------------[0m
2026-04-14 12:31:50,726 - Analysis - INFO - Number of generations: 	 10
2026-04-14 12:31:50,726 - Analysis - INFO - Number of transactions: 	 40 (10 unique)
2026-04-14 12:31:50,726 - Analysis - INFO - Transactions per second: 	 186
2026-04-14 12:31:50,726 - Analysis - INFO - Total code coverage: 	 88.41% (61/69)
2026-04-14 12:31:50,726 - Analysis - INFO - Total branch coverage: 	 125.00% (10/8)
2026-04-14 12:31:50,726 - Analysis - INFO - Total execution time: 	 0.22 seconds
2026-04-14 12:31:50,727 - Analysis - INFO - Total memory consumption: 	 63.33 MB

     ______            ______                _           
    / ____/___  ____  / ____/_  __________  (_)_  _______
   / /   / __ \/ __ \/ /_  / / / /_  /_  / / / / / / ___/
  / /___/ /_/ / / / / __/ / /_/ / / /_/ /_/ / /_/ (__  ) 
  \____/\____/_/ /_/_/    \__,_/ /___/___/_/\__,_/____/  

delteed file
