INFO [04-14|14:17:17.104] Starting Geth in ephemeral dev mode... 
INFO [04-14|14:17:17.105] Maximum peer count                       ETH=50 LES=0 total=50
INFO [04-14|14:17:17.105] Smartcard socket not found, disabling    err="stat /run/pcscd/pcscd.comm: no such file or directory"
INFO [04-14|14:17:17.109] Set global gas cap                       cap=50,000,000
INFO [04-14|14:17:17.259] Using developer account                  address=0x5da048c74832Dc22Fed4A69376589ce69235a896
INFO [04-14|14:17:17.259] Allocated trie memory caches             clean=154.00MiB dirty=256.00MiB
INFO [04-14|14:17:17.259] Writing custom genesis block 
INFO [04-14|14:17:17.259] Persisted trie from memory database      nodes=12 size=1.82KiB time="42.508µs" gcnodes=0 gcsize=0.00B gctime=0s livenodes=1 livesize=0.00B
INFO [04-14|14:17:17.259] Initialised chain configuration          config="{ChainID: 1337 Homestead: 0 DAO: <nil> DAOSupport: false EIP150: 0 EIP155: 0 EIP158: 0 Byzantium: 0 Constantinople: 0 Petersburg: 0 Istanbul: 0, Muir Glacier: 0, Berlin: 0, London: 0, Arrow Glacier: <nil>, MergeFork: <nil>, Engine: clique}"
INFO [04-14|14:17:17.259] Initialising Ethereum protocol           network=1337 dbversion=<nil>
INFO [04-14|14:17:17.260] Loaded most recent local header          number=0 hash=a07ff1..f2e140 td=1 age=57y1mo1w
INFO [04-14|14:17:17.260] Loaded most recent local full block      number=0 hash=a07ff1..f2e140 td=1 age=57y1mo1w
INFO [04-14|14:17:17.260] Loaded most recent local fast block      number=0 hash=a07ff1..f2e140 td=1 age=57y1mo1w
WARN [04-14|14:17:17.260] Failed to load snapshot, regenerating    err="missing or corrupted snapshot"
INFO [04-14|14:17:17.260] Rebuilding state snapshot 
INFO [04-14|14:17:17.260] Resuming state snapshot generation       root=f26aea..d57d14 accounts=0 slots=0 storage=0.00B elapsed="240.247µs"
INFO [04-14|14:17:17.260] Stored checkpoint snapshot to disk       number=0 hash=a07ff1..f2e140
INFO [04-14|14:17:17.260] Gasprice oracle is ignoring threshold set threshold=2
INFO [04-14|14:17:17.261] Generated state snapshot                 accounts=10 slots=0 storage=412.00B elapsed="620.223µs"
WARN [04-14|14:17:17.261] Error reading unclean shutdown markers   error="not found"
INFO [04-14|14:17:17.261] Starting peer-to-peer node               instance=Geth/v1.10.14-stable-11a3a350/linux-amd64/go1.17.5
WARN [04-14|14:17:17.261] P2P server will be useless, neither dialing nor listening 
INFO [04-14|14:17:17.263] IPC endpoint opened                      url=/tmp/geth.ipc
INFO [04-14|14:17:17.263] HTTP server started                      endpoint=127.0.0.1:8545 prefix= cors= vhosts=localhost
INFO [04-14|14:17:17.263] Transaction pool price threshold updated price=1,000,000,000
INFO [04-14|14:17:17.263] Updated mining threads                   threads=0
INFO [04-14|14:17:17.263] Transaction pool price threshold updated price=1
INFO [04-14|14:17:17.263] Etherbase automatically configured       address=0x5da048c74832Dc22Fed4A69376589ce69235a896
INFO [04-14|14:17:17.263] New local node record                    seq=1,776,176,237,263 id=92db0947ca17e78d ip=127.0.0.1 udp=0 tcp=0
INFO [04-14|14:17:17.263] Commit new mining work                   number=1 sealhash=b9b480..bc4dfc uncles=0 txs=0 gas=0 fees=0 elapsed="39.808µs"
INFO [04-14|14:17:17.263] Started P2P networking                   self=enode://31c11d24184d546aa045161216da8ef01208a18b73f9360cf5e02e54d50a51643de765332922427babdd761b2c272685047025ace9744598c1721fe3387a2883@127.0.0.1:0
WARN [04-14|14:17:17.263] Block sealing failed                     err="sealing paused while waiting for transactions"
WARN [04-14|14:17:17.264] Failed to get free disk space            path= err="failed to call Statfs: no such file or directory"
2026-04-14 14:17:19 e361a106e7c1 pakala.sm[22] INFO Analysis finished with 0 outcomes (0 interesting, 2 unfinished), coverage is 5%
2026-04-14 14:17:19 e361a106e7c1 pakala.sm[22] INFO Interpreter errors encountered: [("InterpreterError('Unknown opcode 0x5f')", 2)]
Analyzing contract at 0xDEADBEEF00000000000000000000000000000000 with balance 1.337000 ether.
Starting symbolic execution step...
Symbolic execution finished with coverage 5%.
Outcomes: 0 interesting. 0 total and 2 unfinished paths.

Starting analysis step...
Nothing to report.
