INFO [04-14|14:04:18.839] Starting Geth in ephemeral dev mode... 
INFO [04-14|14:04:18.840] Maximum peer count                       ETH=50 LES=0 total=50
INFO [04-14|14:04:18.840] Smartcard socket not found, disabling    err="stat /run/pcscd/pcscd.comm: no such file or directory"
INFO [04-14|14:04:18.841] Set global gas cap                       cap=50,000,000
INFO [04-14|14:04:19.029] Using developer account                  address=0x48deC83b7d8Eff9b868b35CF77aeD2e1d54718b1
INFO [04-14|14:04:19.029] Allocated trie memory caches             clean=154.00MiB dirty=256.00MiB
INFO [04-14|14:04:19.029] Writing custom genesis block 
INFO [04-14|14:04:19.030] Persisted trie from memory database      nodes=13 size=1.90KiB time="49.605µs" gcnodes=0 gcsize=0.00B gctime=0s livenodes=1 livesize=0.00B
INFO [04-14|14:04:19.030] Initialised chain configuration          config="{ChainID: 1337 Homestead: 0 DAO: <nil> DAOSupport: false EIP150: 0 EIP155: 0 EIP158: 0 Byzantium: 0 Constantinople: 0 Petersburg: 0 Istanbul: 0, Muir Glacier: 0, Berlin: 0, London: 0, Arrow Glacier: <nil>, MergeFork: <nil>, Engine: clique}"
INFO [04-14|14:04:19.030] Initialising Ethereum protocol           network=1337 dbversion=<nil>
INFO [04-14|14:04:19.031] Loaded most recent local header          number=0 hash=3038cf..d04907 td=1 age=57y1mo1w
INFO [04-14|14:04:19.031] Loaded most recent local full block      number=0 hash=3038cf..d04907 td=1 age=57y1mo1w
INFO [04-14|14:04:19.031] Loaded most recent local fast block      number=0 hash=3038cf..d04907 td=1 age=57y1mo1w
WARN [04-14|14:04:19.031] Failed to load snapshot, regenerating    err="missing or corrupted snapshot"
INFO [04-14|14:04:19.031] Rebuilding state snapshot 
INFO [04-14|14:04:19.031] Resuming state snapshot generation       root=3ad060..189eaa accounts=0 slots=0 storage=0.00B elapsed="320.734µs"
INFO [04-14|14:04:19.031] Gasprice oracle is ignoring threshold set threshold=2
WARN [04-14|14:04:19.031] Error reading unclean shutdown markers   error="not found"
INFO [04-14|14:04:19.031] Starting peer-to-peer node               instance=Geth/v1.10.14-stable-11a3a350/linux-amd64/go1.17.5
WARN [04-14|14:04:19.031] P2P server will be useless, neither dialing nor listening 
INFO [04-14|14:04:19.031] Generated state snapshot                 accounts=10 slots=0 storage=412.00B elapsed="694.174µs"
INFO [04-14|14:04:19.031] Stored checkpoint snapshot to disk       number=0 hash=3038cf..d04907
INFO [04-14|14:04:19.033] IPC endpoint opened                      url=/tmp/geth.ipc
INFO [04-14|14:04:19.034] HTTP server started                      endpoint=127.0.0.1:8545 prefix= cors= vhosts=localhost
INFO [04-14|14:04:19.034] New local node record                    seq=1,776,175,459,033 id=e0f92efbc5718f75 ip=127.0.0.1 udp=0 tcp=0
INFO [04-14|14:04:19.034] Started P2P networking                   self=enode://8381a44e18da1c329ea834afd97ec7b95d30222651eb6e807d3a9095999a2beb86c7f2a9f850da948ee7210b3969f0472e71791a708040b783db63ec0dc19b26@127.0.0.1:0
INFO [04-14|14:04:19.034] Transaction pool price threshold updated price=1,000,000,000
INFO [04-14|14:04:19.034] Updated mining threads                   threads=0
INFO [04-14|14:04:19.034] Transaction pool price threshold updated price=1
INFO [04-14|14:04:19.034] Etherbase automatically configured       address=0x48deC83b7d8Eff9b868b35CF77aeD2e1d54718b1
INFO [04-14|14:04:19.034] Commit new mining work                   number=1 sealhash=065171..95d8ad uncles=0 txs=0 gas=0 fees=0 elapsed="54.906µs"
WARN [04-14|14:04:19.034] Block sealing failed                     err="sealing paused while waiting for transactions"
WARN [04-14|14:04:19.034] Failed to get free disk space            path= err="failed to call Statfs: no such file or directory"
2026-04-14 14:04:21 cf8a52ee29bd pakala.sm[21] INFO Analysis finished with 0 outcomes (0 interesting, 2 unfinished), coverage is 4%
2026-04-14 14:04:21 cf8a52ee29bd pakala.sm[21] INFO Interpreter errors encountered: [("InterpreterError('Unknown opcode 0x5f')", 2)]
Analyzing contract at 0xDEADBEEF00000000000000000000000000000000 with balance 1.337000 ether.
Starting symbolic execution step...
Symbolic execution finished with coverage 4%.
Outcomes: 0 interesting. 0 total and 2 unfinished paths.

Starting analysis step...
Nothing to report.
