
====================================================================================================
[94m[ ] Check if contract is SUICIDAL[0m

[ ] Contract address   : 0xaFFECAFEAFfECaFEaFFecAfEAFfecAfEAffEcaFE
[ ] Contract bytecode  : 608060405234801561000f575f5ffd5b506100407fa4980720...
[ ] Bytecode length    : 6632
[ ] Blockchain contract: False
[ ] Debug              : False

[ ][1m Search with call depth: 1   : [0mUnknown operation  at pos 8
Unknown operation  at pos 12

[ ][1m Search with call depth: 2   : [0mUnknown operation  at pos 8
Unknown operation  at pos 12

[ ][1m Search with call depth: 3   : [0mUnknown operation  at pos 8
Unknown operation  at pos 12

[92m[-] No suicidal vulnerability found [0m

====================================================================================================
[94m[ ] Check if contract is PRODIGAL[0m

[ ] Contract address   : 0xaFFECAFEAFfECaFEaFFecAfEAFfecAfEAffEcaFE
[ ] Contract bytecode  : 608060405234801561000f575f5ffd5b506100407fa4980720...
[ ] Bytecode length    : 6632
[ ] Blockchain contract: False
[ ] Debug              : False

[ ][1m Search with call depth: 1   : [0mUnknown operation  at pos 12

[ ][1m Search with call depth: 2   : [0mUnknown operation  at pos 12

[ ][1m Search with call depth: 3   : [0mUnknown operation  at pos 12

[92m[+] No prodigal vulnerability found [0m

====================================================================================================
[94m[ ] Check if contract is GREEDY[0m

[ ] Contract address   : 0xaFFECAFEAFfECaFEaFFecAfEAFfecAfEAffEcaFE
[ ] Contract bytecode  : 608060405234801561000f575f5ffd5b506100407fa4980720...
[ ] Bytecode length    : 6632
[ ] Debug              : False
Unknown operation  at pos 8
[91m[-][0m [1mContract can receive Ether[0m

[92m[-] No lock vulnerability found because the contract cannot receive Ether [0m
