INFO:CryticCompile:'solc --version' running
INFO:CryticCompile:'solc /sb/re_inherit.sol --combined-json abi,ast,bin,bin-runtime,srcmap,srcmap-runtime,userdoc,devdoc,hashes --allow-paths .,/sb' running
INFO:root:contract sb/re_inherit.sol:Derived:
INFO:symExec:	============ Results ===========
INFO:symExec:	  EVM Code Coverage: 			 88.2%
INFO:symExec:	  Integer Underflow: 			 True
INFO:symExec:	  Integer Overflow: 			 False
INFO:symExec:	  Parity Multisig Bug 2: 		 False
INFO:symExec:	  Callstack Depth Attack Vulnerability:  False
INFO:symExec:	  Transaction-Ordering Dependence (TOD): False
INFO:symExec:	  Timestamp Dependency: 		 False
INFO:symExec:	  Re-Entrancy Vulnerability: 		 False
INFO:symExec:/sb/re_inherit.sol:17:5: Warning: Integer Underflow.

/sb/re_inherit.sol:6:5: Warning: Integer Underflow.

INFO:symExec:	====== Analysis Completed ======
INFO:root:contract sb/re_inherit.sol:Parent:
INFO:symExec:	============ Results ===========
INFO:symExec:	  EVM Code Coverage: 			 82.3%
INFO:symExec:	  Integer Underflow: 			 True
INFO:symExec:	  Integer Overflow: 			 False
INFO:symExec:	  Parity Multisig Bug 2: 		 False
INFO:symExec:	  Callstack Depth Attack Vulnerability:  False
INFO:symExec:	  Transaction-Ordering Dependence (TOD): False
INFO:symExec:	  Timestamp Dependency: 		 False
INFO:symExec:	  Re-Entrancy Vulnerability: 		 False
INFO:symExec:/sb/re_inherit.sol:6:5: Warning: Integer Underflow.

INFO:symExec:	====== Analysis Completed ======
