Solidity version 0.8.31 detected, skipping SOLC_BIN export
[2026-04-14 12:55:41.620717] MANDO Initializing
Setting the default backend to "pytorch". You can change it in the ~/.dgl/config.json file or export the DGLBACKEND environment variable.  Valid options are: pytorch, mxnet, tensorflow (all lowercase)
[2026-04-14 12:56:22.890405] INFO: __main__: Setting execution timeout to 0 seconds
[2026-04-14 12:56:22.890607] INFO: __main__: Analyzing only for bug types: ['access_control', 'arithmetic', 'denial_of_service', 'front_running', 'reentrancy', 'time_manipulation', 'unchecked_low_level_calls']
[2026-04-14 12:59:39.498468] INFO: __main__: Number of buggy nodes: 10
[2026-04-14 12:59:39.498900] INFO: __main__: Number of clean nodes: 1
[2026-04-14 13:02:21.794183] INFO: __main__: Number of buggy nodes: 0
[2026-04-14 13:02:21.794376] INFO: __main__: Number of clean nodes: 11
[2026-04-14 13:05:15.753335] INFO: __main__: Number of buggy nodes: 6
[2026-04-14 13:05:15.753447] INFO: __main__: Number of clean nodes: 5
[2026-04-14 13:07:57.290282] INFO: __main__: Number of buggy nodes: 0
[2026-04-14 13:07:57.290419] INFO: __main__: Number of clean nodes: 11
[2026-04-14 13:10:43.586718] INFO: __main__: Number of buggy nodes: 8
[2026-04-14 13:10:43.586869] INFO: __main__: Number of clean nodes: 3
[2026-04-14 13:13:20.093548] INFO: __main__: Number of buggy nodes: 0
[2026-04-14 13:13:20.093660] INFO: __main__: Number of clean nodes: 11
[2026-04-14 13:16:20.753833] INFO: __main__: Number of buggy nodes: 0
[2026-04-14 13:16:20.753957] INFO: __main__: Number of clean nodes: 11
Result: {"summaries": [{"type": "access_control", "graph_runtime": 107907, "node_runtime": 87466, "number_of_bug_node": 10, "vulnerability": 1, "number_of_normal_node": 1, "results": [{"id": 1, "code_lines": [8], "vulnerability": 1}, {"id": 4, "code_lines": [12], "vulnerability": 1}, {"id": 8, "code_lines": [17], "vulnerability": 1}, {"id": 9, "code_lines": [18], "vulnerability": 1}]}, {"type": "arithmetic", "vulnerability": 0}, {"type": "denial_of_service", "graph_runtime": 94248, "node_runtime": 79078, "number_of_bug_node": 6, "vulnerability": 1, "number_of_normal_node": 5, "results": []}, {"type": "front_running", "vulnerability": 0}, {"type": "reentrancy", "graph_runtime": 86419, "node_runtime": 77961, "number_of_bug_node": 8, "vulnerability": 1, "number_of_normal_node": 3, "results": [{"id": 1, "code_lines": [8], "vulnerability": 1}, {"id": 4, "code_lines": [12], "vulnerability": 1}, {"id": 7, "code_lines": [16], "vulnerability": 1}, {"id": 8, "code_lines": [17], "vulnerability": 1}, {"id": 9, "code_lines": [18], "vulnerability": 1}]}, {"type": "time_manipulation", "vulnerability": 0}, {"type": "unchecked_low_level_calls", "vulnerability": 0}], "messages": "OK"}
[2026-04-14 13:16:20.755848] INFO: __main__: [2026-04-14 13:16:20.755817] Results written to output.json
DGL backend not selected or invalid.  Assuming PyTorch for now.
Using backend: pytorch
