python3 maian.py -c 0 -s /sb/wrong_constructor.sol /sb/wrong_constructor.sol:8:14:
python3 maian.py -c 1 -s /sb/wrong_constructor.sol /sb/wrong_constructor.sol:8:14:
python3 maian.py -c 2 -s /sb/wrong_constructor.sol /sb/wrong_constructor.sol:8:14:
python3 maian.py -c 0 -s /sb/wrong_constructor.sol ParserError:
python3 maian.py -c 1 -s /sb/wrong_constructor.sol ParserError:
python3 maian.py -c 2 -s /sb/wrong_constructor.sol ParserError:
python3 maian.py -c 0 -s /sb/wrong_constructor.sol Expected
python3 maian.py -c 1 -s /sb/wrong_constructor.sol Expected
python3 maian.py -c 2 -s /sb/wrong_constructor.sol Expected
python3 maian.py -c 0 -s /sb/wrong_constructor.sol identifier
python3 maian.py -c 1 -s /sb/wrong_constructor.sol identifier
python3 maian.py -c 2 -s /sb/wrong_constructor.sol identifier
python3 maian.py -c 0 -s /sb/wrong_constructor.sol but
python3 maian.py -c 1 -s /sb/wrong_constructor.sol but
python3 maian.py -c 2 -s /sb/wrong_constructor.sol but
python3 maian.py -c 0 -s /sb/wrong_constructor.sol got
python3 maian.py -c 1 -s /sb/wrong_constructor.sol got
python3 maian.py -c 2 -s /sb/wrong_constructor.sol got
python3 maian.py -c 0 -s /sb/wrong_constructor.sol '('
python3 maian.py -c 1 -s /sb/wrong_constructor.sol '('
python3 maian.py -c 2 -s /sb/wrong_constructor.sol '('
python3 maian.py -c 0 -s /sb/wrong_constructor.sol MyContrac(address
python3 maian.py -c 1 -s /sb/wrong_constructor.sol MyContrac(address
python3 maian.py -c 2 -s /sb/wrong_constructor.sol MyContrac(address
python3 maian.py -c 0 -s /sb/wrong_constructor.sol _owner)
python3 maian.py -c 1 -s /sb/wrong_constructor.sol _owner)
python3 maian.py -c 2 -s /sb/wrong_constructor.sol _owner)
python3 maian.py -c 0 -s /sb/wrong_constructor.sol public
python3 maian.py -c 1 -s /sb/wrong_constructor.sol public
python3 maian.py -c 2 -s /sb/wrong_constructor.sol public
python3 maian.py -c 0 -s /sb/wrong_constructor.sol {
python3 maian.py -c 1 -s /sb/wrong_constructor.sol {
python3 maian.py -c 2 -s /sb/wrong_constructor.sol {
python3 maian.py -c 0 -s /sb/wrong_constructor.sol //
python3 maian.py -c 1 -s /sb/wrong_constructor.sol //
python3 maian.py -c 2 -s /sb/wrong_constructor.sol //
python3 maian.py -c 0 -s /sb/wrong_constructor.sol typo
python3 maian.py -c 1 -s /sb/wrong_constructor.sol typo
python3 maian.py -c 2 -s /sb/wrong_constructor.sol typo
python3 maian.py -c 0 -s /sb/wrong_constructor.sol in
python3 maian.py -c 1 -s /sb/wrong_constructor.sol in
python3 maian.py -c 2 -s /sb/wrong_constructor.sol in
python3 maian.py -c 0 -s /sb/wrong_constructor.sol the
python3 maian.py -c 1 -s /sb/wrong_constructor.sol the
python3 maian.py -c 2 -s /sb/wrong_constructor.sol the
python3 maian.py -c 0 -s /sb/wrong_constructor.sol constructor
python3 maian.py -c 1 -s /sb/wrong_constructor.sol constructor
python3 maian.py -c 2 -s /sb/wrong_constructor.sol constructor
python3 maian.py -c 0 -s /sb/wrong_constructor.sol name
python3 maian.py -c 1 -s /sb/wrong_constructor.sol name
python3 maian.py -c 2 -s /sb/wrong_constructor.sol name
python3 maian.py -c 0 -s /sb/wrong_constructor.sol ^
python3 maian.py -c 1 -s /sb/wrong_constructor.sol ^
python3 maian.py -c 2 -s /sb/wrong_constructor.sol ^
