INFO [04-14|14:28:13.415] Starting Geth in ephemeral dev mode... 
INFO [04-14|14:28:13.417] Maximum peer count                       ETH=50 LES=0 total=50
INFO [04-14|14:28:13.417] Smartcard socket not found, disabling    err="stat /run/pcscd/pcscd.comm: no such file or directory"
INFO [04-14|14:28:13.418] Set global gas cap                       cap=50,000,000
INFO [04-14|14:28:13.569] Using developer account                  address=0xC87c0249119E01A0374053103B618380f8FA4d85
INFO [04-14|14:28:13.569] Allocated trie memory caches             clean=154.00MiB dirty=256.00MiB
INFO [04-14|14:28:13.569] Writing custom genesis block 
INFO [04-14|14:28:13.570] Persisted trie from memory database      nodes=12 size=1.82KiB time="34.607µs" gcnodes=0 gcsize=0.00B gctime=0s livenodes=1 livesize=0.00B
INFO [04-14|14:28:13.570] Initialised chain configuration          config="{ChainID: 1337 Homestead: 0 DAO: <nil> DAOSupport: false EIP150: 0 EIP155: 0 EIP158: 0 Byzantium: 0 Constantinople: 0 Petersburg: 0 Istanbul: 0, Muir Glacier: 0, Berlin: 0, London: 0, Arrow Glacier: <nil>, MergeFork: <nil>, Engine: clique}"
INFO [04-14|14:28:13.570] Initialising Ethereum protocol           network=1337 dbversion=<nil>
INFO [04-14|14:28:13.570] Loaded most recent local header          number=0 hash=1ece7f..e98998 td=1 age=57y1mo1w
INFO [04-14|14:28:13.570] Loaded most recent local full block      number=0 hash=1ece7f..e98998 td=1 age=57y1mo1w
INFO [04-14|14:28:13.570] Loaded most recent local fast block      number=0 hash=1ece7f..e98998 td=1 age=57y1mo1w
WARN [04-14|14:28:13.570] Failed to load snapshot, regenerating    err="missing or corrupted snapshot"
INFO [04-14|14:28:13.570] Rebuilding state snapshot 
INFO [04-14|14:28:13.571] Resuming state snapshot generation       root=dd7021..f8f2a1 accounts=0 slots=0 storage=0.00B elapsed="241.149µs"
INFO [04-14|14:28:13.571] Gasprice oracle is ignoring threshold set threshold=2
WARN [04-14|14:28:13.571] Error reading unclean shutdown markers   error="not found"
INFO [04-14|14:28:13.571] Starting peer-to-peer node               instance=Geth/v1.10.14-stable-11a3a350/linux-amd64/go1.17.5
WARN [04-14|14:28:13.571] P2P server will be useless, neither dialing nor listening 
INFO [04-14|14:28:13.571] Stored checkpoint snapshot to disk       number=0 hash=1ece7f..e98998
INFO [04-14|14:28:13.571] Generated state snapshot                 accounts=10 slots=0 storage=412.00B elapsed="560.914µs"
INFO [04-14|14:28:13.573] IPC endpoint opened                      url=/tmp/geth.ipc
INFO [04-14|14:28:13.573] HTTP server started                      endpoint=127.0.0.1:8545 prefix= cors= vhosts=localhost
INFO [04-14|14:28:13.573] New local node record                    seq=1,776,176,893,573 id=77466241f96edb35 ip=127.0.0.1 udp=0 tcp=0
INFO [04-14|14:28:13.573] Transaction pool price threshold updated price=1,000,000,000
INFO [04-14|14:28:13.573] Updated mining threads                   threads=0
INFO [04-14|14:28:13.573] Transaction pool price threshold updated price=1
INFO [04-14|14:28:13.573] Etherbase automatically configured       address=0xC87c0249119E01A0374053103B618380f8FA4d85
INFO [04-14|14:28:13.574] Commit new mining work                   number=1 sealhash=d030f6..383ac8 uncles=0 txs=0 gas=0 fees=0 elapsed="42.509µs"
INFO [04-14|14:28:13.573] Started P2P networking                   self=enode://f5997706c43519e6f70a71026736265f4c050fba6a0dcffee60b0bbb5f50a3b456a399df506641b2283ffb3ae177ba492971b2511b8edf06544b8c254826c439@127.0.0.1:0
WARN [04-14|14:28:13.574] Block sealing failed                     err="sealing paused while waiting for transactions"
WARN [04-14|14:28:13.574] Failed to get free disk space            path= err="failed to call Statfs: no such file or directory"
2026-04-14 14:28:16 b1fe3a57596b pakala.sm[23] INFO Analysis finished with 0 outcomes (0 interesting, 2 unfinished), coverage is 5%
2026-04-14 14:28:16 b1fe3a57596b pakala.sm[23] INFO Interpreter errors encountered: [("InterpreterError('Unknown opcode 0x5f')", 2)]
Analyzing contract at 0xDEADBEEF00000000000000000000000000000000 with balance 1.337000 ether.
Starting symbolic execution step...
Symbolic execution finished with coverage 5%.
Outcomes: 0 interesting. 0 total and 2 unfinished paths.

Starting analysis step...
Nothing to report.
