2026-04-14 12:33:22,919 - Main     - INFO - [1mInitializing seed to 1427655.0[0m
2026-04-14 12:33:22,938 - Fuzzer   - INFO - [1mFuzzing contract [1mExample[0m[0m
2026-04-14 12:33:22,961 - Analysis - INFO - [1mGeneration number 0 	 Code coverage: 69.88% (58/83) 	 Branch coverage: 75.00% (6/8) 	 Transactions: 5 (4 unique)   	 Time: 0.018847942352294922[0m
2026-04-14 12:33:22,972 - Analysis - INFO - [1mGeneration number 1 	 Code coverage: 69.88% (58/83) 	 Branch coverage: 75.00% (6/8) 	 Transactions: 8 (4 unique)   	 Time: 0.02906656265258789[0m
2026-04-14 12:33:22,993 - Analysis - INFO - [1mGeneration number 2 	 Code coverage: 69.88% (58/83) 	 Branch coverage: 75.00% (6/8) 	 Transactions: 11 (5 unique)   	 Time: 0.050783395767211914[0m
2026-04-14 12:33:23,025 - Analysis - INFO - [1mGeneration number 3 	 Code coverage: 69.88% (58/83) 	 Branch coverage: 87.50% (7/8) 	 Transactions: 15 (6 unique)   	 Time: 0.08201384544372559[0m
2026-04-14 12:33:23,036 - Analysis - INFO - [1mGeneration number 4 	 Code coverage: 69.88% (58/83) 	 Branch coverage: 100.00% (8/8) 	 Transactions: 19 (8 unique)   	 Time: 0.09390926361083984[0m
2026-04-14 12:33:23,047 - Analysis - INFO - [1mGeneration number 5 	 Code coverage: 69.88% (58/83) 	 Branch coverage: 100.00% (8/8) 	 Transactions: 22 (8 unique)   	 Time: 0.10442161560058594[0m
2026-04-14 12:33:23,058 - Analysis - INFO - [1mGeneration number 6 	 Code coverage: 69.88% (58/83) 	 Branch coverage: 100.00% (8/8) 	 Transactions: 26 (8 unique)   	 Time: 0.1158304214477539[0m
2026-04-14 12:33:23,067 - Analysis - INFO - [1mGeneration number 7 	 Code coverage: 69.88% (58/83) 	 Branch coverage: 100.00% (8/8) 	 Transactions: 29 (8 unique)   	 Time: 0.12449836730957031[0m
2026-04-14 12:33:23,074 - Analysis - INFO - [1mGeneration number 8 	 Code coverage: 69.88% (58/83) 	 Branch coverage: 100.00% (8/8) 	 Transactions: 31 (8 unique)   	 Time: 0.13142037391662598[0m
2026-04-14 12:33:23,089 - Analysis - INFO - [1mGeneration number 9 	 Code coverage: 81.93% (68/83) 	 Branch coverage: 112.50% (9/8) 	 Transactions: 35 (9 unique)   	 Time: 0.1462392807006836[0m
2026-04-14 12:33:23,126 - Analysis - INFO - [1mGeneration number 10 	 Code coverage: 81.93% (68/83) 	 Branch coverage: 125.00% (10/8) 	 Transactions: 43 (11 unique)   	 Time: 0.183213472366333[0m
2026-04-14 12:33:23,126 - Analysis - INFO - [1m-----------------------------------------------------[0m
2026-04-14 12:33:23,126 - Analysis - INFO - Number of generations: 	 10
2026-04-14 12:33:23,126 - Analysis - INFO - Number of transactions: 	 43 (11 unique)
2026-04-14 12:33:23,126 - Analysis - INFO - Transactions per second: 	 234
2026-04-14 12:33:23,126 - Analysis - INFO - Total code coverage: 	 81.93% (68/83)
2026-04-14 12:33:23,127 - Analysis - INFO - Total branch coverage: 	 125.00% (10/8)
2026-04-14 12:33:23,127 - Analysis - INFO - Total execution time: 	 0.18 seconds
2026-04-14 12:33:23,127 - Analysis - INFO - Total memory consumption: 	 63.11 MB

     ______            ______                _           
    / ____/___  ____  / ____/_  __________  (_)_  _______
   / /   / __ \/ __ \/ /_  / / / /_  /_  / / / / / / ___/
  / /___/ /_/ / / / / __/ / /_/ / / /_/ /_/ / /_/ (__  ) 
  \____/\____/_/ /_/_/    \__,_/ /___/___/_/\__,_/____/  

delteed file
