2026-04-14 14:13:42,760 main ERROR Could not determine local host name java.net.UnknownHostException: 35b9662f3a68: 35b9662f3a68: Temporary failure in name resolution
	at java.net.InetAddress.getLocalHost(InetAddress.java:1423)
	at org.apache.logging.log4j.core.util.NetUtils.getLocalHostname(NetUtils.java:53)
	at org.apache.logging.log4j.core.LoggerContext.setConfiguration(LoggerContext.java:524)
	at org.apache.logging.log4j.core.LoggerContext.reconfigure(LoggerContext.java:603)
	at org.apache.logging.log4j.core.LoggerContext.reconfigure(LoggerContext.java:620)
	at org.apache.logging.log4j.core.LoggerContext.start(LoggerContext.java:226)
	at org.apache.logging.log4j.core.impl.Log4jContextFactory.getContext(Log4jContextFactory.java:152)
	at org.apache.logging.log4j.core.impl.Log4jContextFactory.getContext(Log4jContextFactory.java:45)
	at org.apache.logging.log4j.LogManager.getContext(LogManager.java:194)
	at org.apache.logging.log4j.LogManager.getLogger(LogManager.java:551)
	at wien.secpriv.ethor.EvmHorstCompiler.<clinit>(EvmHorstCompiler.java:66)
Caused by: java.net.UnknownHostException: 35b9662f3a68: Temporary failure in name resolution
	at java.net.Inet6AddressImpl.lookupAllHostAddr(Native Method)
	at java.net.InetAddress$2.lookupAllHostAddr(InetAddress.java:866)
	at java.net.InetAddress.getAddressesFromNameService(InetAddress.java:1293)
	at java.net.InetAddress$NameServiceAddresses.get(InetAddress.java:815)
	at java.net.InetAddress.getAllByName0(InetAddress.java:1282)
	at java.net.InetAddress.getLocalHost(InetAddress.java:1418)
	... 10 more

14:13:42.960 [main] WARN  wien.secpriv.ethor.ContractLexer - No meta data found! Maybe contract has a malformed suffix!
14:13:42.965 [main] WARN  wien.secpriv.ethor.ContractLexer - Integer 95 does not correspond to opcode!
14:13:42.965 [main] WARN  wien.secpriv.ethor.ContractLexer - Encountered an unknown bytecode, skipping the subsequent after the byte...12
/sb/Example.hex secure
