INFO [04-14|14:14:57.985] Starting Geth in ephemeral dev mode... 
INFO [04-14|14:14:57.987] Maximum peer count                       ETH=50 LES=0 total=50
INFO [04-14|14:14:57.987] Smartcard socket not found, disabling    err="stat /run/pcscd/pcscd.comm: no such file or directory"
INFO [04-14|14:14:57.988] Set global gas cap                       cap=50,000,000
INFO [04-14|14:14:58.146] Using developer account                  address=0x66EB3F8b0D887D30FDf85AcbB8Cd5823C2604D1e
INFO [04-14|14:14:58.146] Allocated trie memory caches             clean=154.00MiB dirty=256.00MiB
INFO [04-14|14:14:58.146] Writing custom genesis block 
INFO [04-14|14:14:58.147] Persisted trie from memory database      nodes=13 size=1.90KiB time="49.108µs" gcnodes=0 gcsize=0.00B gctime=0s livenodes=1 livesize=0.00B
INFO [04-14|14:14:58.147] Initialised chain configuration          config="{ChainID: 1337 Homestead: 0 DAO: <nil> DAOSupport: false EIP150: 0 EIP155: 0 EIP158: 0 Byzantium: 0 Constantinople: 0 Petersburg: 0 Istanbul: 0, Muir Glacier: 0, Berlin: 0, London: 0, Arrow Glacier: <nil>, MergeFork: <nil>, Engine: clique}"
INFO [04-14|14:14:58.147] Initialising Ethereum protocol           network=1337 dbversion=<nil>
INFO [04-14|14:14:58.147] Loaded most recent local header          number=0 hash=a6072d..f58717 td=1 age=57y1mo1w
INFO [04-14|14:14:58.147] Loaded most recent local full block      number=0 hash=a6072d..f58717 td=1 age=57y1mo1w
INFO [04-14|14:14:58.147] Loaded most recent local fast block      number=0 hash=a6072d..f58717 td=1 age=57y1mo1w
WARN [04-14|14:14:58.147] Failed to load snapshot, regenerating    err="missing or corrupted snapshot"
INFO [04-14|14:14:58.147] Rebuilding state snapshot 
INFO [04-14|14:14:58.148] Resuming state snapshot generation       root=fc593a..f4fa73 accounts=0 slots=0 storage=0.00B elapsed="211.031µs"
INFO [04-14|14:14:58.148] Gasprice oracle is ignoring threshold set threshold=2
WARN [04-14|14:14:58.148] Error reading unclean shutdown markers   error="not found"
INFO [04-14|14:14:58.148] Stored checkpoint snapshot to disk       number=0 hash=a6072d..f58717
INFO [04-14|14:14:58.148] Generated state snapshot                 accounts=10 slots=0 storage=412.00B elapsed="554.082µs"
INFO [04-14|14:14:58.148] Starting peer-to-peer node               instance=Geth/v1.10.14-stable-11a3a350/linux-amd64/go1.17.5
WARN [04-14|14:14:58.148] P2P server will be useless, neither dialing nor listening 
INFO [04-14|14:14:58.150] IPC endpoint opened                      url=/tmp/geth.ipc
INFO [04-14|14:14:58.150] HTTP server started                      endpoint=127.0.0.1:8545 prefix= cors= vhosts=localhost
INFO [04-14|14:14:58.150] New local node record                    seq=1,776,176,098,150 id=ff7979c0ffe92dab ip=127.0.0.1 udp=0 tcp=0
INFO [04-14|14:14:58.150] Started P2P networking                   self=enode://44c0de9e4784504b80158237ab6fbb4233c78c74c66a1129d25ea73ebfd1906c67016a8fd5d5dfb1f11e5c4d83ab6659fe7287eab5f97012179138f27d8c52ac@127.0.0.1:0
INFO [04-14|14:14:58.150] Transaction pool price threshold updated price=1,000,000,000
INFO [04-14|14:14:58.150] Updated mining threads                   threads=0
INFO [04-14|14:14:58.150] Transaction pool price threshold updated price=1
INFO [04-14|14:14:58.150] Etherbase automatically configured       address=0x66EB3F8b0D887D30FDf85AcbB8Cd5823C2604D1e
INFO [04-14|14:14:58.150] Commit new mining work                   number=1 sealhash=4b34ab..43d39c uncles=0 txs=0 gas=0 fees=0 elapsed="55.908µs"
WARN [04-14|14:14:58.151] Block sealing failed                     err="sealing paused while waiting for transactions"
WARN [04-14|14:14:58.151] Failed to get free disk space            path= err="failed to call Statfs: no such file or directory"
2026-04-14 14:15:00 057fd16dde45 pakala.sm[21] INFO Analysis finished with 0 outcomes (0 interesting, 2 unfinished), coverage is 2%
2026-04-14 14:15:00 057fd16dde45 pakala.sm[21] INFO Interpreter errors encountered: [("InterpreterError('Unknown opcode 0x5f')", 2)]
Analyzing contract at 0xDEADBEEF00000000000000000000000000000000 with balance 1.337000 ether.
Starting symbolic execution step...
Symbolic execution finished with coverage 2%.
Outcomes: 0 interesting. 0 total and 2 unfinished paths.

Starting analysis step...
Nothing to report.
