INFO [04-14|14:13:51.279] Starting Geth in ephemeral dev mode... 
INFO [04-14|14:13:51.281] Maximum peer count                       ETH=50 LES=0 total=50
INFO [04-14|14:13:51.281] Smartcard socket not found, disabling    err="stat /run/pcscd/pcscd.comm: no such file or directory"
INFO [04-14|14:13:51.282] Set global gas cap                       cap=50,000,000
INFO [04-14|14:13:51.426] Using developer account                  address=0x16914B8909e56eAA36F185f4993442c0BaE54AE6
INFO [04-14|14:13:51.426] Allocated trie memory caches             clean=154.00MiB dirty=256.00MiB
INFO [04-14|14:13:51.426] Writing custom genesis block 
INFO [04-14|14:13:51.427] Persisted trie from memory database      nodes=12 size=1.82KiB time="27.406µs" gcnodes=0 gcsize=0.00B gctime=0s livenodes=1 livesize=0.00B
INFO [04-14|14:13:51.427] Initialised chain configuration          config="{ChainID: 1337 Homestead: 0 DAO: <nil> DAOSupport: false EIP150: 0 EIP155: 0 EIP158: 0 Byzantium: 0 Constantinople: 0 Petersburg: 0 Istanbul: 0, Muir Glacier: 0, Berlin: 0, London: 0, Arrow Glacier: <nil>, MergeFork: <nil>, Engine: clique}"
INFO [04-14|14:13:51.427] Initialising Ethereum protocol           network=1337 dbversion=<nil>
INFO [04-14|14:13:51.427] Loaded most recent local header          number=0 hash=6b0091..a00089 td=1 age=57y1mo1w
INFO [04-14|14:13:51.427] Loaded most recent local full block      number=0 hash=6b0091..a00089 td=1 age=57y1mo1w
INFO [04-14|14:13:51.427] Loaded most recent local fast block      number=0 hash=6b0091..a00089 td=1 age=57y1mo1w
WARN [04-14|14:13:51.427] Failed to load snapshot, regenerating    err="missing or corrupted snapshot"
INFO [04-14|14:13:51.427] Rebuilding state snapshot 
INFO [04-14|14:13:51.428] Resuming state snapshot generation       root=c2dea3..66cc1d accounts=0 slots=0 storage=0.00B elapsed="245.55µs"
INFO [04-14|14:13:51.428] Gasprice oracle is ignoring threshold set threshold=2
WARN [04-14|14:13:51.428] Error reading unclean shutdown markers   error="not found"
INFO [04-14|14:13:51.428] Starting peer-to-peer node               instance=Geth/v1.10.14-stable-11a3a350/linux-amd64/go1.17.5
WARN [04-14|14:13:51.428] P2P server will be useless, neither dialing nor listening 
INFO [04-14|14:13:51.428] Generated state snapshot                 accounts=10 slots=0 storage=412.00B elapsed="655.134µs"
INFO [04-14|14:13:51.428] Stored checkpoint snapshot to disk       number=0 hash=6b0091..a00089
INFO [04-14|14:13:51.430] IPC endpoint opened                      url=/tmp/geth.ipc
INFO [04-14|14:13:51.430] HTTP server started                      endpoint=127.0.0.1:8545 prefix= cors= vhosts=localhost
INFO [04-14|14:13:51.430] New local node record                    seq=1,776,176,031,430 id=d2952d2eab7df60b ip=127.0.0.1 udp=0 tcp=0
INFO [04-14|14:13:51.430] Transaction pool price threshold updated price=1,000,000,000
INFO [04-14|14:13:51.430] Updated mining threads                   threads=0
INFO [04-14|14:13:51.430] Transaction pool price threshold updated price=1
INFO [04-14|14:13:51.430] Etherbase automatically configured       address=0x16914B8909e56eAA36F185f4993442c0BaE54AE6
INFO [04-14|14:13:51.430] Commit new mining work                   number=1 sealhash=bf7db2..02469a uncles=0 txs=0 gas=0 fees=0 elapsed="42.409µs"
WARN [04-14|14:13:51.430] Block sealing failed                     err="sealing paused while waiting for transactions"
WARN [04-14|14:13:51.430] Failed to get free disk space            path= err="failed to call Statfs: no such file or directory"
INFO [04-14|14:13:51.430] Started P2P networking                   self=enode://78da88c3d498e2168e800717cf09645072146061a7515fa3fbf6745a99c1467098269f1b62689e5a0b77029701e7b40f4d3a5e7f18112c1bcf44bbecfdb21359@127.0.0.1:0
Runtime bytecode read from stdin needs to be hexadecimal.
