/sb/tx_as_sender.sol:2:1: Compiler version ^0.8.0 does not satisfy the ^0.8.24 semver requirement [Error/compiler-version]
/sb/tx_as_sender.sol:4:1: Missing @title tag in contract 'Example' [Warning/use-natspec]
/sb/tx_as_sender.sol:4:1: Missing @author tag in contract 'Example' [Warning/use-natspec]
/sb/tx_as_sender.sol:4:1: Missing @notice tag in contract 'Example' [Warning/use-natspec]
/sb/tx_as_sender.sol:5:5: Missing @notice tag in variable 'balances' [Warning/use-natspec]
/sb/tx_as_sender.sol:7:5: Missing @notice tag in function '<anonymous>' [Warning/use-natspec]
/sb/tx_as_sender.sol:7:5: Missing @param tag in function '<anonymous>' [Warning/use-natspec]
/sb/tx_as_sender.sol:7:5: Mismatch in @param names for function '<anonymous>'. Expected: [initialSupply], Found: [] [Warning/use-natspec]
/sb/tx_as_sender.sol:7:5: Explicitly mark visibility in function (Set ignoreConstructors to true if using solidity >=0.7.0) [Warning/func-visibility]
/sb/tx_as_sender.sol:7:17: Rule is set with explicit type [var/s: uint] [Warning/explicit-types]
/sb/tx_as_sender.sol:11:5: Missing @notice tag in function 'transferTo' [Warning/use-natspec]
/sb/tx_as_sender.sol:11:5: Missing @param tag in function 'transferTo' [Warning/use-natspec]
/sb/tx_as_sender.sol:11:5: Mismatch in @param names for function 'transferTo'. Expected: [to, amount], Found: [] [Warning/use-natspec]
/sb/tx_as_sender.sol:12:19: Avoid to use tx.origin [Warning/avoid-tx-origin]
/sb/tx_as_sender.sol:15:5: Missing @notice tag in function '_transfer' [Warning/use-natspec]
/sb/tx_as_sender.sol:15:5: Missing @param tag in function '_transfer' [Warning/use-natspec]
/sb/tx_as_sender.sol:15:5: Mismatch in @param names for function '_transfer'. Expected: [from, to, amount], Found: [] [Warning/use-natspec]
/sb/tx_as_sender.sol:16:9: GC: Use Custom Errors instead of require statements [Warning/gas-custom-errors]
/sb/tx_as_sender.sol:16:17: GC: Non strict inequality found. Try converting to a strict one [Warning/gas-strict-inequalities]

19 problem/s (1 error/s, 18 warning/s)
