Directories in use:
home:         /var/lib/neo4j
config:       /etc/neo4j
logs:         /var/log/neo4j
plugins:      /var/lib/neo4j/plugins
import:       /var/lib/neo4j/import
data:         /var/lib/neo4j/data
certificates: /var/lib/neo4j/certificates
licenses:     /var/lib/neo4j/licenses
run:          /var/lib/neo4j/run
Starting Neo4j.
Started neo4j (pid:45). It is available at http://localhost:7474
There may be a short delay until the server is ready.
/sb/variable_visibility.sol
12:12:38.024 [ForkJoinPool.commonPool-worker-1] ERROR de.fraunhofer.aisec.cpg.frontends.Handler - /sb/variable_visibility.sol:2:1: Parsing of type class SolidityParser$PragmaDirectiveContext is not supported (yet)
12:12:38.318 [ForkJoinPool.commonPool-worker-1] ERROR de.fraunhofer.aisec.cpg.passes.Pass - /sb/variable_visibility.sol:10:32: Could not resolve callee of unsupported type class de.fraunhofer.aisec.cpg.frontends.solidity.nodes.SpecifiedExpression
Running checks
AccessControlSelfdestructCheck took 1853 ms
CallReturnCheck took 1272 ms
AccessControlLogicCheck took 1733 ms
ReentrancyCheck took 3827 ms
DefaultProxyDelegateCheck took 1010 ms
TXOriginCheck took 467 ms
TimeManipulationCheck took 604 ms
LocalWriteToStorageCheck took 1365 ms
BadRandomnessCheck took 608 ms
OverUnderflowCheck took 4008 ms
DOSCheck took 1664 ms
AddressPaddingCheck took 3133 ms
FrontRunningCheck took 1437 ms
Nr. Files: 1
Graph translation: 1475 ms, Persisting graph: 17610 ms, AccessControlSelfdestructCheck: 1853 ms, CallReturnCheck: 1272 ms, AccessControlLogicCheck: 1733 ms, ReentrancyCheck: 3827 ms, DefaultProxyDelegateCheck: 1010 ms, TXOriginCheck: 467 ms, TimeManipulationCheck: 604 ms, LocalWriteToStorageCheck: 1365 ms, BadRandomnessCheck: 608 ms, OverUnderflowCheck: 4008 ms, DOSCheck: 1664 ms, AddressPaddingCheck: 3133 ms, FrontRunningCheck: 1437 ms, All checks: 23294 ms
