2026-04-14 12:31:03,940: [11] m.main:INFO: Registered plugins: IntrospectionAPIPlugin, <class 'manticore.ethereum.plugins.SkipRevertBasicBlocks'>, <class 'manticore.ethereum.plugins.FilterFunctions'>
2026-04-14 12:31:03,941: [11] m.main:INFO: Beginning analysis
2026-04-14 12:31:03,943: [11] m.e.manticore:INFO: Starting symbolic create contract
2026-04-14 12:31:03,987: [11] m.e.manticore:INFO: Failed to build contract ParserError: Errors : Invalid solc compilation Error: Source "@openzeppelin/contracts/access/AccessControl.sol" not found: File not found. Searched the following locations: "".
 --> sb/dos_gas.sol:7:1:
  |
7 | import "@openzeppelin/contracts/access/AccessControl.sol";
  | ^^^^^^^^^^^^^^^^^^^^^^^^^^^^^^^^^^^^^^^^^^^^^^^^^^^^^^^^^^


. Solidity failed to generate bytecode for your contract. Check if all the abstract functions are implemented. 
Process Process-1:
Traceback (most recent call last):
  File "/usr/lib/python3.7/multiprocessing/process.py", line 297, in _bootstrap
    self.run()
  File "/usr/lib/python3.7/multiprocessing/process.py", line 99, in run
    self._target(*self._args, **self._kwargs)
  File "/usr/local/lib/python3.7/dist-packages/manticore/ethereum/manticore.py", line 1766, in worker_finalize
    finalizer(q.get_nowait())
  File "/usr/local/lib/python3.7/dist-packages/manticore/ethereum/manticore.py", line 1757, in finalizer
    if only_alive_states and last_tx.result in {"REVERT", "THROW", "TXERROR"}:
AttributeError: 'NoneType' object has no attribute 'result'
2026-04-14 12:31:04,105: [11] m.c.manticore:INFO: Results in /mcore_znjl5iwp
2026-04-14 12:31:04,106: [11] m.c.manticore:WARNING: Manticore failed to run
2026-04-14 12:31:04,933: [36] m.main:INFO: Registered plugins: IntrospectionAPIPlugin, <class 'manticore.ethereum.plugins.SkipRevertBasicBlocks'>, <class 'manticore.ethereum.plugins.FilterFunctions'>
2026-04-14 12:31:04,934: [36] m.main:INFO: Beginning analysis
2026-04-14 12:31:04,936: [36] m.e.manticore:INFO: Starting symbolic create contract
2026-04-14 12:31:04,977: [36] m.e.manticore:INFO: Failed to build contract Source Errors : Invalid solc compilation Error: Source "@openzeppelin/contracts/access/AccessControl.sol" not found: File not found. Searched the following locations: "".
 --> sb/dos_gas.sol:7:1:
  |
7 | import "@openzeppelin/contracts/access/AccessControl.sol";
  | ^^^^^^^^^^^^^^^^^^^^^^^^^^^^^^^^^^^^^^^^^^^^^^^^^^^^^^^^^^


. Solidity failed to generate bytecode for your contract. Check if all the abstract functions are implemented. 
Process Process-1:
Traceback (most recent call last):
  File "/usr/lib/python3.7/multiprocessing/process.py", line 297, in _bootstrap
    self.run()
  File "/usr/lib/python3.7/multiprocessing/process.py", line 99, in run
    self._target(*self._args, **self._kwargs)
  File "/usr/local/lib/python3.7/dist-packages/manticore/ethereum/manticore.py", line 1766, in worker_finalize
    finalizer(q.get_nowait())
  File "/usr/local/lib/python3.7/dist-packages/manticore/ethereum/manticore.py", line 1757, in finalizer
    if only_alive_states and last_tx.result in {"REVERT", "THROW", "TXERROR"}:
AttributeError: 'NoneType' object has no attribute 'result'
2026-04-14 12:31:05,145: [36] m.c.manticore:INFO: Results in /mcore_fbl267r0
2026-04-14 12:31:05,145: [36] m.c.manticore:WARNING: Manticore failed to run
2026-04-14 12:31:05,786: [61] m.main:INFO: Registered plugins: IntrospectionAPIPlugin, <class 'manticore.ethereum.plugins.SkipRevertBasicBlocks'>, <class 'manticore.ethereum.plugins.FilterFunctions'>
2026-04-14 12:31:05,787: [61] m.main:INFO: Beginning analysis
2026-04-14 12:31:05,792: [61] m.e.manticore:INFO: Starting symbolic create contract
2026-04-14 12:31:05,809: [61] m.e.manticore:INFO: Failed to build contract "@openzeppelin/contracts/access/AccessControl.sol" Errors : Invalid solc compilation Error: Source "@openzeppelin/contracts/access/AccessControl.sol" not found: File not found. Searched the following locations: "".
 --> sb/dos_gas.sol:7:1:
  |
7 | import "@openzeppelin/contracts/access/AccessControl.sol";
  | ^^^^^^^^^^^^^^^^^^^^^^^^^^^^^^^^^^^^^^^^^^^^^^^^^^^^^^^^^^


. Solidity failed to generate bytecode for your contract. Check if all the abstract functions are implemented. 
Process Process-1:
Traceback (most recent call last):
  File "/usr/lib/python3.7/multiprocessing/process.py", line 297, in _bootstrap
    self.run()
  File "/usr/lib/python3.7/multiprocessing/process.py", line 99, in run
    self._target(*self._args, **self._kwargs)
  File "/usr/local/lib/python3.7/dist-packages/manticore/ethereum/manticore.py", line 1766, in worker_finalize
    finalizer(q.get_nowait())
  File "/usr/local/lib/python3.7/dist-packages/manticore/ethereum/manticore.py", line 1757, in finalizer
    if only_alive_states and last_tx.result in {"REVERT", "THROW", "TXERROR"}:
AttributeError: 'NoneType' object has no attribute 'result'
2026-04-14 12:31:05,905: [61] m.c.manticore:INFO: Results in /mcore_v909nqxg
2026-04-14 12:31:05,906: [61] m.c.manticore:WARNING: Manticore failed to run
2026-04-14 12:31:06,485: [86] m.main:INFO: Registered plugins: IntrospectionAPIPlugin, <class 'manticore.ethereum.plugins.SkipRevertBasicBlocks'>, <class 'manticore.ethereum.plugins.FilterFunctions'>
2026-04-14 12:31:06,486: [86] m.main:INFO: Beginning analysis
2026-04-14 12:31:06,487: [86] m.e.manticore:INFO: Starting symbolic create contract
2026-04-14 12:31:06,511: [86] m.e.manticore:INFO: Failed to build contract not Errors : Invalid solc compilation Error: Source "@openzeppelin/contracts/access/AccessControl.sol" not found: File not found. Searched the following locations: "".
 --> sb/dos_gas.sol:7:1:
  |
7 | import "@openzeppelin/contracts/access/AccessControl.sol";
  | ^^^^^^^^^^^^^^^^^^^^^^^^^^^^^^^^^^^^^^^^^^^^^^^^^^^^^^^^^^


. Solidity failed to generate bytecode for your contract. Check if all the abstract functions are implemented. 
Process Process-1:
Traceback (most recent call last):
  File "/usr/lib/python3.7/multiprocessing/process.py", line 297, in _bootstrap
    self.run()
  File "/usr/lib/python3.7/multiprocessing/process.py", line 99, in run
    self._target(*self._args, **self._kwargs)
  File "/usr/local/lib/python3.7/dist-packages/manticore/ethereum/manticore.py", line 1766, in worker_finalize
    finalizer(q.get_nowait())
  File "/usr/local/lib/python3.7/dist-packages/manticore/ethereum/manticore.py", line 1757, in finalizer
    if only_alive_states and last_tx.result in {"REVERT", "THROW", "TXERROR"}:
AttributeError: 'NoneType' object has no attribute 'result'
2026-04-14 12:31:06,631: [86] m.c.manticore:INFO: Results in /mcore_p8n5br60
2026-04-14 12:31:06,635: [86] m.c.manticore:WARNING: Manticore failed to run
2026-04-14 12:31:07,273: [111] m.main:INFO: Registered plugins: IntrospectionAPIPlugin, <class 'manticore.ethereum.plugins.SkipRevertBasicBlocks'>, <class 'manticore.ethereum.plugins.FilterFunctions'>
2026-04-14 12:31:07,273: [111] m.main:INFO: Beginning analysis
2026-04-14 12:31:07,275: [111] m.e.manticore:INFO: Starting symbolic create contract
2026-04-14 12:31:07,294: [111] m.e.manticore:INFO: Failed to build contract found: Errors : Invalid solc compilation Error: Source "@openzeppelin/contracts/access/AccessControl.sol" not found: File not found. Searched the following locations: "".
 --> sb/dos_gas.sol:7:1:
  |
7 | import "@openzeppelin/contracts/access/AccessControl.sol";
  | ^^^^^^^^^^^^^^^^^^^^^^^^^^^^^^^^^^^^^^^^^^^^^^^^^^^^^^^^^^


. Solidity failed to generate bytecode for your contract. Check if all the abstract functions are implemented. 
Process Process-2:
Traceback (most recent call last):
  File "/usr/lib/python3.7/multiprocessing/process.py", line 297, in _bootstrap
    self.run()
  File "/usr/lib/python3.7/multiprocessing/process.py", line 99, in run
    self._target(*self._args, **self._kwargs)
  File "/usr/local/lib/python3.7/dist-packages/manticore/ethereum/manticore.py", line 1766, in worker_finalize
    finalizer(q.get_nowait())
  File "/usr/local/lib/python3.7/dist-packages/manticore/ethereum/manticore.py", line 1757, in finalizer
    if only_alive_states and last_tx.result in {"REVERT", "THROW", "TXERROR"}:
AttributeError: 'NoneType' object has no attribute 'result'
2026-04-14 12:31:07,399: [111] m.c.manticore:INFO: Results in /mcore_7_xktzs9
2026-04-14 12:31:07,399: [111] m.c.manticore:WARNING: Manticore failed to run
2026-04-14 12:31:07,955: [136] m.main:INFO: Registered plugins: IntrospectionAPIPlugin, <class 'manticore.ethereum.plugins.SkipRevertBasicBlocks'>, <class 'manticore.ethereum.plugins.FilterFunctions'>
2026-04-14 12:31:07,958: [136] m.main:INFO: Beginning analysis
2026-04-14 12:31:07,961: [136] m.e.manticore:INFO: Starting symbolic create contract
2026-04-14 12:31:07,974: [136] m.e.manticore:INFO: Failed to build contract File Errors : Invalid solc compilation Error: Source "@openzeppelin/contracts/access/AccessControl.sol" not found: File not found. Searched the following locations: "".
 --> sb/dos_gas.sol:7:1:
  |
7 | import "@openzeppelin/contracts/access/AccessControl.sol";
  | ^^^^^^^^^^^^^^^^^^^^^^^^^^^^^^^^^^^^^^^^^^^^^^^^^^^^^^^^^^


. Solidity failed to generate bytecode for your contract. Check if all the abstract functions are implemented. 
Process Process-5:
Traceback (most recent call last):
  File "/usr/lib/python3.7/multiprocessing/process.py", line 297, in _bootstrap
    self.run()
  File "/usr/lib/python3.7/multiprocessing/process.py", line 99, in run
    self._target(*self._args, **self._kwargs)
  File "/usr/local/lib/python3.7/dist-packages/manticore/ethereum/manticore.py", line 1766, in worker_finalize
    finalizer(q.get_nowait())
  File "/usr/local/lib/python3.7/dist-packages/manticore/ethereum/manticore.py", line 1757, in finalizer
    if only_alive_states and last_tx.result in {"REVERT", "THROW", "TXERROR"}:
AttributeError: 'NoneType' object has no attribute 'result'
2026-04-14 12:31:08,050: [136] m.c.manticore:INFO: Results in /mcore_7ugij6qw
2026-04-14 12:31:08,051: [136] m.c.manticore:WARNING: Manticore failed to run
2026-04-14 12:31:08,654: [161] m.main:INFO: Registered plugins: IntrospectionAPIPlugin, <class 'manticore.ethereum.plugins.SkipRevertBasicBlocks'>, <class 'manticore.ethereum.plugins.FilterFunctions'>
2026-04-14 12:31:08,655: [161] m.main:INFO: Beginning analysis
2026-04-14 12:31:08,656: [161] m.e.manticore:INFO: Starting symbolic create contract
2026-04-14 12:31:08,676: [161] m.e.manticore:INFO: Failed to build contract not Errors : Invalid solc compilation Error: Source "@openzeppelin/contracts/access/AccessControl.sol" not found: File not found. Searched the following locations: "".
 --> sb/dos_gas.sol:7:1:
  |
7 | import "@openzeppelin/contracts/access/AccessControl.sol";
  | ^^^^^^^^^^^^^^^^^^^^^^^^^^^^^^^^^^^^^^^^^^^^^^^^^^^^^^^^^^


. Solidity failed to generate bytecode for your contract. Check if all the abstract functions are implemented. 
Process Process-1:
Traceback (most recent call last):
  File "/usr/lib/python3.7/multiprocessing/process.py", line 297, in _bootstrap
    self.run()
  File "/usr/lib/python3.7/multiprocessing/process.py", line 99, in run
    self._target(*self._args, **self._kwargs)
  File "/usr/local/lib/python3.7/dist-packages/manticore/ethereum/manticore.py", line 1766, in worker_finalize
    finalizer(q.get_nowait())
  File "/usr/local/lib/python3.7/dist-packages/manticore/ethereum/manticore.py", line 1757, in finalizer
    if only_alive_states and last_tx.result in {"REVERT", "THROW", "TXERROR"}:
AttributeError: 'NoneType' object has no attribute 'result'
2026-04-14 12:31:08,763: [161] m.c.manticore:INFO: Results in /mcore_nwydxdze
2026-04-14 12:31:08,763: [161] m.c.manticore:WARNING: Manticore failed to run
2026-04-14 12:31:09,316: [186] m.main:INFO: Registered plugins: IntrospectionAPIPlugin, <class 'manticore.ethereum.plugins.SkipRevertBasicBlocks'>, <class 'manticore.ethereum.plugins.FilterFunctions'>
2026-04-14 12:31:09,316: [186] m.main:INFO: Beginning analysis
2026-04-14 12:31:09,318: [186] m.e.manticore:INFO: Starting symbolic create contract
2026-04-14 12:31:09,343: [186] m.e.manticore:INFO: Failed to build contract found. Errors : Invalid solc compilation Error: Source "@openzeppelin/contracts/access/AccessControl.sol" not found: File not found. Searched the following locations: "".
 --> sb/dos_gas.sol:7:1:
  |
7 | import "@openzeppelin/contracts/access/AccessControl.sol";
  | ^^^^^^^^^^^^^^^^^^^^^^^^^^^^^^^^^^^^^^^^^^^^^^^^^^^^^^^^^^


. Solidity failed to generate bytecode for your contract. Check if all the abstract functions are implemented. 
Process Process-3:
Traceback (most recent call last):
  File "/usr/lib/python3.7/multiprocessing/process.py", line 297, in _bootstrap
    self.run()
  File "/usr/lib/python3.7/multiprocessing/process.py", line 99, in run
    self._target(*self._args, **self._kwargs)
  File "/usr/local/lib/python3.7/dist-packages/manticore/ethereum/manticore.py", line 1766, in worker_finalize
    finalizer(q.get_nowait())
  File "/usr/local/lib/python3.7/dist-packages/manticore/ethereum/manticore.py", line 1757, in finalizer
    if only_alive_states and last_tx.result in {"REVERT", "THROW", "TXERROR"}:
AttributeError: 'NoneType' object has no attribute 'result'
2026-04-14 12:31:09,442: [186] m.c.manticore:INFO: Results in /mcore_7xwguygx
2026-04-14 12:31:09,442: [186] m.c.manticore:WARNING: Manticore failed to run
2026-04-14 12:31:09,901: [211] m.main:INFO: Registered plugins: IntrospectionAPIPlugin, <class 'manticore.ethereum.plugins.SkipRevertBasicBlocks'>, <class 'manticore.ethereum.plugins.FilterFunctions'>
2026-04-14 12:31:09,905: [211] m.main:INFO: Beginning analysis
2026-04-14 12:31:09,906: [211] m.e.manticore:INFO: Starting symbolic create contract
2026-04-14 12:31:09,923: [211] m.e.manticore:INFO: Failed to build contract Searched Errors : Invalid solc compilation Error: Source "@openzeppelin/contracts/access/AccessControl.sol" not found: File not found. Searched the following locations: "".
 --> sb/dos_gas.sol:7:1:
  |
7 | import "@openzeppelin/contracts/access/AccessControl.sol";
  | ^^^^^^^^^^^^^^^^^^^^^^^^^^^^^^^^^^^^^^^^^^^^^^^^^^^^^^^^^^


. Solidity failed to generate bytecode for your contract. Check if all the abstract functions are implemented. 
Process Process-1:
Traceback (most recent call last):
  File "/usr/lib/python3.7/multiprocessing/process.py", line 297, in _bootstrap
    self.run()
  File "/usr/lib/python3.7/multiprocessing/process.py", line 99, in run
    self._target(*self._args, **self._kwargs)
  File "/usr/local/lib/python3.7/dist-packages/manticore/ethereum/manticore.py", line 1766, in worker_finalize
    finalizer(q.get_nowait())
  File "/usr/local/lib/python3.7/dist-packages/manticore/ethereum/manticore.py", line 1757, in finalizer
    if only_alive_states and last_tx.result in {"REVERT", "THROW", "TXERROR"}:
AttributeError: 'NoneType' object has no attribute 'result'
2026-04-14 12:31:10,020: [211] m.c.manticore:INFO: Results in /mcore_37aqrph7
2026-04-14 12:31:10,022: [211] m.c.manticore:WARNING: Manticore failed to run
2026-04-14 12:31:10,683: [236] m.main:INFO: Registered plugins: IntrospectionAPIPlugin, <class 'manticore.ethereum.plugins.SkipRevertBasicBlocks'>, <class 'manticore.ethereum.plugins.FilterFunctions'>
2026-04-14 12:31:10,683: [236] m.main:INFO: Beginning analysis
2026-04-14 12:31:10,685: [236] m.e.manticore:INFO: Starting symbolic create contract
2026-04-14 12:31:10,708: [236] m.e.manticore:INFO: Failed to build contract the Errors : Invalid solc compilation Error: Source "@openzeppelin/contracts/access/AccessControl.sol" not found: File not found. Searched the following locations: "".
 --> sb/dos_gas.sol:7:1:
  |
7 | import "@openzeppelin/contracts/access/AccessControl.sol";
  | ^^^^^^^^^^^^^^^^^^^^^^^^^^^^^^^^^^^^^^^^^^^^^^^^^^^^^^^^^^


. Solidity failed to generate bytecode for your contract. Check if all the abstract functions are implemented. 
Process Process-2:
Traceback (most recent call last):
  File "/usr/lib/python3.7/multiprocessing/process.py", line 297, in _bootstrap
    self.run()
  File "/usr/lib/python3.7/multiprocessing/process.py", line 99, in run
    self._target(*self._args, **self._kwargs)
  File "/usr/local/lib/python3.7/dist-packages/manticore/ethereum/manticore.py", line 1766, in worker_finalize
    finalizer(q.get_nowait())
  File "/usr/local/lib/python3.7/dist-packages/manticore/ethereum/manticore.py", line 1757, in finalizer
    if only_alive_states and last_tx.result in {"REVERT", "THROW", "TXERROR"}:
AttributeError: 'NoneType' object has no attribute 'result'
2026-04-14 12:31:10,824: [236] m.c.manticore:INFO: Results in /mcore_u43fxmoy
2026-04-14 12:31:10,824: [236] m.c.manticore:WARNING: Manticore failed to run
2026-04-14 12:31:11,658: [261] m.main:INFO: Registered plugins: IntrospectionAPIPlugin, <class 'manticore.ethereum.plugins.SkipRevertBasicBlocks'>, <class 'manticore.ethereum.plugins.FilterFunctions'>
2026-04-14 12:31:11,666: [261] m.main:INFO: Beginning analysis
2026-04-14 12:31:11,669: [261] m.e.manticore:INFO: Starting symbolic create contract
2026-04-14 12:31:11,718: [261] m.e.manticore:INFO: Failed to build contract following Errors : Invalid solc compilation Error: Source "@openzeppelin/contracts/access/AccessControl.sol" not found: File not found. Searched the following locations: "".
 --> sb/dos_gas.sol:7:1:
  |
7 | import "@openzeppelin/contracts/access/AccessControl.sol";
  | ^^^^^^^^^^^^^^^^^^^^^^^^^^^^^^^^^^^^^^^^^^^^^^^^^^^^^^^^^^


. Solidity failed to generate bytecode for your contract. Check if all the abstract functions are implemented. 
Process Process-1:
Traceback (most recent call last):
  File "/usr/lib/python3.7/multiprocessing/process.py", line 297, in _bootstrap
    self.run()
  File "/usr/lib/python3.7/multiprocessing/process.py", line 99, in run
    self._target(*self._args, **self._kwargs)
  File "/usr/local/lib/python3.7/dist-packages/manticore/ethereum/manticore.py", line 1766, in worker_finalize
    finalizer(q.get_nowait())
  File "/usr/local/lib/python3.7/dist-packages/manticore/ethereum/manticore.py", line 1757, in finalizer
    if only_alive_states and last_tx.result in {"REVERT", "THROW", "TXERROR"}:
AttributeError: 'NoneType' object has no attribute 'result'
2026-04-14 12:31:11,843: [261] m.c.manticore:INFO: Results in /mcore_52z2u_o3
2026-04-14 12:31:11,844: [261] m.c.manticore:WARNING: Manticore failed to run
2026-04-14 12:31:12,615: [286] m.main:INFO: Registered plugins: IntrospectionAPIPlugin, <class 'manticore.ethereum.plugins.SkipRevertBasicBlocks'>, <class 'manticore.ethereum.plugins.FilterFunctions'>
2026-04-14 12:31:12,615: [286] m.main:INFO: Beginning analysis
2026-04-14 12:31:12,624: [286] m.e.manticore:INFO: Starting symbolic create contract
2026-04-14 12:31:12,640: [286] m.e.manticore:INFO: Failed to build contract locations: Errors : Invalid solc compilation Error: Source "@openzeppelin/contracts/access/AccessControl.sol" not found: File not found. Searched the following locations: "".
 --> sb/dos_gas.sol:7:1:
  |
7 | import "@openzeppelin/contracts/access/AccessControl.sol";
  | ^^^^^^^^^^^^^^^^^^^^^^^^^^^^^^^^^^^^^^^^^^^^^^^^^^^^^^^^^^


. Solidity failed to generate bytecode for your contract. Check if all the abstract functions are implemented. 
Process Process-3:
Traceback (most recent call last):
  File "/usr/lib/python3.7/multiprocessing/process.py", line 297, in _bootstrap
    self.run()
  File "/usr/lib/python3.7/multiprocessing/process.py", line 99, in run
    self._target(*self._args, **self._kwargs)
  File "/usr/local/lib/python3.7/dist-packages/manticore/ethereum/manticore.py", line 1766, in worker_finalize
    finalizer(q.get_nowait())
  File "/usr/local/lib/python3.7/dist-packages/manticore/ethereum/manticore.py", line 1757, in finalizer
    if only_alive_states and last_tx.result in {"REVERT", "THROW", "TXERROR"}:
AttributeError: 'NoneType' object has no attribute 'result'
2026-04-14 12:31:12,770: [286] m.c.manticore:INFO: Results in /mcore_fn8wl94_
2026-04-14 12:31:12,770: [286] m.c.manticore:WARNING: Manticore failed to run
2026-04-14 12:31:13,218: [311] m.main:INFO: Registered plugins: IntrospectionAPIPlugin, <class 'manticore.ethereum.plugins.SkipRevertBasicBlocks'>, <class 'manticore.ethereum.plugins.FilterFunctions'>
2026-04-14 12:31:13,218: [311] m.main:INFO: Beginning analysis
2026-04-14 12:31:13,220: [311] m.e.manticore:INFO: Starting symbolic create contract
2026-04-14 12:31:13,238: [311] m.e.manticore:INFO: Failed to build contract "". Errors : Invalid solc compilation Error: Source "@openzeppelin/contracts/access/AccessControl.sol" not found: File not found. Searched the following locations: "".
 --> sb/dos_gas.sol:7:1:
  |
7 | import "@openzeppelin/contracts/access/AccessControl.sol";
  | ^^^^^^^^^^^^^^^^^^^^^^^^^^^^^^^^^^^^^^^^^^^^^^^^^^^^^^^^^^


. Solidity failed to generate bytecode for your contract. Check if all the abstract functions are implemented. 
Process Process-1:
Traceback (most recent call last):
  File "/usr/lib/python3.7/multiprocessing/process.py", line 297, in _bootstrap
    self.run()
  File "/usr/lib/python3.7/multiprocessing/process.py", line 99, in run
    self._target(*self._args, **self._kwargs)
  File "/usr/local/lib/python3.7/dist-packages/manticore/ethereum/manticore.py", line 1766, in worker_finalize
    finalizer(q.get_nowait())
  File "/usr/local/lib/python3.7/dist-packages/manticore/ethereum/manticore.py", line 1757, in finalizer
    if only_alive_states and last_tx.result in {"REVERT", "THROW", "TXERROR"}:
AttributeError: 'NoneType' object has no attribute 'result'
2026-04-14 12:31:13,376: [311] m.c.manticore:INFO: Results in /mcore__van4uct
2026-04-14 12:31:13,376: [311] m.c.manticore:WARNING: Manticore failed to run
usage: manticore [-h] [--compile-force-framework COMPILE_FORCE_FRAMEWORK]
                 [--compile-remove-metadata]
                 [--compile-custom-build COMPILE_CUSTOM_BUILD]
                 [--ignore-compile] [--solc SOLC] [--solc-remaps SOLC_REMAPS]
                 [--solc-args SOLC_ARGS] [--solc-disable-warnings]
                 [--solc-working-dir SOLC_WORKING_DIR]
                 [--solc-solcs-select SOLC_SOLCS_SELECT]
                 [--solc-solcs-bin SOLC_SOLCS_BIN] [--solc-standard-json]
                 [--solc-force-legacy-json] [--truffle-ignore-compile]
                 [--truffle-build-directory TRUFFLE_BUILD_DIRECTORY]
                 [--truffle-version TRUFFLE_VERSION]
                 [--truffle-overwrite-config]
                 [--truffle-overwrite-version TRUFFLE_OVERWRITE_VERSION]
                 [--embark-ignore-compile] [--embark-overwrite-config]
                 [--dapp-ignore-compile] [--etherlime-ignore-compile]
                 [--etherlime-compile-arguments]
                 [--etherscan-only-source-code] [--etherscan-only-bytecode]
                 [--etherscan-apikey ETHERSCAN_API_KEY]
                 [--arbiscan-apikey ARBISCAN_API_KEY]
                 [--polygonscan-apikey POLYGONSCAN_API_KEY]
                 [--avax-apikey AVAX_API_KEY]
                 [--ftmscan-apikey FTMSCAN_API_KEY]
                 [--bscan-apikey BSCAN_API_KEY]
                 [--etherscan-export-directory ETHERSCAN_EXPORT_DIR]
                 [--waffle-ignore-compile]
                 [--waffle-config-file WAFFLE_CONFIG_FILE] [--npx-disable]
                 [--buidler-ignore-compile]
                 [--buidler-cache-directory BUIDLER_CACHE_DIRECTORY]
                 [--buidler-skip-directory-name-fix]
                 [--hardhat-ignore-compile]
                 [--hardhat-cache-directory HARDHAT_CACHE_DIRECTORY]
                 [--hardhat-artifacts-directory HARDHAT_ARTIFACTS_DIRECTORY]
                 [--coverage COVERAGE] [--no-colors] [--policy POLICY] [-v]
                 [--workspace WORKSPACE] [--version] [--config CONFIG]
                 [--entrysymbol ENTRYSYMBOL] [--data DATA] [--file FILES]
                 [--env ENV] [--pure-symbolic] [--verbose-trace]
                 [--txlimit TXLIMIT] [--txnocoverage] [--txnoether]
                 [--txaccount TXACCOUNT] [--txpreconstrain]
                 [--contract CONTRACT] [--list-detectors]
                 [--exclude DETECTORS_TO_EXCLUDE] [--exclude-all]
                 [--avoid-constant] [--limit-loops] [--no-testcases]
                 [--only-alive-testcases] [--thorough-mode]
                 [--core.compress_states CORE.COMPRESS_STATES]
                 [--core.execs_per_intermittent_cb CORE.EXECS_PER_INTERMITTENT_CB]
                 [--core.HOST CORE.HOST] [--core.PORT CORE.PORT]
                 [--core.fast_fail CORE.FAST_FAIL]
                 [--core.timeout CORE.TIMEOUT] [--core.cluster CORE.CLUSTER]
                 [--core.procs CORE.PROCS]
                 [--core.mprocessing CORE.MPROCESSING] [--core.seed CORE.SEED]
                 [--smt.timeout SMT.TIMEOUT] [--smt.memory SMT.MEMORY]
                 [--smt.maxsolutions SMT.MAXSOLUTIONS]
                 [--smt.z3_bin SMT.Z3_BIN] [--smt.cvc4_bin SMT.CVC4_BIN]
                 [--smt.yices_bin SMT.YICES_BIN]
                 [--smt.boolector_bin SMT.BOOLECTOR_BIN]
                 [--smt.defaultunsat SMT.DEFAULTUNSAT]
                 [--smt.optimize SMT.OPTIMIZE] [--smt.solver SMT.SOLVER]
                 [--workspace.prefix WORKSPACE.PREFIX]
                 [--workspace.dir WORKSPACE.DIR] [--evm.oog EVM.OOG]
                 [--evm.txfail EVM.TXFAIL]
                 [--evm.calldata_max_offset EVM.CALLDATA_MAX_OFFSET]
                 [--evm.calldata_max_size EVM.CALLDATA_MAX_SIZE]
                 [--evm.ignore_balance EVM.IGNORE_BALANCE]
                 [--evm.defaultgas EVM.DEFAULTGAS] [--evm.sha3 EVM.SHA3]
                 [--evm.sha3timeout EVM.SHA3TIMEOUT] [--evm.events EVM.EVENTS]
                 [--cli.profile CLI.PROFILE]
                 [--cli.explore_balance CLI.EXPLORE_BALANCE]
                 [--cli.skip_reverts CLI.SKIP_REVERTS]
                 [--cli.target_func CLI.TARGET_FUNC]
                 [--wasm.decode_names WASM.DECODE_NAMES]
                 [--main.recursionlimit MAIN.RECURSIONLIMIT]
                 [--native.fast_crash NATIVE.FAST_CRASH]
                 [--native.stdin_size NATIVE.STDIN_SIZE]
                 [argv [argv ...]]
manticore: error: argument --contract: expected one argument
mv: cannot stat '/mcore_*': No such file or directory
2026-04-14 12:31:14,245: [340] m.main:INFO: Registered plugins: IntrospectionAPIPlugin, <class 'manticore.ethereum.plugins.SkipRevertBasicBlocks'>, <class 'manticore.ethereum.plugins.FilterFunctions'>
2026-04-14 12:31:14,245: [340] m.main:INFO: Beginning analysis
2026-04-14 12:31:14,247: [340] m.e.manticore:INFO: Starting symbolic create contract
2026-04-14 12:31:14,259: [340] m.e.manticore:INFO: Failed to build contract /sb/dos_gas.sol:7:1: Errors : Invalid solc compilation Error: Source "@openzeppelin/contracts/access/AccessControl.sol" not found: File not found. Searched the following locations: "".
 --> sb/dos_gas.sol:7:1:
  |
7 | import "@openzeppelin/contracts/access/AccessControl.sol";
  | ^^^^^^^^^^^^^^^^^^^^^^^^^^^^^^^^^^^^^^^^^^^^^^^^^^^^^^^^^^


. Solidity failed to generate bytecode for your contract. Check if all the abstract functions are implemented. 
Process Process-1:
Traceback (most recent call last):
  File "/usr/lib/python3.7/multiprocessing/process.py", line 297, in _bootstrap
    self.run()
  File "/usr/lib/python3.7/multiprocessing/process.py", line 99, in run
    self._target(*self._args, **self._kwargs)
  File "/usr/local/lib/python3.7/dist-packages/manticore/ethereum/manticore.py", line 1766, in worker_finalize
    finalizer(q.get_nowait())
  File "/usr/local/lib/python3.7/dist-packages/manticore/ethereum/manticore.py", line 1757, in finalizer
    if only_alive_states and last_tx.result in {"REVERT", "THROW", "TXERROR"}:
AttributeError: 'NoneType' object has no attribute 'result'
2026-04-14 12:31:14,417: [340] m.c.manticore:INFO: Results in /mcore_hbl26sz0
2026-04-14 12:31:14,418: [340] m.c.manticore:WARNING: Manticore failed to run
2026-04-14 12:31:14,893: [365] m.main:INFO: Registered plugins: IntrospectionAPIPlugin, <class 'manticore.ethereum.plugins.SkipRevertBasicBlocks'>, <class 'manticore.ethereum.plugins.FilterFunctions'>
2026-04-14 12:31:14,894: [365] m.main:INFO: Beginning analysis
2026-04-14 12:31:14,896: [365] m.e.manticore:INFO: Starting symbolic create contract
2026-04-14 12:31:14,914: [365] m.e.manticore:INFO: Failed to build contract | Errors : Invalid solc compilation Error: Source "@openzeppelin/contracts/access/AccessControl.sol" not found: File not found. Searched the following locations: "".
 --> sb/dos_gas.sol:7:1:
  |
7 | import "@openzeppelin/contracts/access/AccessControl.sol";
  | ^^^^^^^^^^^^^^^^^^^^^^^^^^^^^^^^^^^^^^^^^^^^^^^^^^^^^^^^^^


. Solidity failed to generate bytecode for your contract. Check if all the abstract functions are implemented. 
Process Process-2:
Traceback (most recent call last):
  File "/usr/lib/python3.7/multiprocessing/process.py", line 297, in _bootstrap
    self.run()
  File "/usr/lib/python3.7/multiprocessing/process.py", line 99, in run
    self._target(*self._args, **self._kwargs)
  File "/usr/local/lib/python3.7/dist-packages/manticore/ethereum/manticore.py", line 1766, in worker_finalize
    finalizer(q.get_nowait())
  File "/usr/local/lib/python3.7/dist-packages/manticore/ethereum/manticore.py", line 1757, in finalizer
    if only_alive_states and last_tx.result in {"REVERT", "THROW", "TXERROR"}:
AttributeError: 'NoneType' object has no attribute 'result'
2026-04-14 12:31:15,096: [365] m.c.manticore:INFO: Results in /mcore_16m7bfv8
2026-04-14 12:31:15,096: [365] m.c.manticore:WARNING: Manticore failed to run
2026-04-14 12:31:15,591: [390] m.main:INFO: Registered plugins: IntrospectionAPIPlugin, <class 'manticore.ethereum.plugins.SkipRevertBasicBlocks'>, <class 'manticore.ethereum.plugins.FilterFunctions'>
2026-04-14 12:31:15,591: [390] m.main:INFO: Beginning analysis
2026-04-14 12:31:15,593: [390] m.e.manticore:INFO: Starting symbolic create contract
2026-04-14 12:31:15,608: [390] m.e.manticore:INFO: Failed to build contract 7 Errors : Invalid solc compilation Error: Source "@openzeppelin/contracts/access/AccessControl.sol" not found: File not found. Searched the following locations: "".
 --> sb/dos_gas.sol:7:1:
  |
7 | import "@openzeppelin/contracts/access/AccessControl.sol";
  | ^^^^^^^^^^^^^^^^^^^^^^^^^^^^^^^^^^^^^^^^^^^^^^^^^^^^^^^^^^


. Solidity failed to generate bytecode for your contract. Check if all the abstract functions are implemented. 
Process Process-1:
Traceback (most recent call last):
  File "/usr/lib/python3.7/multiprocessing/process.py", line 297, in _bootstrap
    self.run()
  File "/usr/lib/python3.7/multiprocessing/process.py", line 99, in run
    self._target(*self._args, **self._kwargs)
  File "/usr/local/lib/python3.7/dist-packages/manticore/ethereum/manticore.py", line 1766, in worker_finalize
    finalizer(q.get_nowait())
  File "/usr/local/lib/python3.7/dist-packages/manticore/ethereum/manticore.py", line 1757, in finalizer
    if only_alive_states and last_tx.result in {"REVERT", "THROW", "TXERROR"}:
AttributeError: 'NoneType' object has no attribute 'result'
2026-04-14 12:31:15,736: [390] m.c.manticore:INFO: Results in /mcore_ljlzlg4y
2026-04-14 12:31:15,736: [390] m.c.manticore:WARNING: Manticore failed to run
2026-04-14 12:31:16,174: [415] m.main:INFO: Registered plugins: IntrospectionAPIPlugin, <class 'manticore.ethereum.plugins.SkipRevertBasicBlocks'>, <class 'manticore.ethereum.plugins.FilterFunctions'>
2026-04-14 12:31:16,174: [415] m.main:INFO: Beginning analysis
2026-04-14 12:31:16,176: [415] m.e.manticore:INFO: Starting symbolic create contract
2026-04-14 12:31:16,189: [415] m.e.manticore:INFO: Failed to build contract | Errors : Invalid solc compilation Error: Source "@openzeppelin/contracts/access/AccessControl.sol" not found: File not found. Searched the following locations: "".
 --> sb/dos_gas.sol:7:1:
  |
7 | import "@openzeppelin/contracts/access/AccessControl.sol";
  | ^^^^^^^^^^^^^^^^^^^^^^^^^^^^^^^^^^^^^^^^^^^^^^^^^^^^^^^^^^


. Solidity failed to generate bytecode for your contract. Check if all the abstract functions are implemented. 
Process Process-1:
Traceback (most recent call last):
  File "/usr/lib/python3.7/multiprocessing/process.py", line 297, in _bootstrap
    self.run()
  File "/usr/lib/python3.7/multiprocessing/process.py", line 99, in run
    self._target(*self._args, **self._kwargs)
  File "/usr/local/lib/python3.7/dist-packages/manticore/ethereum/manticore.py", line 1766, in worker_finalize
    finalizer(q.get_nowait())
  File "/usr/local/lib/python3.7/dist-packages/manticore/ethereum/manticore.py", line 1757, in finalizer
    if only_alive_states and last_tx.result in {"REVERT", "THROW", "TXERROR"}:
AttributeError: 'NoneType' object has no attribute 'result'
2026-04-14 12:31:16,301: [415] m.c.manticore:INFO: Results in /mcore_mnwbj_xe
2026-04-14 12:31:16,302: [415] m.c.manticore:WARNING: Manticore failed to run
2026-04-14 12:31:16,834: [440] m.main:INFO: Registered plugins: IntrospectionAPIPlugin, <class 'manticore.ethereum.plugins.SkipRevertBasicBlocks'>, <class 'manticore.ethereum.plugins.FilterFunctions'>
2026-04-14 12:31:16,835: [440] m.main:INFO: Beginning analysis
2026-04-14 12:31:16,836: [440] m.e.manticore:INFO: Starting symbolic create contract
2026-04-14 12:31:16,854: [440] m.e.manticore:INFO: Failed to build contract import Errors : Invalid solc compilation Error: Source "@openzeppelin/contracts/access/AccessControl.sol" not found: File not found. Searched the following locations: "".
 --> sb/dos_gas.sol:7:1:
  |
7 | import "@openzeppelin/contracts/access/AccessControl.sol";
  | ^^^^^^^^^^^^^^^^^^^^^^^^^^^^^^^^^^^^^^^^^^^^^^^^^^^^^^^^^^


. Solidity failed to generate bytecode for your contract. Check if all the abstract functions are implemented. 
Process Process-1:
Traceback (most recent call last):
  File "/usr/lib/python3.7/multiprocessing/process.py", line 297, in _bootstrap
    self.run()
  File "/usr/lib/python3.7/multiprocessing/process.py", line 99, in run
    self._target(*self._args, **self._kwargs)
  File "/usr/local/lib/python3.7/dist-packages/manticore/ethereum/manticore.py", line 1766, in worker_finalize
    finalizer(q.get_nowait())
  File "/usr/local/lib/python3.7/dist-packages/manticore/ethereum/manticore.py", line 1757, in finalizer
    if only_alive_states and last_tx.result in {"REVERT", "THROW", "TXERROR"}:
AttributeError: 'NoneType' object has no attribute 'result'
2026-04-14 12:31:16,966: [440] m.c.manticore:INFO: Results in /mcore__ivx7x4k
2026-04-14 12:31:16,966: [440] m.c.manticore:WARNING: Manticore failed to run
2026-04-14 12:31:17,592: [465] m.main:INFO: Registered plugins: IntrospectionAPIPlugin, <class 'manticore.ethereum.plugins.SkipRevertBasicBlocks'>, <class 'manticore.ethereum.plugins.FilterFunctions'>
2026-04-14 12:31:17,592: [465] m.main:INFO: Beginning analysis
2026-04-14 12:31:17,594: [465] m.e.manticore:INFO: Starting symbolic create contract
2026-04-14 12:31:17,610: [465] m.e.manticore:INFO: Failed to build contract "@openzeppelin/contracts/access/AccessControl.sol"; Errors : Invalid solc compilation Error: Source "@openzeppelin/contracts/access/AccessControl.sol" not found: File not found. Searched the following locations: "".
 --> sb/dos_gas.sol:7:1:
  |
7 | import "@openzeppelin/contracts/access/AccessControl.sol";
  | ^^^^^^^^^^^^^^^^^^^^^^^^^^^^^^^^^^^^^^^^^^^^^^^^^^^^^^^^^^


. Solidity failed to generate bytecode for your contract. Check if all the abstract functions are implemented. 
Process Process-2:
Traceback (most recent call last):
  File "/usr/lib/python3.7/multiprocessing/process.py", line 297, in _bootstrap
    self.run()
  File "/usr/lib/python3.7/multiprocessing/process.py", line 99, in run
    self._target(*self._args, **self._kwargs)
  File "/usr/local/lib/python3.7/dist-packages/manticore/ethereum/manticore.py", line 1766, in worker_finalize
    finalizer(q.get_nowait())
  File "/usr/local/lib/python3.7/dist-packages/manticore/ethereum/manticore.py", line 1757, in finalizer
    if only_alive_states and last_tx.result in {"REVERT", "THROW", "TXERROR"}:
AttributeError: 'NoneType' object has no attribute 'result'
2026-04-14 12:31:17,767: [465] m.c.manticore:INFO: Results in /mcore_gghvphmp
2026-04-14 12:31:17,769: [465] m.c.manticore:WARNING: Manticore failed to run
2026-04-14 12:31:18,191: [490] m.main:INFO: Registered plugins: IntrospectionAPIPlugin, <class 'manticore.ethereum.plugins.SkipRevertBasicBlocks'>, <class 'manticore.ethereum.plugins.FilterFunctions'>
2026-04-14 12:31:18,191: [490] m.main:INFO: Beginning analysis
2026-04-14 12:31:18,193: [490] m.e.manticore:INFO: Starting symbolic create contract
2026-04-14 12:31:18,214: [490] m.e.manticore:INFO: Failed to build contract | Errors : Invalid solc compilation Error: Source "@openzeppelin/contracts/access/AccessControl.sol" not found: File not found. Searched the following locations: "".
 --> sb/dos_gas.sol:7:1:
  |
7 | import "@openzeppelin/contracts/access/AccessControl.sol";
  | ^^^^^^^^^^^^^^^^^^^^^^^^^^^^^^^^^^^^^^^^^^^^^^^^^^^^^^^^^^


. Solidity failed to generate bytecode for your contract. Check if all the abstract functions are implemented. 
Process Process-1:
Traceback (most recent call last):
  File "/usr/lib/python3.7/multiprocessing/process.py", line 297, in _bootstrap
    self.run()
  File "/usr/lib/python3.7/multiprocessing/process.py", line 99, in run
    self._target(*self._args, **self._kwargs)
  File "/usr/local/lib/python3.7/dist-packages/manticore/ethereum/manticore.py", line 1766, in worker_finalize
    finalizer(q.get_nowait())
  File "/usr/local/lib/python3.7/dist-packages/manticore/ethereum/manticore.py", line 1757, in finalizer
    if only_alive_states and last_tx.result in {"REVERT", "THROW", "TXERROR"}:
AttributeError: 'NoneType' object has no attribute 'result'
2026-04-14 12:31:18,295: [490] m.c.manticore:INFO: Results in /mcore_51wzpwgf
2026-04-14 12:31:18,295: [490] m.c.manticore:WARNING: Manticore failed to run
2026-04-14 12:31:18,693: [515] m.main:INFO: Registered plugins: IntrospectionAPIPlugin, <class 'manticore.ethereum.plugins.SkipRevertBasicBlocks'>, <class 'manticore.ethereum.plugins.FilterFunctions'>
2026-04-14 12:31:18,694: [515] m.main:INFO: Beginning analysis
2026-04-14 12:31:18,695: [515] m.e.manticore:INFO: Starting symbolic create contract
2026-04-14 12:31:18,707: [515] m.e.manticore:INFO: Failed to build contract ^^^^^^^^^^^^^^^^^^^^^^^^^^^^^^^^^^^^^^^^^^^^^^^^^^^^^^^^^^ Errors : Invalid solc compilation Error: Source "@openzeppelin/contracts/access/AccessControl.sol" not found: File not found. Searched the following locations: "".
 --> sb/dos_gas.sol:7:1:
  |
7 | import "@openzeppelin/contracts/access/AccessControl.sol";
  | ^^^^^^^^^^^^^^^^^^^^^^^^^^^^^^^^^^^^^^^^^^^^^^^^^^^^^^^^^^


. Solidity failed to generate bytecode for your contract. Check if all the abstract functions are implemented. 
Process Process-2:
Traceback (most recent call last):
  File "/usr/lib/python3.7/multiprocessing/process.py", line 297, in _bootstrap
    self.run()
  File "/usr/lib/python3.7/multiprocessing/process.py", line 99, in run
    self._target(*self._args, **self._kwargs)
  File "/usr/local/lib/python3.7/dist-packages/manticore/ethereum/manticore.py", line 1766, in worker_finalize
    finalizer(q.get_nowait())
  File "/usr/local/lib/python3.7/dist-packages/manticore/ethereum/manticore.py", line 1757, in finalizer
    if only_alive_states and last_tx.result in {"REVERT", "THROW", "TXERROR"}:
AttributeError: 'NoneType' object has no attribute 'result'
2026-04-14 12:31:18,774: [515] m.c.manticore:INFO: Results in /mcore_k06e1bg5
2026-04-14 12:31:18,774: [515] m.c.manticore:WARNING: Manticore failed to run
