INFO [04-14|14:17:25.778] Starting Geth in ephemeral dev mode... 
INFO [04-14|14:17:25.780] Maximum peer count                       ETH=50 LES=0 total=50
INFO [04-14|14:17:25.780] Smartcard socket not found, disabling    err="stat /run/pcscd/pcscd.comm: no such file or directory"
INFO [04-14|14:17:25.780] Set global gas cap                       cap=50,000,000
INFO [04-14|14:17:25.926] Using developer account                  address=0x171629A425F4EbcF88d948824fA3D2F74adaE598
INFO [04-14|14:17:25.926] Allocated trie memory caches             clean=154.00MiB dirty=256.00MiB
INFO [04-14|14:17:25.926] Writing custom genesis block 
INFO [04-14|14:17:25.926] Persisted trie from memory database      nodes=12 size=1.82KiB time="39.706µs" gcnodes=0 gcsize=0.00B gctime=0s livenodes=1 livesize=0.00B
INFO [04-14|14:17:25.927] Initialised chain configuration          config="{ChainID: 1337 Homestead: 0 DAO: <nil> DAOSupport: false EIP150: 0 EIP155: 0 EIP158: 0 Byzantium: 0 Constantinople: 0 Petersburg: 0 Istanbul: 0, Muir Glacier: 0, Berlin: 0, London: 0, Arrow Glacier: <nil>, MergeFork: <nil>, Engine: clique}"
INFO [04-14|14:17:25.927] Initialising Ethereum protocol           network=1337 dbversion=<nil>
INFO [04-14|14:17:25.927] Loaded most recent local header          number=0 hash=04a17f..a9921a td=1 age=57y1mo1w
INFO [04-14|14:17:25.927] Loaded most recent local full block      number=0 hash=04a17f..a9921a td=1 age=57y1mo1w
INFO [04-14|14:17:25.927] Loaded most recent local fast block      number=0 hash=04a17f..a9921a td=1 age=57y1mo1w
WARN [04-14|14:17:25.927] Failed to load snapshot, regenerating    err="missing or corrupted snapshot"
INFO [04-14|14:17:25.927] Rebuilding state snapshot 
INFO [04-14|14:17:25.927] Resuming state snapshot generation       root=b8558c..94267a accounts=0 slots=0 storage=0.00B elapsed="209.436µs"
INFO [04-14|14:17:25.927] Gasprice oracle is ignoring threshold set threshold=2
WARN [04-14|14:17:25.927] Error reading unclean shutdown markers   error="not found"
INFO [04-14|14:17:25.928] Starting peer-to-peer node               instance=Geth/v1.10.14-stable-11a3a350/linux-amd64/go1.17.5
WARN [04-14|14:17:25.928] P2P server will be useless, neither dialing nor listening 
INFO [04-14|14:17:25.928] Generated state snapshot                 accounts=10 slots=0 storage=412.00B elapsed="535.091µs"
INFO [04-14|14:17:25.928] Stored checkpoint snapshot to disk       number=0 hash=04a17f..a9921a
INFO [04-14|14:17:25.930] IPC endpoint opened                      url=/tmp/geth.ipc
INFO [04-14|14:17:25.930] HTTP server started                      endpoint=127.0.0.1:8545 prefix= cors= vhosts=localhost
INFO [04-14|14:17:25.930] Transaction pool price threshold updated price=1,000,000,000
INFO [04-14|14:17:25.930] Updated mining threads                   threads=0
INFO [04-14|14:17:25.930] Transaction pool price threshold updated price=1
INFO [04-14|14:17:25.930] Etherbase automatically configured       address=0x171629A425F4EbcF88d948824fA3D2F74adaE598
INFO [04-14|14:17:25.930] Commit new mining work                   number=1 sealhash=c15359..b4736a uncles=0 txs=0 gas=0 fees=0 elapsed="54.809µs"
INFO [04-14|14:17:25.930] New local node record                    seq=1,776,176,245,930 id=d9fba398134ec965 ip=127.0.0.1 udp=0 tcp=0
INFO [04-14|14:17:25.930] Started P2P networking                   self=enode://822f67e3262199e71c13bf46e3430435dbb8f1f2769778043860fbe2cded3000850983912ab028a00aea46e39756e466c1c4519dbdb6964ed4f0319f88ec36e1@127.0.0.1:0
WARN [04-14|14:17:25.930] Block sealing failed                     err="sealing paused while waiting for transactions"
WARN [04-14|14:17:25.930] Failed to get free disk space            path= err="failed to call Statfs: no such file or directory"
Runtime bytecode read from stdin needs to be hexadecimal.
