python3 maian.py -c 0 -s /sb/dos_gas.sol ParserError:
python3 maian.py -c 1 -s /sb/dos_gas.sol ParserError:
python3 maian.py -c 2 -s /sb/dos_gas.sol ParserError:
python3 maian.py -c 0 -s /sb/dos_gas.sol Source
python3 maian.py -c 1 -s /sb/dos_gas.sol Source
python3 maian.py -c 2 -s /sb/dos_gas.sol Source
python3 maian.py -c 0 -s /sb/dos_gas.sol "@openzeppelin/contracts/access/AccessControl.sol"
python3 maian.py -c 1 -s /sb/dos_gas.sol "@openzeppelin/contracts/access/AccessControl.sol"
python3 maian.py -c 2 -s /sb/dos_gas.sol "@openzeppelin/contracts/access/AccessControl.sol"
python3 maian.py -c 0 -s /sb/dos_gas.sol not
python3 maian.py -c 1 -s /sb/dos_gas.sol not
python3 maian.py -c 2 -s /sb/dos_gas.sol not
python3 maian.py -c 0 -s /sb/dos_gas.sol found:
python3 maian.py -c 1 -s /sb/dos_gas.sol found:
python3 maian.py -c 2 -s /sb/dos_gas.sol found:
python3 maian.py -c 0 -s /sb/dos_gas.sol File
python3 maian.py -c 1 -s /sb/dos_gas.sol File
python3 maian.py -c 2 -s /sb/dos_gas.sol File
python3 maian.py -c 0 -s /sb/dos_gas.sol not
python3 maian.py -c 1 -s /sb/dos_gas.sol not
python3 maian.py -c 2 -s /sb/dos_gas.sol not
python3 maian.py -c 0 -s /sb/dos_gas.sol found.
python3 maian.py -c 1 -s /sb/dos_gas.sol found.
python3 maian.py -c 2 -s /sb/dos_gas.sol found.
python3 maian.py -c 0 -s /sb/dos_gas.sol Searched
python3 maian.py -c 1 -s /sb/dos_gas.sol Searched
python3 maian.py -c 2 -s /sb/dos_gas.sol Searched
python3 maian.py -c 0 -s /sb/dos_gas.sol the
python3 maian.py -c 1 -s /sb/dos_gas.sol the
python3 maian.py -c 2 -s /sb/dos_gas.sol the
python3 maian.py -c 0 -s /sb/dos_gas.sol following
python3 maian.py -c 1 -s /sb/dos_gas.sol following
python3 maian.py -c 2 -s /sb/dos_gas.sol following
python3 maian.py -c 0 -s /sb/dos_gas.sol locations:
python3 maian.py -c 1 -s /sb/dos_gas.sol locations:
python3 maian.py -c 2 -s /sb/dos_gas.sol locations:
python3 maian.py -c 0 -s /sb/dos_gas.sol "".
python3 maian.py -c 1 -s /sb/dos_gas.sol "".
python3 maian.py -c 2 -s /sb/dos_gas.sol "".
python3 maian.py -c 0 -s /sb/dos_gas.sol -->
python3 maian.py -c 1 -s /sb/dos_gas.sol -->
python3 maian.py -c 2 -s /sb/dos_gas.sol -->
python3 maian.py -c 0 -s /sb/dos_gas.sol /sb/dos_gas.sol:7:1:
python3 maian.py -c 1 -s /sb/dos_gas.sol /sb/dos_gas.sol:7:1:
python3 maian.py -c 2 -s /sb/dos_gas.sol /sb/dos_gas.sol:7:1:
python3 maian.py -c 0 -s /sb/dos_gas.sol |
python3 maian.py -c 1 -s /sb/dos_gas.sol |
python3 maian.py -c 2 -s /sb/dos_gas.sol |
python3 maian.py -c 0 -s /sb/dos_gas.sol 7
python3 maian.py -c 1 -s /sb/dos_gas.sol 7
python3 maian.py -c 2 -s /sb/dos_gas.sol 7
python3 maian.py -c 0 -s /sb/dos_gas.sol |
python3 maian.py -c 1 -s /sb/dos_gas.sol |
python3 maian.py -c 2 -s /sb/dos_gas.sol |
python3 maian.py -c 0 -s /sb/dos_gas.sol import
python3 maian.py -c 1 -s /sb/dos_gas.sol import
python3 maian.py -c 2 -s /sb/dos_gas.sol import
python3 maian.py -c 0 -s /sb/dos_gas.sol "@openzeppelin/contracts/access/AccessControl.sol";
python3 maian.py -c 1 -s /sb/dos_gas.sol "@openzeppelin/contracts/access/AccessControl.sol";
python3 maian.py -c 2 -s /sb/dos_gas.sol "@openzeppelin/contracts/access/AccessControl.sol";
python3 maian.py -c 0 -s /sb/dos_gas.sol |
python3 maian.py -c 1 -s /sb/dos_gas.sol |
python3 maian.py -c 2 -s /sb/dos_gas.sol |
python3 maian.py -c 0 -s /sb/dos_gas.sol ^^^^^^^^^^^^^^^^^^^^^^^^^^^^^^^^^^^^^^^^^^^^^^^^^^^^^^^^^^
python3 maian.py -c 1 -s /sb/dos_gas.sol ^^^^^^^^^^^^^^^^^^^^^^^^^^^^^^^^^^^^^^^^^^^^^^^^^^^^^^^^^^
python3 maian.py -c 2 -s /sb/dos_gas.sol ^^^^^^^^^^^^^^^^^^^^^^^^^^^^^^^^^^^^^^^^^^^^^^^^^^^^^^^^^^
