Solidity version 0.8.31 detected, skipping SOLC_BIN export
[2026-04-14 12:34:08.861458] MANDO Initializing
Setting the default backend to "pytorch". You can change it in the ~/.dgl/config.json file or export the DGLBACKEND environment variable.  Valid options are: pytorch, mxnet, tensorflow (all lowercase)
[2026-04-14 12:34:35.564760] INFO: __main__: Setting execution timeout to 0 seconds
[2026-04-14 12:34:35.565877] INFO: __main__: Analyzing only for bug types: ['access_control', 'arithmetic', 'denial_of_service', 'front_running', 'reentrancy', 'time_manipulation', 'unchecked_low_level_calls']
[2026-04-14 12:37:22.930646] INFO: __main__: Number of buggy nodes: 6
[2026-04-14 12:37:22.930781] INFO: __main__: Number of clean nodes: 0
[2026-04-14 12:40:03.158581] INFO: __main__: Number of buggy nodes: 0
[2026-04-14 12:40:03.158874] INFO: __main__: Number of clean nodes: 6
[2026-04-14 12:43:09.893310] INFO: __main__: Number of buggy nodes: 5
[2026-04-14 12:43:09.893571] INFO: __main__: Number of clean nodes: 1
[2026-04-14 12:46:03.650211] INFO: __main__: Number of buggy nodes: 0
[2026-04-14 12:46:03.650559] INFO: __main__: Number of clean nodes: 6
[2026-04-14 12:48:54.034666] INFO: __main__: Number of buggy nodes: 6
[2026-04-14 12:48:54.034933] INFO: __main__: Number of clean nodes: 0
[2026-04-14 12:51:46.310517] INFO: __main__: Number of buggy nodes: 0
[2026-04-14 12:51:46.310829] INFO: __main__: Number of clean nodes: 6
[2026-04-14 12:55:11.687039] INFO: __main__: Number of buggy nodes: 0
[2026-04-14 12:55:11.687470] INFO: __main__: Number of clean nodes: 6
Result: {"summaries": [{"type": "access_control", "graph_runtime": 87023, "node_runtime": 79497, "number_of_bug_node": 6, "vulnerability": 1, "number_of_normal_node": 0, "results": [{"id": 3, "code_lines": [15], "vulnerability": 1}, {"id": 4, "code_lines": [16], "vulnerability": 1}]}, {"type": "arithmetic", "vulnerability": 0}, {"type": "denial_of_service", "graph_runtime": 95796, "node_runtime": 90367, "number_of_bug_node": 5, "vulnerability": 1, "number_of_normal_node": 1, "results": [{"id": 4, "code_lines": [16], "vulnerability": 1}]}, {"type": "front_running", "vulnerability": 0}, {"type": "reentrancy", "graph_runtime": 86911, "node_runtime": 81273, "number_of_bug_node": 6, "vulnerability": 1, "number_of_normal_node": 0, "results": [{"id": 3, "code_lines": [15], "vulnerability": 1}, {"id": 4, "code_lines": [16], "vulnerability": 1}]}, {"type": "time_manipulation", "vulnerability": 0}, {"type": "unchecked_low_level_calls", "vulnerability": 0}], "messages": "OK"}
[2026-04-14 12:55:11.691556] INFO: __main__: [2026-04-14 12:55:11.691472] Results written to output.json
DGL backend not selected or invalid.  Assuming PyTorch for now.
Using backend: pytorch
