INFO [04-14|14:13:35.359] Starting Geth in ephemeral dev mode... 
INFO [04-14|14:13:35.360] Maximum peer count                       ETH=50 LES=0 total=50
INFO [04-14|14:13:35.360] Smartcard socket not found, disabling    err="stat /run/pcscd/pcscd.comm: no such file or directory"
INFO [04-14|14:13:35.361] Set global gas cap                       cap=50,000,000
INFO [04-14|14:13:35.507] Using developer account                  address=0x4ca0B761035d8EB4E85007B5DAfC8B0F706cd2Bd
INFO [04-14|14:13:35.507] Allocated trie memory caches             clean=154.00MiB dirty=256.00MiB
INFO [04-14|14:13:35.507] Writing custom genesis block 
INFO [04-14|14:13:35.508] Persisted trie from memory database      nodes=13 size=1.90KiB time="41.408µs" gcnodes=0 gcsize=0.00B gctime=0s livenodes=1 livesize=0.00B
INFO [04-14|14:13:35.508] Initialised chain configuration          config="{ChainID: 1337 Homestead: 0 DAO: <nil> DAOSupport: false EIP150: 0 EIP155: 0 EIP158: 0 Byzantium: 0 Constantinople: 0 Petersburg: 0 Istanbul: 0, Muir Glacier: 0, Berlin: 0, London: 0, Arrow Glacier: <nil>, MergeFork: <nil>, Engine: clique}"
INFO [04-14|14:13:35.508] Initialising Ethereum protocol           network=1337 dbversion=<nil>
INFO [04-14|14:13:35.508] Loaded most recent local header          number=0 hash=dd1f39..757704 td=1 age=57y1mo1w
INFO [04-14|14:13:35.508] Loaded most recent local full block      number=0 hash=dd1f39..757704 td=1 age=57y1mo1w
INFO [04-14|14:13:35.508] Loaded most recent local fast block      number=0 hash=dd1f39..757704 td=1 age=57y1mo1w
WARN [04-14|14:13:35.508] Failed to load snapshot, regenerating    err="missing or corrupted snapshot"
INFO [04-14|14:13:35.508] Rebuilding state snapshot 
INFO [04-14|14:13:35.508] Resuming state snapshot generation       root=e90c4d..b84427 accounts=0 slots=0 storage=0.00B elapsed="222.945µs"
INFO [04-14|14:13:35.509] Gasprice oracle is ignoring threshold set threshold=2
WARN [04-14|14:13:35.509] Error reading unclean shutdown markers   error="not found"
INFO [04-14|14:13:35.509] Stored checkpoint snapshot to disk       number=0 hash=dd1f39..757704
INFO [04-14|14:13:35.509] Starting peer-to-peer node               instance=Geth/v1.10.14-stable-11a3a350/linux-amd64/go1.17.5
WARN [04-14|14:13:35.509] P2P server will be useless, neither dialing nor listening 
INFO [04-14|14:13:35.509] Generated state snapshot                 accounts=10 slots=0 storage=412.00B elapsed="598.021µs"
INFO [04-14|14:13:35.511] IPC endpoint opened                      url=/tmp/geth.ipc
INFO [04-14|14:13:35.511] HTTP server started                      endpoint=127.0.0.1:8545 prefix= cors= vhosts=localhost
INFO [04-14|14:13:35.511] Transaction pool price threshold updated price=1,000,000,000
INFO [04-14|14:13:35.511] Updated mining threads                   threads=0
INFO [04-14|14:13:35.511] Transaction pool price threshold updated price=1
INFO [04-14|14:13:35.511] Etherbase automatically configured       address=0x4ca0B761035d8EB4E85007B5DAfC8B0F706cd2Bd
INFO [04-14|14:13:35.511] New local node record                    seq=1,776,176,015,511 id=f7939ad385809bca ip=127.0.0.1 udp=0 tcp=0
WARN [04-14|14:13:35.511] Block sealing failed                     err="sealing paused while waiting for transactions"
INFO [04-14|14:13:35.511] Started P2P networking                   self=enode://2d7de581f3a2f1b93107a3c7e33dddd037aa706a188504f1540a6511044c1d12cfae01473b8b6f4c659e2a867d78d061fd436e0ebea792560a88a72f5009d89d@127.0.0.1:0
INFO [04-14|14:13:35.511] Commit new mining work                   number=1 sealhash=cac46d..1b84aa uncles=0 txs=0 gas=0 fees=0 elapsed="51.81µs"
WARN [04-14|14:13:35.512] Failed to get free disk space            path= err="failed to call Statfs: no such file or directory"
2026-04-14 14:13:37 05430672d70b pakala.sm[21] INFO Analysis finished with 0 outcomes (0 interesting, 2 unfinished), coverage is 6%
2026-04-14 14:13:37 05430672d70b pakala.sm[21] INFO Interpreter errors encountered: [("InterpreterError('Unknown opcode 0x5f')", 2)]
Analyzing contract at 0xDEADBEEF00000000000000000000000000000000 with balance 1.337000 ether.
Starting symbolic execution step...
Symbolic execution finished with coverage 6%.
Outcomes: 0 interesting. 0 total and 2 unfinished paths.

Starting analysis step...
Nothing to report.
