               
               
┌─────────────┐
│ Scan Status │
└─────────────┘
  Scanning 1 file tracked by git with 57 Code rules:
  Scanning 1 file with 57 solidity rules.
                  
                  
┌────────────────┐
│ 1 Code Finding │
└────────────────┘
                          
    /sb/missing_revert.sol
     ❱ solidity.performance.init-variables-with-default-value
          Uninitialized variables are assigned with the types default value. Explicitly initializing a
          variable with its default value costs unnecessary gas.                                      
                                                                                                      
            7┆ bool flag = false;

                
                
┌──────────────┐
│ Scan Summary │
└──────────────┘
✅ Scan completed successfully.
 • Findings: 1 (1 blocking)
 • Rules run: 57
 • Targets scanned: 1
 • Parsed lines: ~100.0%
 • No ignore information available
Ran 57 rules on 1 file: 1 finding.
