Arguments passed: ['/mnt/c/Users/shc-pc/Documents/GitHub/smartbugs/sb/__main__.py', '-t', 'all', '-f', 'mytest/**/*.sol', '--processes', '8']
Settings: {files: [(None, 'mytest/**/*.sol')], main: False, runtime: False, tools: ['all'], runid: 20260414_1210, overwrite: False, processes: 8, timeout: None, cpu_quota: None, mem_limit: None, continue_on_errors: False, results: results/${TOOL}/20260414_1210/${FILENAME}, log: results/logs/20260414_1210.log, json: False, sarif: False, quiet: False}
Starting task 1/285: ccc and mytest/MWEs/visibility/wrong_constructor.sol
Starting task 2/285: slither-0.11.3 and mytest/MWEs/gas/dos_gas.sol
Starting task 3/285: osiris and mytest/MWEs/visibility/variable_visibility.sol
Starting task 4/285: confuzzius and mytest/MWEs/tx_origin/tx_as_sender.sol
Starting task 5/285: securify and mytest/MWEs/visibility/function_visibility.sol
Starting task 6/285: securify2 and mytest/MWEs/visibility/variable_visibility.sol
Starting task 7/285: honeybadger and mytest/MWEs/visibility/function_visibility.sol
Starting task 8/285: oyente+-060ca34 and mytest/MWEs/misapplied/missing_revert.sol
Starting task 9/285: mando-hgt and mytest/MWEs/misapplied/incorrect_logical.sol
Starting task 10/285: semgrep-1.131.0-1.2.1 and mytest/MWEs/signature/replay.sol
Starting task 11/285: smartcheck and mytest/MWEs/delegatecall/arbitrary_to.sol
Starting task 12/285: slither-0.11.3 and mytest/MWEs/initialization/re_inherit.sol
Starting task 13/285: sfuzz and mytest/MWEs/visibility/variable_visibility.sol
Starting task 14/285: vulhunter-0.2 and mytest/MWEs/initialization/uninitialized.sol
Starting task 15/285: manticore-0.3.7 and mytest/MWEs/misapplied/missing_revert.sol
Starting task 16/285: oyente+-060ca34 and mytest/MWEs/delegatecall/forward_msg_data.sol
Starting task 17/285: smartcheck and mytest/MWEs/initialization/re_initialized.sol
Starting task 18/285: osiris and mytest/MWEs/initialization/re_inherit.sol
Starting task 19/285: smartcheck and mytest/MWEs/misapplied/incorrect_logical.sol
Starting task 20/285: maian and mytest/MWEs/visibility/wrong_constructor.sol
Starting task 21/285: oyente+-060ca34 and mytest/MWEs/tx_origin/tx_authorization.sol
Starting task 22/285: ccc and mytest/MWEs/tx_origin/tx_authorization.sol
Starting task 23/285: sfuzz and mytest/MWEs/gas/dos_gas.sol
Starting task 24/285: maian and mytest/MWEs/misapplied/incorrect_logical.sol
Starting task 25/285: maian and mytest/MWEs/tx_origin/tx_as_sender.sol
Starting task 26/285: maian and mytest/MWEs/initialization/uninitialized.sol
Starting task 27/285: securify and mytest/MWEs/signature/replay.sol
Starting task 28/285: sfuzz and mytest/MWEs/missing/missing_guard.sol
Starting task 29/285: semgrep-1.131.0-1.2.1 and mytest/MWEs/delegatecall/forward_msg_data.sol
Starting task 30/285: semgrep-1.131.0-1.2.1 and mytest/MWEs/gas/dos_gas.sol
Starting task 31/285: mythril-0.24.8 and mytest/MWEs/tx_origin/tx_authorization.sol
Starting task 32/285: mythril-0.24.8 and mytest/MWEs/initialization/uninitialized.sol
Starting task 33/285: mando-hgt and mytest/MWEs/visibility/function_visibility.sol
Starting task 34/285: osiris and mytest/MWEs/gas/dos_gas.sol
Starting task 35/285: honeybadger and mytest/MWEs/delegatecall/forward_msg_data.sol
Starting task 36/285: mando-hgt and mytest/MWEs/visibility/wrong_constructor.sol
Starting task 37/285: osiris and mytest/MWEs/tx_origin/tx_authorization.sol
Starting task 38/285: vulhunter-0.2 and mytest/MWEs/misapplied/missing_revert.sol
Starting task 39/285: honeybadger and mytest/MWEs/tx_origin/tx_as_sender.sol
Starting task 40/285: slither-0.11.3 and mytest/MWEs/misapplied/incorrect_logical.sol
Starting task 41/285: mando-hgt and mytest/MWEs/misapplied/missing_revert.sol
Starting task 42/285: conkas and mytest/MWEs/missing/missing_guard.sol
Starting task 43/285: sfuzz and mytest/MWEs/visibility/function_visibility.sol
Starting task 44/285: confuzzius and mytest/MWEs/visibility/variable_visibility.sol
Starting task 45/285: manticore-0.3.7 and mytest/MWEs/tx_origin/tx_authorization.sol
Starting task 46/285: mando and mytest/MWEs/misapplied/missing_revert.sol
Starting task 47/285: solhint-6.0.0 and mytest/MWEs/misapplied/missing_revert.sol
Starting task 48/285: sfuzz and mytest/MWEs/signature/replay.sol
Starting task 49/285: semgrep-1.131.0-1.2.1 and mytest/MWEs/misapplied/missing_revert.sol
Starting task 50/285: maian and mytest/MWEs/initialization/re_inherit.sol
Starting task 51/285: mando-hgt and mytest/MWEs/initialization/re_inherit.sol
Starting task 52/285: solhint-6.0.0 and mytest/MWEs/visibility/function_visibility.sol
Starting task 53/285: slither-0.11.3 and mytest/MWEs/delegatecall/arbitrary_to.sol
Starting task 54/285: mando-hgt and mytest/MWEs/gas/dos_gas.sol
Starting task 55/285: confuzzius and mytest/MWEs/delegatecall/arbitrary_to.sol
Starting task 56/285: honeybadger and mytest/MWEs/gas/dos_gas.sol
Starting task 57/285: osiris and mytest/MWEs/visibility/wrong_constructor.sol
Starting task 58/285: smartcheck and mytest/MWEs/gas/dos_gas.sol
Starting task 59/285: ccc and mytest/MWEs/visibility/variable_visibility.sol
Starting task 60/285: conkas and mytest/MWEs/delegatecall/forward_msg_data.sol
Starting task 61/285: maian and mytest/MWEs/visibility/function_visibility.sol
Starting task 62/285: securify and mytest/MWEs/misapplied/incorrect_logical.sol
Starting task 63/285: securify2 and mytest/MWEs/initialization/re_initialized.sol
Starting task 64/285: mythril-0.24.8 and mytest/MWEs/gas/dos_gas.sol
Starting task 65/285: honeybadger and mytest/MWEs/delegatecall/arbitrary_to.sol
Starting task 66/285: manticore-0.3.7 and mytest/MWEs/tx_origin/tx_as_sender.sol
Starting task 67/285: vulhunter-0.2 and mytest/MWEs/initialization/re_inherit.sol
Starting task 68/285: vulhunter-0.2 and mytest/MWEs/visibility/variable_visibility.sol
Starting task 69/285: confuzzius and mytest/MWEs/initialization/re_initialized.sol
Starting task 70/285: honeybadger and mytest/MWEs/misapplied/missing_revert.sol
Starting task 71/285: solhint-6.0.0 and mytest/MWEs/tx_origin/tx_authorization.sol
Starting task 72/285: securify2 and mytest/MWEs/missing/missing_guard.sol
Starting task 73/285: honeybadger and mytest/MWEs/initialization/re_inherit.sol
Starting task 74/285: honeybadger and mytest/MWEs/initialization/re_initialized.sol
Starting task 75/285: oyente+-060ca34 and mytest/MWEs/missing/missing_guard.sol
Starting task 76/285: maian and mytest/MWEs/delegatecall/arbitrary_to.sol
Starting task 77/285: honeybadger and mytest/MWEs/missing/missing_guard.sol
Starting task 78/285: manticore-0.3.7 and mytest/MWEs/initialization/re_initialized.sol
Starting task 79/285: securify2 and mytest/MWEs/signature/replay.sol
Starting task 80/285: mythril-0.24.8 and mytest/MWEs/tx_origin/tx_as_sender.sol
Starting task 81/285: smartcheck and mytest/MWEs/initialization/re_inherit.sol
Starting task 82/285: solhint-6.0.0 and mytest/MWEs/gas/dos_gas.sol
Starting task 83/285: securify2 and mytest/MWEs/gas/dos_gas.sol
Starting task 84/285: mando-hgt and mytest/MWEs/initialization/re_initialized.sol
Starting task 85/285: honeybadger and mytest/MWEs/tx_origin/tx_authorization.sol
Starting task 86/285: mando and mytest/MWEs/initialization/uninitialized.sol
Starting task 87/285: manticore-0.3.7 and mytest/MWEs/visibility/variable_visibility.sol
Starting task 88/285: semgrep-1.131.0-1.2.1 and mytest/MWEs/initialization/re_initialized.sol
Starting task 89/285: mando-hgt and mytest/MWEs/tx_origin/tx_as_sender.sol
Starting task 90/285: confuzzius and mytest/MWEs/visibility/wrong_constructor.sol
Starting task 91/285: securify2 and mytest/MWEs/misapplied/missing_revert.sol
Starting task 92/285: confuzzius and mytest/MWEs/missing/missing_guard.sol
Starting task 93/285: vulhunter-0.2 and mytest/MWEs/signature/replay.sol
Starting task 94/285: securify and mytest/MWEs/delegatecall/arbitrary_to.sol
Starting task 95/285: vulhunter-0.2 and mytest/MWEs/tx_origin/tx_as_sender.sol
Starting task 96/285: securify2 and mytest/MWEs/delegatecall/forward_msg_data.sol
Starting task 97/285: slither-0.11.3 and mytest/MWEs/tx_origin/tx_authorization.sol
Starting task 98/285: sfuzz and mytest/MWEs/initialization/re_inherit.sol
Starting task 99/285: osiris and mytest/MWEs/missing/missing_guard.sol
Starting task 100/285: sfuzz and mytest/MWEs/misapplied/missing_revert.sol
Starting task 101/285: manticore-0.3.7 and mytest/MWEs/initialization/uninitialized.sol
Starting task 102/285: semgrep-1.131.0-1.2.1 and mytest/MWEs/misapplied/incorrect_logical.sol
Starting task 103/285: manticore-0.3.7 and mytest/MWEs/signature/replay.sol
Starting task 104/285: semgrep-1.131.0-1.2.1 and mytest/MWEs/initialization/uninitialized.sol
Starting task 105/285: conkas and mytest/MWEs/tx_origin/tx_authorization.sol
Starting task 106/285: manticore-0.3.7 and mytest/MWEs/gas/dos_gas.sol
Starting task 107/285: oyente+-060ca34 and mytest/MWEs/initialization/uninitialized.sol
Starting task 108/285: mando and mytest/MWEs/delegatecall/arbitrary_to.sol
Starting task 109/285: mythril-0.24.8 and mytest/MWEs/visibility/function_visibility.sol
Starting task 110/285: mando and mytest/MWEs/gas/dos_gas.sol
Starting task 111/285: smartcheck and mytest/MWEs/tx_origin/tx_as_sender.sol
Starting task 112/285: conkas and mytest/MWEs/initialization/re_inherit.sol
Starting task 113/285: solhint-6.0.0 and mytest/MWEs/initialization/re_inherit.sol
Starting task 114/285: solhint-6.0.0 and mytest/MWEs/visibility/wrong_constructor.sol
Starting task 115/285: mythril-0.24.8 and mytest/MWEs/delegatecall/forward_msg_data.sol
Starting task 116/285: ccc and mytest/MWEs/misapplied/missing_revert.sol
Starting task 117/285: securify and mytest/MWEs/visibility/variable_visibility.sol
Starting task 118/285: securify and mytest/MWEs/initialization/re_initialized.sol
Starting task 119/285: confuzzius and mytest/MWEs/misapplied/incorrect_logical.sol
Starting task 120/285: ccc and mytest/MWEs/delegatecall/forward_msg_data.sol
Starting task 121/285: maian and mytest/MWEs/tx_origin/tx_authorization.sol
Starting task 122/285: osiris and mytest/MWEs/misapplied/missing_revert.sol
Starting task 123/285: conkas and mytest/MWEs/visibility/wrong_constructor.sol
Starting task 124/285: slither-0.11.3 and mytest/MWEs/initialization/re_initialized.sol
Starting task 125/285: solhint-6.0.0 and mytest/MWEs/initialization/uninitialized.sol
Starting task 126/285: mythril-0.24.8 and mytest/MWEs/misapplied/missing_revert.sol
Starting task 127/285: honeybadger and mytest/MWEs/signature/replay.sol
Starting task 128/285: mando and mytest/MWEs/visibility/variable_visibility.sol
Starting task 129/285: securify and mytest/MWEs/delegatecall/forward_msg_data.sol
Starting task 130/285: slither-0.11.3 and mytest/MWEs/misapplied/missing_revert.sol
Starting task 131/285: manticore-0.3.7 and mytest/MWEs/delegatecall/arbitrary_to.sol
Starting task 132/285: sfuzz and mytest/MWEs/initialization/uninitialized.sol
Starting task 133/285: solhint-6.0.0 and mytest/MWEs/delegatecall/arbitrary_to.sol
Starting task 134/285: oyente+-060ca34 and mytest/MWEs/visibility/wrong_constructor.sol
Starting task 135/285: mando and mytest/MWEs/delegatecall/forward_msg_data.sol
Starting task 136/285: maian and mytest/MWEs/initialization/re_initialized.sol
Starting task 137/285: manticore-0.3.7 and mytest/MWEs/visibility/function_visibility.sol
Starting task 138/285: securify and mytest/MWEs/initialization/uninitialized.sol
Starting task 139/285: semgrep-1.131.0-1.2.1 and mytest/MWEs/delegatecall/arbitrary_to.sol
Starting task 140/285: osiris and mytest/MWEs/tx_origin/tx_as_sender.sol
Starting task 141/285: mythril-0.24.8 and mytest/MWEs/missing/missing_guard.sol
Starting task 142/285: mando and mytest/MWEs/tx_origin/tx_authorization.sol
Starting task 143/285: maian and mytest/MWEs/gas/dos_gas.sol
Starting task 144/285: oyente+-060ca34 and mytest/MWEs/visibility/function_visibility.sol
Starting task 145/285: conkas and mytest/MWEs/misapplied/incorrect_logical.sol
Starting task 146/285: conkas and mytest/MWEs/delegatecall/arbitrary_to.sol
Starting task 147/285: mando and mytest/MWEs/signature/replay.sol
Starting task 148/285: conkas and mytest/MWEs/signature/replay.sol
Starting task 149/285: oyente+-060ca34 and mytest/MWEs/visibility/variable_visibility.sol
Starting task 150/285: confuzzius and mytest/MWEs/misapplied/missing_revert.sol
Starting task 151/285: manticore-0.3.7 and mytest/MWEs/delegatecall/forward_msg_data.sol
Starting task 152/285: mando and mytest/MWEs/misapplied/incorrect_logical.sol
Starting task 153/285: honeybadger and mytest/MWEs/visibility/variable_visibility.sol
Starting task 154/285: smartcheck and mytest/MWEs/missing/missing_guard.sol
Starting task 155/285: semgrep-1.131.0-1.2.1 and mytest/MWEs/visibility/function_visibility.sol
Starting task 156/285: vulhunter-0.2 and mytest/MWEs/visibility/function_visibility.sol
Starting task 157/285: mando-hgt and mytest/MWEs/delegatecall/forward_msg_data.sol
Starting task 158/285: securify2 and mytest/MWEs/visibility/wrong_constructor.sol
Starting task 159/285: solhint-6.0.0 and mytest/MWEs/signature/replay.sol
Starting task 160/285: mando and mytest/MWEs/visibility/function_visibility.sol
Starting task 161/285: slither-0.11.3 and mytest/MWEs/visibility/variable_visibility.sol
Starting task 162/285: vulhunter-0.2 and mytest/MWEs/tx_origin/tx_authorization.sol
Starting task 163/285: maian and mytest/MWEs/visibility/variable_visibility.sol
Starting task 164/285: semgrep-1.131.0-1.2.1 and mytest/MWEs/visibility/wrong_constructor.sol
Starting task 165/285: ccc and mytest/MWEs/delegatecall/arbitrary_to.sol
Starting task 166/285: sfuzz and mytest/MWEs/delegatecall/forward_msg_data.sol
Starting task 167/285: slither-0.11.3 and mytest/MWEs/visibility/function_visibility.sol
Starting task 168/285: smartcheck and mytest/MWEs/initialization/uninitialized.sol
Starting task 169/285: securify2 and mytest/MWEs/initialization/uninitialized.sol
Starting task 170/285: sfuzz and mytest/MWEs/misapplied/incorrect_logical.sol
Starting task 171/285: vulhunter-0.2 and mytest/MWEs/misapplied/incorrect_logical.sol
Starting task 172/285: ccc and mytest/MWEs/misapplied/incorrect_logical.sol
Starting task 173/285: mando and mytest/MWEs/initialization/re_inherit.sol
Starting task 174/285: confuzzius and mytest/MWEs/delegatecall/forward_msg_data.sol
Starting task 175/285: securify2 and mytest/MWEs/misapplied/incorrect_logical.sol
Starting task 176/285: confuzzius and mytest/MWEs/initialization/uninitialized.sol
Starting task 177/285: mythril-0.24.8 and mytest/MWEs/misapplied/incorrect_logical.sol
Starting task 178/285: mythril-0.24.8 and mytest/MWEs/signature/replay.sol
Starting task 179/285: manticore-0.3.7 and mytest/MWEs/visibility/wrong_constructor.sol
Starting task 180/285: mando and mytest/MWEs/visibility/wrong_constructor.sol
Starting task 181/285: semgrep-1.131.0-1.2.1 and mytest/MWEs/tx_origin/tx_as_sender.sol
Starting task 182/285: confuzzius and mytest/MWEs/signature/replay.sol
Starting task 183/285: slither-0.11.3 and mytest/MWEs/missing/missing_guard.sol
Starting task 184/285: smartcheck and mytest/MWEs/visibility/function_visibility.sol
Starting task 185/285: securify and mytest/MWEs/tx_origin/tx_as_sender.sol
Starting task 186/285: semgrep-1.131.0-1.2.1 and mytest/MWEs/initialization/re_inherit.sol
Starting task 187/285: osiris and mytest/MWEs/signature/replay.sol
Starting task 188/285: honeybadger and mytest/MWEs/visibility/wrong_constructor.sol
Starting task 189/285: ccc and mytest/MWEs/visibility/function_visibility.sol
Starting task 190/285: maian and mytest/MWEs/missing/missing_guard.sol
Starting task 191/285: mando and mytest/MWEs/tx_origin/tx_as_sender.sol
Starting task 192/285: securify2 and mytest/MWEs/delegatecall/arbitrary_to.sol
Starting task 193/285: ccc and mytest/MWEs/initialization/re_inherit.sol
Starting task 194/285: oyente+-060ca34 and mytest/MWEs/initialization/re_inherit.sol
Starting task 195/285: ccc and mytest/MWEs/tx_origin/tx_as_sender.sol
Starting task 196/285: ccc and mytest/MWEs/initialization/uninitialized.sol
Starting task 197/285: smartcheck and mytest/MWEs/visibility/wrong_constructor.sol
Starting task 198/285: oyente+-060ca34 and mytest/MWEs/signature/replay.sol
Starting task 199/285: confuzzius and mytest/MWEs/visibility/function_visibility.sol
Starting task 200/285: osiris and mytest/MWEs/delegatecall/forward_msg_data.sol
Starting task 201/285: mando-hgt and mytest/MWEs/initialization/uninitialized.sol
Starting task 202/285: conkas and mytest/MWEs/initialization/re_initialized.sol
Starting task 203/285: mythril-0.24.8 and mytest/MWEs/visibility/variable_visibility.sol
Starting task 204/285: securify and mytest/MWEs/visibility/wrong_constructor.sol
Starting task 205/285: solhint-6.0.0 and mytest/MWEs/visibility/variable_visibility.sol
Starting task 206/285: securify and mytest/MWEs/misapplied/missing_revert.sol
Starting task 207/285: mando and mytest/MWEs/missing/missing_guard.sol
Starting task 208/285: securify2 and mytest/MWEs/initialization/re_inherit.sol
Starting task 209/285: securify and mytest/MWEs/tx_origin/tx_authorization.sol
Starting task 210/285: ccc and mytest/MWEs/gas/dos_gas.sol
Starting task 211/285: semgrep-1.131.0-1.2.1 and mytest/MWEs/visibility/variable_visibility.sol
Starting task 212/285: mythril-0.24.8 and mytest/MWEs/initialization/re_inherit.sol
Starting task 213/285: oyente+-060ca34 and mytest/MWEs/gas/dos_gas.sol
Starting task 214/285: solhint-6.0.0 and mytest/MWEs/tx_origin/tx_as_sender.sol
Starting task 215/285: smartcheck and mytest/MWEs/visibility/variable_visibility.sol
Starting task 216/285: semgrep-1.131.0-1.2.1 and mytest/MWEs/tx_origin/tx_authorization.sol
Starting task 217/285: smartcheck and mytest/MWEs/signature/replay.sol
Starting task 218/285: manticore-0.3.7 and mytest/MWEs/missing/missing_guard.sol
Starting task 219/285: smartcheck and mytest/MWEs/delegatecall/forward_msg_data.sol
Starting task 220/285: securify and mytest/MWEs/initialization/re_inherit.sol
Starting task 221/285: slither-0.11.3 and mytest/MWEs/initialization/uninitialized.sol
Starting task 222/285: osiris and mytest/MWEs/initialization/uninitialized.sol
Starting task 223/285: vulhunter-0.2 and mytest/MWEs/delegatecall/arbitrary_to.sol
Starting task 224/285: oyente+-060ca34 and mytest/MWEs/misapplied/incorrect_logical.sol
Starting task 225/285: mando-hgt and mytest/MWEs/delegatecall/arbitrary_to.sol
Starting task 226/285: ccc and mytest/MWEs/initialization/re_initialized.sol
Starting task 227/285: conkas and mytest/MWEs/misapplied/missing_revert.sol
Starting task 228/285: manticore-0.3.7 and mytest/MWEs/initialization/re_inherit.sol
Starting task 229/285: sfuzz and mytest/MWEs/initialization/re_initialized.sol
Starting task 230/285: solhint-6.0.0 and mytest/MWEs/delegatecall/forward_msg_data.sol
Starting task 231/285: vulhunter-0.2 and mytest/MWEs/delegatecall/forward_msg_data.sol
Starting task 232/285: mythril-0.24.8 and mytest/MWEs/delegatecall/arbitrary_to.sol
Starting task 233/285: smartcheck and mytest/MWEs/misapplied/missing_revert.sol
Starting task 234/285: solhint-6.0.0 and mytest/MWEs/misapplied/incorrect_logical.sol
Starting task 235/285: slither-0.11.3 and mytest/MWEs/delegatecall/forward_msg_data.sol
Starting task 236/285: ccc and mytest/MWEs/missing/missing_guard.sol
Starting task 237/285: conkas and mytest/MWEs/visibility/function_visibility.sol
Starting task 238/285: honeybadger and mytest/MWEs/initialization/uninitialized.sol
Starting task 239/285: sfuzz and mytest/MWEs/tx_origin/tx_as_sender.sol
Starting task 240/285: sfuzz and mytest/MWEs/delegatecall/arbitrary_to.sol
Starting task 241/285: confuzzius and mytest/MWEs/tx_origin/tx_authorization.sol
Starting task 242/285: confuzzius and mytest/MWEs/initialization/re_inherit.sol
Starting task 243/285: confuzzius and mytest/MWEs/gas/dos_gas.sol
Starting task 244/285: mando-hgt and mytest/MWEs/missing/missing_guard.sol
Starting task 245/285: manticore-0.3.7 and mytest/MWEs/misapplied/incorrect_logical.sol
Starting task 246/285: oyente+-060ca34 and mytest/MWEs/tx_origin/tx_as_sender.sol
Starting task 247/285: osiris and mytest/MWEs/misapplied/incorrect_logical.sol
Starting task 248/285: ccc and mytest/MWEs/signature/replay.sol
Starting task 249/285: slither-0.11.3 and mytest/MWEs/visibility/wrong_constructor.sol
Starting task 250/285: solhint-6.0.0 and mytest/MWEs/initialization/re_initialized.sol
Starting task 251/285: mando-hgt and mytest/MWEs/visibility/variable_visibility.sol
Starting task 252/285: smartcheck and mytest/MWEs/tx_origin/tx_authorization.sol
Starting task 253/285: slither-0.11.3 and mytest/MWEs/tx_origin/tx_as_sender.sol
Starting task 254/285: mando and mytest/MWEs/initialization/re_initialized.sol
Starting task 255/285: conkas and mytest/MWEs/tx_origin/tx_as_sender.sol
Starting task 256/285: securify2 and mytest/MWEs/tx_origin/tx_as_sender.sol
Starting task 257/285: osiris and mytest/MWEs/delegatecall/arbitrary_to.sol
Starting task 258/285: osiris and mytest/MWEs/initialization/re_initialized.sol
Starting task 259/285: conkas and mytest/MWEs/visibility/variable_visibility.sol
Starting task 260/285: mando-hgt and mytest/MWEs/tx_origin/tx_authorization.sol
Starting task 261/285: securify and mytest/MWEs/gas/dos_gas.sol
Starting task 262/285: vulhunter-0.2 and mytest/MWEs/missing/missing_guard.sol
Starting task 263/285: securify2 and mytest/MWEs/visibility/function_visibility.sol
Starting task 264/285: securify2 and mytest/MWEs/tx_origin/tx_authorization.sol
Starting task 265/285: sfuzz and mytest/MWEs/visibility/wrong_constructor.sol
Starting task 266/285: oyente+-060ca34 and mytest/MWEs/initialization/re_initialized.sol
Starting task 267/285: maian and mytest/MWEs/delegatecall/forward_msg_data.sol
Starting task 268/285: sfuzz and mytest/MWEs/tx_origin/tx_authorization.sol
Starting task 269/285: mando-hgt and mytest/MWEs/signature/replay.sol
Starting task 270/285: maian and mytest/MWEs/misapplied/missing_revert.sol
Starting task 271/285: mythril-0.24.8 and mytest/MWEs/visibility/wrong_constructor.sol
Starting task 272/285: solhint-6.0.0 and mytest/MWEs/missing/missing_guard.sol
Starting task 273/285: conkas and mytest/MWEs/gas/dos_gas.sol
Starting task 274/285: honeybadger and mytest/MWEs/misapplied/incorrect_logical.sol
Starting task 275/285: maian and mytest/MWEs/signature/replay.sol
Starting task 276/285: conkas and mytest/MWEs/initialization/uninitialized.sol
Starting task 277/285: vulhunter-0.2 and mytest/MWEs/visibility/wrong_constructor.sol
Starting task 278/285: securify and mytest/MWEs/missing/missing_guard.sol
Starting task 279/285: mythril-0.24.8 and mytest/MWEs/initialization/re_initialized.sol
Starting task 280/285: semgrep-1.131.0-1.2.1 and mytest/MWEs/missing/missing_guard.sol
Starting task 281/285: osiris and mytest/MWEs/visibility/function_visibility.sol
Starting task 282/285: oyente+-060ca34 and mytest/MWEs/delegatecall/arbitrary_to.sol
Starting task 283/285: vulhunter-0.2 and mytest/MWEs/gas/dos_gas.sol
Starting task 284/285: slither-0.11.3 and mytest/MWEs/signature/replay.sol
Starting task 285/285: vulhunter-0.2 and mytest/MWEs/initialization/re_initialized.sol
Analysis completed in 1:11:22.
