Solidity version 0.8.31 detected, skipping SOLC_BIN export
[2026-04-14 12:13:17.129398] MANDO Initializing
Setting the default backend to "pytorch". You can change it in the ~/.dgl/config.json file or export the DGLBACKEND environment variable.  Valid options are: pytorch, mxnet, tensorflow (all lowercase)
[2026-04-14 12:13:42.984053] INFO: __main__: Setting execution timeout to 0 seconds
[2026-04-14 12:13:42.984223] INFO: __main__: Analyzing only for bug types: ['access_control', 'arithmetic', 'denial_of_service', 'front_running', 'reentrancy', 'time_manipulation', 'unchecked_low_level_calls']
[2026-04-14 12:16:33.351949] INFO: __main__: Number of buggy nodes: 6
[2026-04-14 12:16:33.352098] INFO: __main__: Number of clean nodes: 0
[2026-04-14 12:19:19.823884] INFO: __main__: Number of buggy nodes: 0
[2026-04-14 12:19:19.824010] INFO: __main__: Number of clean nodes: 6
[2026-04-14 12:22:23.348228] INFO: __main__: Number of buggy nodes: 4
[2026-04-14 12:22:23.348534] INFO: __main__: Number of clean nodes: 2
[2026-04-14 12:25:08.534806] INFO: __main__: Number of buggy nodes: 0
[2026-04-14 12:25:08.535238] INFO: __main__: Number of clean nodes: 6
[2026-04-14 12:28:00.351511] INFO: __main__: Number of buggy nodes: 6
[2026-04-14 12:28:00.351656] INFO: __main__: Number of clean nodes: 0
[2026-04-14 12:30:44.966159] INFO: __main__: Number of buggy nodes: 0
[2026-04-14 12:30:44.966266] INFO: __main__: Number of clean nodes: 6
[2026-04-14 12:34:03.372995] INFO: __main__: Number of buggy nodes: 0
[2026-04-14 12:34:03.373511] INFO: __main__: Number of clean nodes: 6
Result: {"summaries": [{"type": "access_control", "graph_runtime": 89226, "node_runtime": 80396, "number_of_bug_node": 6, "vulnerability": 1, "number_of_normal_node": 0, "results": [{"id": 3, "code_lines": [15], "vulnerability": 1}, {"id": 4, "code_lines": [16], "vulnerability": 1}]}, {"type": "arithmetic", "vulnerability": 0}, {"type": "denial_of_service", "graph_runtime": 102415, "node_runtime": 80557, "number_of_bug_node": 4, "vulnerability": 1, "number_of_normal_node": 2, "results": []}, {"type": "front_running", "vulnerability": 0}, {"type": "reentrancy", "graph_runtime": 89529, "node_runtime": 80429, "number_of_bug_node": 6, "vulnerability": 1, "number_of_normal_node": 0, "results": [{"id": 3, "code_lines": [15], "vulnerability": 1}, {"id": 4, "code_lines": [16], "vulnerability": 1}]}, {"type": "time_manipulation", "vulnerability": 0}, {"type": "unchecked_low_level_calls", "vulnerability": 0}], "messages": "OK"}
[2026-04-14 12:34:03.375305] INFO: __main__: [2026-04-14 12:34:03.375272] Results written to output.json
DGL backend not selected or invalid.  Assuming PyTorch for now.
Using backend: pytorch
