Extract contract Derived from /sb/re_inherit.sol
Extract contract Parent from /sb/re_inherit.sol
Extracted 2 contract(s) from /sb/re_inherit.sol
[0;32m> Created "fuzzMe"[0m
[0;32m> To fuzz contracts:[0m
  chmod +x fuzzMe
  ./fuzzMe
Error: Source file requires different compiler version (current compiler is 0.8.31+commit.fd3a2265.Linux.g++) - note that nightly builds are considered to be strictly less than the released version
 --> assets/ReentrancyAttacker.sol:1:1:
  |
1 | pragma solidity ^0.4.24;
  | ^^^^^^^^^^^^^^^^^^^^^^^^

Error: Source file requires different compiler version (current compiler is 0.8.31+commit.fd3a2265.Linux.g++) - note that nightly builds are considered to be strictly less than the released version
 --> assets/NormalAttacker.sol:1:1:
  |
1 | pragma solidity ^0.4.24;
  | ^^^^^^^^^^^^^^^^^^^^^^^^

terminate called after throwing an instance of 'boost::exception_detail::clone_impl<boost::exception_detail::error_info_injector<boost::property_tree::json_parser::json_parser_error> >'
  what():  assets/ReentrancyAttacker.sol.json(1): expected value
./fuzzMe: line 6:    23 Aborted                 (core dumped) ./fuzzer --file contracts/Parent.sol.json --name Parent --assets assets/ --duration 120 --mode 1 --reporter 1 --log 0 --attacker ReentrancyAttacker
terminate called after throwing an instance of 'boost::exception_detail::clone_impl<boost::exception_detail::error_info_injector<boost::property_tree::json_parser::json_parser_error> >'
  what():  assets/ReentrancyAttacker.sol.json(1): expected value
./fuzzMe: line 7:    24 Aborted                 (core dumped) ./fuzzer --file contracts/Derived.sol.json --name Derived --assets assets/ --duration 120 --mode 1 --reporter 1 --log 0 --attacker ReentrancyAttacker
