Solidity version 0.8.31 detected, skipping SOLC_BIN export
[2026-04-14 12:31:11.150706] MANDO Initializing
Setting the default backend to "pytorch". You can change it in the ~/.dgl/config.json file or export the DGLBACKEND environment variable.  Valid options are: pytorch, mxnet, tensorflow (all lowercase)
[2026-04-14 12:31:41.373810] INFO: __main__: Setting execution timeout to 0 seconds
[2026-04-14 12:31:41.373992] INFO: __main__: Analyzing only for bug types: ['access_control', 'arithmetic', 'denial_of_service', 'front_running', 'reentrancy', 'time_manipulation', 'unchecked_low_level_calls']
[2026-04-14 12:31:41.500530] DEBUG: sco.common.process_graphs.control_flow_graph_generator: Invalid compilation: 
Invalid solc compilation Error: Source file requires different compiler version (current compiler is 0.8.6+commit.11564f7e.Linux.g++) - note that nightly builds are considered to be strictly less than the released version
 --> /sb/dos_gas.sol:5:1:
  |
5 | pragma solidity ^0.8.20;
  | ^^^^^^^^^^^^^^^^^^^^^^^^


[2026-04-14 12:31:41.500825] ERROR: __main__: An error occurred: Failed to generate CFG for /sb/dos_gas.sol
Result: {"messages": "Failed to generate CFG for /sb/dos_gas.sol"}
[2026-04-14 12:31:41.502459] INFO: __main__: [2026-04-14 12:31:41.501204] Results written to output.json
DGL backend not selected or invalid.  Assuming PyTorch for now.
Using backend: pytorch
Traceback (most recent call last):
  File "/app/sco/inference.py", line 84, in main
    raise ValueError(f"Failed to generate CFG for {sm_path}")
ValueError: Failed to generate CFG for /sb/dos_gas.sol
