Solidity version 0.8.31 detected, skipping SOLC_BIN export
[2026-04-14 12:32:45.463436] MANDO Initializing
Setting the default backend to "pytorch". You can change it in the ~/.dgl/config.json file or export the DGLBACKEND environment variable.  Valid options are: pytorch, mxnet, tensorflow (all lowercase)
[2026-04-14 12:33:19.753459] INFO: __main__: Setting execution timeout to 0 seconds
[2026-04-14 12:33:19.753746] INFO: __main__: Analyzing only for bug types: ['access_control', 'arithmetic', 'denial_of_service', 'front_running', 'reentrancy', 'time_manipulation', 'unchecked_low_level_calls']
[2026-04-14 12:36:14.284680] INFO: __main__: Number of buggy nodes: 4
[2026-04-14 12:36:14.284973] INFO: __main__: Number of clean nodes: 4
[2026-04-14 12:38:53.087258] INFO: __main__: Number of buggy nodes: 5
[2026-04-14 12:38:53.087473] INFO: __main__: Number of clean nodes: 3
[2026-04-14 12:41:48.966100] INFO: __main__: Number of buggy nodes: 7
[2026-04-14 12:41:48.966298] INFO: __main__: Number of clean nodes: 1
[2026-04-14 12:45:00.084107] INFO: __main__: Number of buggy nodes: 7
[2026-04-14 12:45:00.084244] INFO: __main__: Number of clean nodes: 1
[2026-04-14 12:47:54.292505] INFO: __main__: Number of buggy nodes: 6
[2026-04-14 12:47:54.292890] INFO: __main__: Number of clean nodes: 2
[2026-04-14 12:50:45.009722] INFO: __main__: Number of buggy nodes: 6
[2026-04-14 12:50:45.009987] INFO: __main__: Number of clean nodes: 2
[2026-04-14 12:54:50.345204] INFO: __main__: Number of buggy nodes: 1
[2026-04-14 12:54:50.346588] INFO: __main__: Number of clean nodes: 7
Result: {"summaries": [{"type": "access_control", "graph_runtime": 95439, "node_runtime": 77856, "number_of_bug_node": 4, "vulnerability": 1, "number_of_normal_node": 4, "results": [{"id": 3, "code_lines": [10], "vulnerability": 1}]}, {"type": "arithmetic", "graph_runtime": 84314, "node_runtime": 73751, "number_of_bug_node": 5, "vulnerability": 1, "number_of_normal_node": 3, "results": [{"id": 2, "code_lines": [10], "vulnerability": 1}, {"id": 3, "code_lines": [10], "vulnerability": 1}]}, {"type": "denial_of_service", "graph_runtime": 94002, "node_runtime": 81276, "number_of_bug_node": 7, "vulnerability": 1, "number_of_normal_node": 1, "results": [{"id": 1, "code_lines": [9], "vulnerability": 1}, {"id": 2, "code_lines": [10], "vulnerability": 1}, {"id": 3, "code_lines": [10], "vulnerability": 1}, {"id": 6, "code_lines": [6], "vulnerability": 1}]}, {"type": "front_running", "graph_runtime": 105401, "node_runtime": 84352, "number_of_bug_node": 7, "vulnerability": 1, "number_of_normal_node": 1, "results": [{"id": 1, "code_lines": [9], "vulnerability": 1}, {"id": 3, "code_lines": [10], "vulnerability": 1}, {"id": 6, "code_lines": [6], "vulnerability": 1}]}, {"type": "reentrancy", "graph_runtime": 89394, "node_runtime": 82535, "number_of_bug_node": 6, "vulnerability": 1, "number_of_normal_node": 2, "results": [{"id": 1, "code_lines": [9], "vulnerability": 1}, {"id": 2, "code_lines": [10], "vulnerability": 1}, {"id": 3, "code_lines": [10], "vulnerability": 1}, {"id": 6, "code_lines": [6], "vulnerability": 1}]}, {"type": "time_manipulation", "graph_runtime": 81476, "node_runtime": 87925, "number_of_bug_node": 6, "vulnerability": 1, "number_of_normal_node": 2, "results": [{"id": 1, "code_lines": [9], "vulnerability": 1}, {"id": 2, "code_lines": [10], "vulnerability": 1}, {"id": 6, "code_lines": [6], "vulnerability": 1}]}, {"type": "unchecked_low_level_calls", "graph_runtime": 147075, "node_runtime": 97336, "number_of_bug_node": 1, "vulnerability": 1, "number_of_normal_node": 7, "results": []}], "messages": "OK"}
[2026-04-14 12:54:50.365684] INFO: __main__: [2026-04-14 12:54:50.365608] Results written to output.json
DGL backend not selected or invalid.  Assuming PyTorch for now.
Using backend: pytorch
