Solidity version 0.8.31 detected, skipping SOLC_BIN export
[2026-04-14 12:57:54.756927] MANDO Initializing
Setting the default backend to "pytorch". You can change it in the ~/.dgl/config.json file or export the DGLBACKEND environment variable.  Valid options are: pytorch, mxnet, tensorflow (all lowercase)
[2026-04-14 12:58:09.675239] INFO: __main__: Setting execution timeout to 0 seconds
[2026-04-14 12:58:09.675517] INFO: __main__: Analyzing only for bug types: ['access_control', 'arithmetic', 'denial_of_service', 'front_running', 'reentrancy', 'time_manipulation', 'unchecked_low_level_calls']
[2026-04-14 13:00:57.484446] INFO: __main__: Number of buggy nodes: 0
[2026-04-14 13:00:57.484738] INFO: __main__: Number of clean nodes: 8
[2026-04-14 13:03:23.540512] INFO: __main__: Number of buggy nodes: 0
[2026-04-14 13:03:23.540944] INFO: __main__: Number of clean nodes: 8
[2026-04-14 13:06:08.001077] INFO: __main__: Number of buggy nodes: 0
[2026-04-14 13:06:08.001777] INFO: __main__: Number of clean nodes: 8
[2026-04-14 13:08:46.468634] INFO: __main__: Number of buggy nodes: 0
[2026-04-14 13:08:46.469016] INFO: __main__: Number of clean nodes: 8
[2026-04-14 13:11:28.755118] INFO: __main__: Number of buggy nodes: 3
[2026-04-14 13:11:28.755332] INFO: __main__: Number of clean nodes: 5
[2026-04-14 13:14:02.392044] INFO: __main__: Number of buggy nodes: 0
[2026-04-14 13:14:02.392405] INFO: __main__: Number of clean nodes: 8
[2026-04-14 13:17:00.234884] INFO: __main__: Number of buggy nodes: 0
[2026-04-14 13:17:00.235085] INFO: __main__: Number of clean nodes: 8
Result: {"summaries": [{"type": "access_control", "graph_runtime": 90883, "node_runtime": 75822, "number_of_bug_node": 0, "vulnerability": 1, "number_of_normal_node": 8, "results": []}, {"type": "arithmetic", "vulnerability": 0}, {"type": "denial_of_service", "graph_runtime": 87663, "node_runtime": 75775, "number_of_bug_node": 0, "vulnerability": 1, "number_of_normal_node": 8, "results": []}, {"type": "front_running", "vulnerability": 0}, {"type": "reentrancy", "graph_runtime": 82342, "node_runtime": 78214, "number_of_bug_node": 3, "vulnerability": 1, "number_of_normal_node": 5, "results": [{"id": 5, "code_lines": [13], "vulnerability": 1}]}, {"type": "time_manipulation", "vulnerability": 0}, {"type": "unchecked_low_level_calls", "vulnerability": 0}], "messages": "OK"}
[2026-04-14 13:17:00.242212] INFO: __main__: [2026-04-14 13:17:00.242149] Results written to output.json
DGL backend not selected or invalid.  Assuming PyTorch for now.
Using backend: pytorch
/sb/bin/do_solidity.sh: 37: Syntax error: EOF in backquote substitution
