Traceback (most recent call last):
  File "/opt/conda/lib/python3.8/runpy.py", line 193, in _run_module_as_main
    return _run_code(code, main_globals, None,
  File "/opt/conda/lib/python3.8/runpy.py", line 86, in _run_code
    exec(code, run_globals)
  File "/sec/securify/__main__.py", line 286, in <module>
    main()
  File "/sec/securify/__main__.py", line 277, in main
    matches.extend(pattern.find_matches())
  File "/sec/securify/analyses/patterns/static/static_analysis_patterns.py", line 73, in find_matches
    static = analysis_context.static_analysis
  File "/sec/securify/analyses/analysis.py", line 88, in static_analysis
    self._static = self.config.static_analysis(self)
  File "/sec/securify/__main__.py", line 255, in <lambda>
    static_analysis=lambda t: static_analysis.analyze_cfg(t.cfg, **souffle_config),
  File "/sec/securify/analyses/analysis.py", line 81, in cfg
    self._cfg = self.config.cfg_compiler(self)
  File "/sec/securify/__main__.py", line 254, in <lambda>
    cfg_compiler=lambda t: solidity_cfg_compiler.compile_cfg(t.ast).cfg,
  File "/sec/securify/analyses/analysis.py", line 74, in ast
    self._ast = self.config.ast_compiler(self)
  File "/sec/securify/__main__.py", line 253, in <lambda>
    ast_compiler=lambda t: solidity_ast_compiler.compile_ast(t.source_file),
  File "/sec/securify/solidity/solidity_ast_compiler.py", line 31, in compile_ast
    compile_output = compile_standard(compile_input, allow_paths='/')
  File "/opt/conda/lib/python3.8/site-packages/py_solc-3.2.0-py3.8.egg/solc/main.py", line 175, in compile_standard
    raise SolcError(
solc.exceptions.SolcError: ParserError: Source "@openzeppelin/contracts/access/AccessControl.sol" not found: File not found. Searched the following locations: "".
 --> fixed_pragma.sol:7:1:
  |
7 | import "@openzeppelin/contracts/access/AccessControl.sol";
  | ^^^^^^^^^^^^^^^^^^^^^^^^^^^^^^^^^^^^^^^^^^^^^^^^^^^^^^^^^^


        > command: `solc --allow-paths / --standard-json`
        > return code: `0`
        > stderr:
        {"errors":[{"component":"general","errorCode":"6275","formattedMessage":"ParserError: Source \"@openzeppelin/contracts/access/AccessControl.sol\" not found: File not found. Searched the following locations: \"\".\n --> fixed_pragma.sol:7:1:\n  |\n7 | import \"@openzeppelin/contracts/access/AccessControl.sol\";\n  | ^^^^^^^^^^^^^^^^^^^^^^^^^^^^^^^^^^^^^^^^^^^^^^^^^^^^^^^^^^\n\n","message":"Source \"@openzeppelin/contracts/access/AccessControl.sol\" not found: File not found. Searched the following locations: \"\".","severity":"error","sourceLocation":{"end":192,"file":"fixed_pragma.sol","start":134},"type":"ParserError"}],"sources":{}}

        > stdout:
pragma directive defines a prior version to 0.8.31. Changing pragma version to 0.8.31....
