INFO [04-14|14:13:44.057] Starting Geth in ephemeral dev mode... 
INFO [04-14|14:13:44.058] Maximum peer count                       ETH=50 LES=0 total=50
INFO [04-14|14:13:44.058] Smartcard socket not found, disabling    err="stat /run/pcscd/pcscd.comm: no such file or directory"
INFO [04-14|14:13:44.059] Set global gas cap                       cap=50,000,000
INFO [04-14|14:13:44.206] Using developer account                  address=0x52c30d2C4Fcd11C73bD674397840d054DA503c9E
INFO [04-14|14:13:44.206] Allocated trie memory caches             clean=154.00MiB dirty=256.00MiB
INFO [04-14|14:13:44.206] Writing custom genesis block 
INFO [04-14|14:13:44.207] Persisted trie from memory database      nodes=13 size=1.90KiB time="40.209µs" gcnodes=0 gcsize=0.00B gctime=0s livenodes=1 livesize=0.00B
INFO [04-14|14:13:44.207] Initialised chain configuration          config="{ChainID: 1337 Homestead: 0 DAO: <nil> DAOSupport: false EIP150: 0 EIP155: 0 EIP158: 0 Byzantium: 0 Constantinople: 0 Petersburg: 0 Istanbul: 0, Muir Glacier: 0, Berlin: 0, London: 0, Arrow Glacier: <nil>, MergeFork: <nil>, Engine: clique}"
INFO [04-14|14:13:44.207] Initialising Ethereum protocol           network=1337 dbversion=<nil>
INFO [04-14|14:13:44.207] Loaded most recent local header          number=0 hash=70961d..7fb05a td=1 age=57y1mo1w
INFO [04-14|14:13:44.207] Loaded most recent local full block      number=0 hash=70961d..7fb05a td=1 age=57y1mo1w
INFO [04-14|14:13:44.207] Loaded most recent local fast block      number=0 hash=70961d..7fb05a td=1 age=57y1mo1w
WARN [04-14|14:13:44.207] Failed to load snapshot, regenerating    err="missing or corrupted snapshot"
INFO [04-14|14:13:44.207] Rebuilding state snapshot 
INFO [04-14|14:13:44.208] Resuming state snapshot generation       root=d9f506..5d1f6c accounts=0 slots=0 storage=0.00B elapsed="217.945µs"
INFO [04-14|14:13:44.208] Gasprice oracle is ignoring threshold set threshold=2
WARN [04-14|14:13:44.208] Error reading unclean shutdown markers   error="not found"
INFO [04-14|14:13:44.208] Starting peer-to-peer node               instance=Geth/v1.10.14-stable-11a3a350/linux-amd64/go1.17.5
WARN [04-14|14:13:44.208] P2P server will be useless, neither dialing nor listening 
INFO [04-14|14:13:44.208] Stored checkpoint snapshot to disk       number=0 hash=70961d..7fb05a
INFO [04-14|14:13:44.208] Generated state snapshot                 accounts=10 slots=0 storage=412.00B elapsed="949.195µs"
INFO [04-14|14:13:44.210] IPC endpoint opened                      url=/tmp/geth.ipc
INFO [04-14|14:13:44.210] HTTP server started                      endpoint=127.0.0.1:8545 prefix= cors= vhosts=localhost
INFO [04-14|14:13:44.210] Transaction pool price threshold updated price=1,000,000,000
INFO [04-14|14:13:44.210] Updated mining threads                   threads=0
INFO [04-14|14:13:44.210] Transaction pool price threshold updated price=1
INFO [04-14|14:13:44.210] Etherbase automatically configured       address=0x52c30d2C4Fcd11C73bD674397840d054DA503c9E
INFO [04-14|14:13:44.210] New local node record                    seq=1,776,176,024,210 id=e63c8f0e972a9dbe ip=127.0.0.1 udp=0 tcp=0
INFO [04-14|14:13:44.210] Started P2P networking                   self=enode://50c3efdf8157ae4a81d237f03010230462b45ed6b5344298a89cf344676b328b39f171f02fe33b082f07cb9b365a5a6463fba9ffe8ddbf0d21f24ef6be22b7df@127.0.0.1:0
INFO [04-14|14:13:44.210] Commit new mining work                   number=1 sealhash=15f411..2b0574 uncles=0 txs=0 gas=0 fees=0 elapsed="52.21µs"
WARN [04-14|14:13:44.210] Block sealing failed                     err="sealing paused while waiting for transactions"
WARN [04-14|14:13:44.210] Failed to get free disk space            path= err="failed to call Statfs: no such file or directory"
2026-04-14 14:13:46 bfd923ca36a1 pakala.sm[20] INFO Analysis finished with 0 outcomes (0 interesting, 1 unfinished), coverage is 3%
2026-04-14 14:13:46 bfd923ca36a1 pakala.sm[20] INFO Interpreter errors encountered: [("InterpreterError('Unknown opcode 0x5f')", 1)]
Analyzing contract at 0xDEADBEEF00000000000000000000000000000000 with balance 1.337000 ether.
Starting symbolic execution step...
Symbolic execution finished with coverage 3%.
Outcomes: 0 interesting. 0 total and 1 unfinished paths.

Starting analysis step...
Nothing to report.
