INFO [04-14|14:18:12.806] Starting Geth in ephemeral dev mode... 
INFO [04-14|14:18:12.807] Maximum peer count                       ETH=50 LES=0 total=50
INFO [04-14|14:18:12.807] Smartcard socket not found, disabling    err="stat /run/pcscd/pcscd.comm: no such file or directory"
INFO [04-14|14:18:12.808] Set global gas cap                       cap=50,000,000
INFO [04-14|14:18:12.955] Using developer account                  address=0x31cCF3eFa5421410f8b919aDA2198335210760DE
INFO [04-14|14:18:12.955] Allocated trie memory caches             clean=154.00MiB dirty=256.00MiB
INFO [04-14|14:18:12.955] Writing custom genesis block 
INFO [04-14|14:18:12.955] Persisted trie from memory database      nodes=12 size=1.82KiB time="30.306µs" gcnodes=0 gcsize=0.00B gctime=0s livenodes=1 livesize=0.00B
INFO [04-14|14:18:12.955] Initialised chain configuration          config="{ChainID: 1337 Homestead: 0 DAO: <nil> DAOSupport: false EIP150: 0 EIP155: 0 EIP158: 0 Byzantium: 0 Constantinople: 0 Petersburg: 0 Istanbul: 0, Muir Glacier: 0, Berlin: 0, London: 0, Arrow Glacier: <nil>, MergeFork: <nil>, Engine: clique}"
INFO [04-14|14:18:12.955] Initialising Ethereum protocol           network=1337 dbversion=<nil>
INFO [04-14|14:18:12.956] Loaded most recent local header          number=0 hash=e2a2bb..6ff9b1 td=1 age=57y1mo1w
INFO [04-14|14:18:12.956] Loaded most recent local full block      number=0 hash=e2a2bb..6ff9b1 td=1 age=57y1mo1w
INFO [04-14|14:18:12.956] Loaded most recent local fast block      number=0 hash=e2a2bb..6ff9b1 td=1 age=57y1mo1w
WARN [04-14|14:18:12.956] Failed to load snapshot, regenerating    err="missing or corrupted snapshot"
INFO [04-14|14:18:12.956] Rebuilding state snapshot 
INFO [04-14|14:18:12.956] Resuming state snapshot generation       root=017ef4..503c36 accounts=0 slots=0 storage=0.00B elapsed="193.238µs"
INFO [04-14|14:18:12.956] Gasprice oracle is ignoring threshold set threshold=2
WARN [04-14|14:18:12.956] Error reading unclean shutdown markers   error="not found"
INFO [04-14|14:18:12.956] Starting peer-to-peer node               instance=Geth/v1.10.14-stable-11a3a350/linux-amd64/go1.17.5
WARN [04-14|14:18:12.956] P2P server will be useless, neither dialing nor listening 
INFO [04-14|14:18:12.956] Generated state snapshot                 accounts=10 slots=0 storage=412.00B elapsed="545.007µs"
INFO [04-14|14:18:12.956] Stored checkpoint snapshot to disk       number=0 hash=e2a2bb..6ff9b1
INFO [04-14|14:18:12.959] IPC endpoint opened                      url=/tmp/geth.ipc
INFO [04-14|14:18:12.959] HTTP server started                      endpoint=127.0.0.1:8545 prefix= cors= vhosts=localhost
INFO [04-14|14:18:12.959] Transaction pool price threshold updated price=1,000,000,000
INFO [04-14|14:18:12.959] Updated mining threads                   threads=0
INFO [04-14|14:18:12.959] Transaction pool price threshold updated price=1
INFO [04-14|14:18:12.959] Etherbase automatically configured       address=0x31cCF3eFa5421410f8b919aDA2198335210760DE
INFO [04-14|14:18:12.959] Commit new mining work                   number=1 sealhash=21ac80..c6e7c9 uncles=0 txs=0 gas=0 fees=0 elapsed="58.211µs"
INFO [04-14|14:18:12.959] New local node record                    seq=1,776,176,292,958 id=ebb9475e254ed43e ip=127.0.0.1 udp=0 tcp=0
INFO [04-14|14:18:12.959] Started P2P networking                   self=enode://bee1a1f79ed3eb5c2cc2ec11f396cba15170d30dacd3429c9f15b2d17d29a5a3eb21489d53d59a0c96055f9f7e3057048c9b1653678de8e511e4c2d799e63ade@127.0.0.1:0
WARN [04-14|14:18:12.959] Block sealing failed                     err="sealing paused while waiting for transactions"
WARN [04-14|14:18:12.959] Failed to get free disk space            path= err="failed to call Statfs: no such file or directory"
Runtime bytecode read from stdin needs to be hexadecimal.
