'solc --version' running
'solc /sb/function_visibility.sol --combined-json abi,ast,bin,bin-runtime,srcmap,srcmap-runtime,userdoc,devdoc,hashes --allow-paths .,/sb' running

Example.initialize(address)._owner (../sb/function_visibility.sol#14) lacks a zero-check on :
		- owner = _owner (../sb/function_visibility.sol#15)
Reference: https://github.com/crytic/slither/wiki/Detector-Documentation#missing-zero-address-validation

Version constraint ^0.8.0 contains known severe issues (https://solidity.readthedocs.io/en/latest/bugs.html)
	- FullInlinerNonExpressionSplitArgumentEvaluationOrder
	- MissingSideEffectsOnSelectorAccess
	- AbiReencodingHeadOverflowWithStaticArrayCleanup
	- DirtyBytesArrayToStorage
	- DataLocationChangeInInternalOverride
	- NestedCalldataArrayAbiReencodingSizeValidation
	- SignedImmutables
	- ABIDecodeTwoDimensionalArrayMemory
	- KeccakCaching.
It is used by:
	- ^0.8.0 (../sb/function_visibility.sol#2)
Reference: https://github.com/crytic/slither/wiki/Detector-Documentation#incorrect-versions-of-solidity

Parameter Example.initialize(address)._owner (../sb/function_visibility.sol#14) is not in mixedCase
Reference: https://github.com/crytic/slither/wiki/Detector-Documentation#conformance-to-solidity-naming-conventions
/sb/function_visibility.sol analyzed (1 contracts with 100 detectors), 3 result(s) found
