Solidity version 0.8.31 detected, skipping SOLC_BIN export
[2026-04-14 13:16:19.752994] MANDO Initializing
Setting the default backend to "pytorch". You can change it in the ~/.dgl/config.json file or export the DGLBACKEND environment variable.  Valid options are: pytorch, mxnet, tensorflow (all lowercase)
[2026-04-14 13:16:33.635728] INFO: __main__: Setting execution timeout to 0 seconds
[2026-04-14 13:16:33.636020] INFO: __main__: Analyzing only for bug types: ['access_control', 'arithmetic', 'denial_of_service', 'front_running', 'reentrancy', 'time_manipulation', 'unchecked_low_level_calls']
[2026-04-14 13:18:14.672218] INFO: __main__: Number of buggy nodes: 0
[2026-04-14 13:18:14.672320] INFO: __main__: Number of clean nodes: 7
[2026-04-14 13:18:53.394830] INFO: __main__: Number of buggy nodes: 0
[2026-04-14 13:18:53.394944] INFO: __main__: Number of clean nodes: 7
[2026-04-14 13:19:24.081532] INFO: __main__: Number of buggy nodes: 1
[2026-04-14 13:19:24.081807] INFO: __main__: Number of clean nodes: 6
[2026-04-14 13:20:05.627203] INFO: __main__: Number of buggy nodes: 0
[2026-04-14 13:20:05.627354] INFO: __main__: Number of clean nodes: 7
[2026-04-14 13:20:44.716553] INFO: __main__: Number of buggy nodes: 0
[2026-04-14 13:20:44.716674] INFO: __main__: Number of clean nodes: 7
[2026-04-14 13:21:15.353309] INFO: __main__: Number of buggy nodes: 0
[2026-04-14 13:21:15.353586] INFO: __main__: Number of clean nodes: 7
[2026-04-14 13:21:50.264008] INFO: __main__: Number of buggy nodes: 0
[2026-04-14 13:21:50.264128] INFO: __main__: Number of clean nodes: 7
Result: {"summaries": [{"type": "access_control", "vulnerability": 0}, {"type": "arithmetic", "vulnerability": 0}, {"type": "denial_of_service", "graph_runtime": 15759, "node_runtime": 13794, "number_of_bug_node": 1, "vulnerability": 1, "number_of_normal_node": 6, "results": [{"id": 2, "code_lines": [10], "vulnerability": 1}]}, {"type": "front_running", "vulnerability": 0}, {"type": "reentrancy", "vulnerability": 0}, {"type": "time_manipulation", "vulnerability": 0}, {"type": "unchecked_low_level_calls", "graph_runtime": 17503, "node_runtime": 15595, "number_of_bug_node": 0, "vulnerability": 1, "number_of_normal_node": 7, "results": []}], "messages": "OK"}
[2026-04-14 13:21:50.264381] INFO: __main__: [2026-04-14 13:21:50.264356] Results written to output.json
DGL backend not selected or invalid.  Assuming PyTorch for now.
Using backend: pytorch
/sb/bin/do_solidity.sh: 37: Syntax error: EOF in backquote substitution
