Solidity version 0.8.31 detected, skipping SOLC_BIN export
[2026-04-14 12:11:14.267910] MANDO Initializing
Setting the default backend to "pytorch". You can change it in the ~/.dgl/config.json file or export the DGLBACKEND environment variable.  Valid options are: pytorch, mxnet, tensorflow (all lowercase)
[2026-04-14 12:11:33.549505] INFO: __main__: Setting execution timeout to 0 seconds
[2026-04-14 12:11:33.551439] INFO: __main__: Analyzing only for bug types: ['access_control', 'arithmetic', 'denial_of_service', 'front_running', 'reentrancy', 'time_manipulation', 'unchecked_low_level_calls']
[2026-04-14 12:14:13.375721] INFO: __main__: Number of buggy nodes: 0
[2026-04-14 12:14:13.375929] INFO: __main__: Number of clean nodes: 8
[2026-04-14 12:16:47.940857] INFO: __main__: Number of buggy nodes: 0
[2026-04-14 12:16:47.941191] INFO: __main__: Number of clean nodes: 8
[2026-04-14 12:19:42.352087] INFO: __main__: Number of buggy nodes: 0
[2026-04-14 12:19:42.352310] INFO: __main__: Number of clean nodes: 8
[2026-04-14 12:22:31.434633] INFO: __main__: Number of buggy nodes: 0
[2026-04-14 12:22:31.434730] INFO: __main__: Number of clean nodes: 8
[2026-04-14 12:25:16.127954] INFO: __main__: Number of buggy nodes: 0
[2026-04-14 12:25:16.128204] INFO: __main__: Number of clean nodes: 8
[2026-04-14 12:27:51.950447] INFO: __main__: Number of buggy nodes: 1
[2026-04-14 12:27:51.950741] INFO: __main__: Number of clean nodes: 7
[2026-04-14 12:30:59.288343] INFO: __main__: Number of buggy nodes: 0
[2026-04-14 12:30:59.288506] INFO: __main__: Number of clean nodes: 8
Result: {"summaries": [{"type": "access_control", "vulnerability": 0}, {"type": "arithmetic", "graph_runtime": 82784, "node_runtime": 70272, "number_of_bug_node": 0, "vulnerability": 1, "number_of_normal_node": 8, "results": []}, {"type": "denial_of_service", "graph_runtime": 91804, "node_runtime": 82024, "number_of_bug_node": 0, "vulnerability": 1, "number_of_normal_node": 8, "results": []}, {"type": "front_running", "vulnerability": 0}, {"type": "reentrancy", "graph_runtime": 83153, "node_runtime": 79823, "number_of_bug_node": 0, "vulnerability": 1, "number_of_normal_node": 8, "results": []}, {"type": "time_manipulation", "graph_runtime": 78611, "node_runtime": 76522, "number_of_bug_node": 1, "vulnerability": 1, "number_of_normal_node": 7, "results": []}, {"type": "unchecked_low_level_calls", "vulnerability": 0}], "messages": "OK"}
[2026-04-14 12:30:59.291542] INFO: __main__: [2026-04-14 12:30:59.291462] Results written to output.json
DGL backend not selected or invalid.  Assuming PyTorch for now.
Using backend: pytorch
/sb/bin/do_solidity.sh: 37: Syntax error: EOF in backquote substitution
