               
               
┌─────────────┐
│ Scan Status │
└─────────────┘
  Scanning 1 file tracked by git with 57 Code rules:
  Scanning 1 file with 57 solidity rules.
                   
                   
┌─────────────────┐
│ 4 Code Findings │
└─────────────────┘
                   
    /sb/dos_gas.sol
     ❱ solidity.performance.non-payable-constructor
          Consider making costructor payable to save gas.
                                                         
           15┆ constructor() {
           16┆     _grantRole(ADMIN_ROLE, msg.sender);
           17┆     _grantRole(ROLEADDER_ROLE, msg.sender);
           18┆ }
   
     ❱ solidity.performance.array-length-outside-loop
          Caching the array length outside a loop saves reading it on each iteration, as long as the array's
          length is not changed during the loop.                                                            
                                                                                                            
           29┆ for (uint256 i = 0; i < roleMembers.length; i++) {  // DoS if array is too long
   
     ❱ solidity.performance.unnecessary-checked-arithmetic-in-loop
          A lot of times there is no risk that the loop counter can overflow.  Using Solidity's unchecked
          block saves the overflow checks.                                                               
                                                                                                         
           29┆ for (uint256 i = 0; i < roleMembers.length; i++) {  // DoS if array is too long
   
     ❱ solidity.performance.use-prefix-increment-not-postfix
          Consider using the prefix increment expression whenever the return value is not needed. The prefix
          increment expression is cheaper in terms of gas.                                                  
                                                                                                            
           29┆ for (uint256 i = 0; i < roleMembers.length; i++) {  // DoS if array is too long

                
                
┌──────────────┐
│ Scan Summary │
└──────────────┘
✅ Scan completed successfully.
 • Findings: 4 (4 blocking)
 • Rules run: 57
 • Targets scanned: 1
 • Parsed lines: ~100.0%
 • No ignore information available
Ran 57 rules on 1 file: 4 findings.
