Solidity version 0.8.31 detected, skipping SOLC_BIN export
[2026-04-14 12:33:52.717509] MANDO Initializing
Setting the default backend to "pytorch". You can change it in the ~/.dgl/config.json file or export the DGLBACKEND environment variable.  Valid options are: pytorch, mxnet, tensorflow (all lowercase)
[2026-04-14 12:34:07.675440] INFO: __main__: Setting execution timeout to 0 seconds
[2026-04-14 12:34:07.675870] INFO: __main__: Analyzing only for bug types: ['access_control', 'arithmetic', 'denial_of_service', 'front_running', 'reentrancy', 'time_manipulation', 'unchecked_low_level_calls']
[2026-04-14 12:36:47.881101] INFO: __main__: Number of buggy nodes: 0
[2026-04-14 12:36:47.881237] INFO: __main__: Number of clean nodes: 15
[2026-04-14 12:39:16.937754] INFO: __main__: Number of buggy nodes: 0
[2026-04-14 12:39:16.937854] INFO: __main__: Number of clean nodes: 15
[2026-04-14 12:42:08.013888] INFO: __main__: Number of buggy nodes: 0
[2026-04-14 12:42:08.013990] INFO: __main__: Number of clean nodes: 15
[2026-04-14 12:45:05.817267] INFO: __main__: Number of buggy nodes: 10
[2026-04-14 12:45:05.818998] INFO: __main__: Number of clean nodes: 5
[2026-04-14 12:47:50.867806] INFO: __main__: Number of buggy nodes: 0
[2026-04-14 12:47:50.867912] INFO: __main__: Number of clean nodes: 15
[2026-04-14 12:50:38.012139] INFO: __main__: Number of buggy nodes: 1
[2026-04-14 12:50:38.013318] INFO: __main__: Number of clean nodes: 14
[2026-04-14 12:54:10.530321] INFO: __main__: Number of buggy nodes: 0
[2026-04-14 12:54:10.530467] INFO: __main__: Number of clean nodes: 15
Result: {"summaries": [{"type": "access_control", "graph_runtime": 87843, "node_runtime": 71500, "number_of_bug_node": 0, "vulnerability": 1, "number_of_normal_node": 15, "results": []}, {"type": "arithmetic", "vulnerability": 0}, {"type": "denial_of_service", "graph_runtime": 87378, "node_runtime": 82458, "number_of_bug_node": 0, "vulnerability": 1, "number_of_normal_node": 15, "results": []}, {"type": "front_running", "graph_runtime": 95961, "node_runtime": 80926, "number_of_bug_node": 10, "vulnerability": 1, "number_of_normal_node": 5, "results": [{"id": 1, "code_lines": [9], "vulnerability": 1}, {"id": 5, "code_lines": [13], "vulnerability": 1}, {"id": 6, "code_lines": [14], "vulnerability": 1}, {"id": 7, "code_lines": [12, 13, 14, 15], "vulnerability": 1}, {"id": 9, "code_lines": [22], "vulnerability": 1}, {"id": 12, "code_lines": [26], "vulnerability": 1}, {"id": 13, "code_lines": [27], "vulnerability": 1}]}, {"type": "reentrancy", "graph_runtime": 81741, "node_runtime": 81409, "number_of_bug_node": 0, "vulnerability": 1, "number_of_normal_node": 15, "results": []}, {"type": "time_manipulation", "graph_runtime": 79208, "node_runtime": 86967, "number_of_bug_node": 1, "vulnerability": 1, "number_of_normal_node": 14, "results": [{"id": 4, "code_lines": [13], "vulnerability": 1}]}, {"type": "unchecked_low_level_calls", "graph_runtime": 80115, "node_runtime": 113600, "number_of_bug_node": 0, "vulnerability": 1, "number_of_normal_node": 15, "results": []}], "messages": "OK"}
[2026-04-14 12:54:10.531999] INFO: __main__: [2026-04-14 12:54:10.531961] Results written to output.json
DGL backend not selected or invalid.  Assuming PyTorch for now.
Using backend: pytorch
/sb/bin/do_solidity.sh: 37: Syntax error: EOF in backquote substitution
