INFO [04-14|14:14:08.228] Starting Geth in ephemeral dev mode... 
INFO [04-14|14:14:08.229] Maximum peer count                       ETH=50 LES=0 total=50
INFO [04-14|14:14:08.230] Smartcard socket not found, disabling    err="stat /run/pcscd/pcscd.comm: no such file or directory"
INFO [04-14|14:14:08.230] Set global gas cap                       cap=50,000,000
INFO [04-14|14:14:08.388] Using developer account                  address=0xcED20a6199dABF91FC97df57Db69917f6f8aFaB7
INFO [04-14|14:14:08.388] Allocated trie memory caches             clean=154.00MiB dirty=256.00MiB
INFO [04-14|14:14:08.388] Writing custom genesis block 
INFO [04-14|14:14:08.388] Persisted trie from memory database      nodes=12 size=1.82KiB time="36.608µs" gcnodes=0 gcsize=0.00B gctime=0s livenodes=1 livesize=0.00B
INFO [04-14|14:14:08.388] Initialised chain configuration          config="{ChainID: 1337 Homestead: 0 DAO: <nil> DAOSupport: false EIP150: 0 EIP155: 0 EIP158: 0 Byzantium: 0 Constantinople: 0 Petersburg: 0 Istanbul: 0, Muir Glacier: 0, Berlin: 0, London: 0, Arrow Glacier: <nil>, MergeFork: <nil>, Engine: clique}"
INFO [04-14|14:14:08.388] Initialising Ethereum protocol           network=1337 dbversion=<nil>
INFO [04-14|14:14:08.389] Loaded most recent local header          number=0 hash=f3d302..4e03c6 td=1 age=57y1mo1w
INFO [04-14|14:14:08.389] Loaded most recent local full block      number=0 hash=f3d302..4e03c6 td=1 age=57y1mo1w
INFO [04-14|14:14:08.389] Loaded most recent local fast block      number=0 hash=f3d302..4e03c6 td=1 age=57y1mo1w
WARN [04-14|14:14:08.389] Failed to load snapshot, regenerating    err="missing or corrupted snapshot"
INFO [04-14|14:14:08.389] Rebuilding state snapshot 
INFO [04-14|14:14:08.389] Resuming state snapshot generation       root=94b233..7ed1ef accounts=0 slots=0 storage=0.00B elapsed="239.948µs"
INFO [04-14|14:14:08.389] Gasprice oracle is ignoring threshold set threshold=2
WARN [04-14|14:14:08.389] Error reading unclean shutdown markers   error="not found"
INFO [04-14|14:14:08.389] Generated state snapshot                 accounts=10 slots=0 storage=412.00B elapsed="597.42µs"
INFO [04-14|14:14:08.389] Starting peer-to-peer node               instance=Geth/v1.10.14-stable-11a3a350/linux-amd64/go1.17.5
WARN [04-14|14:14:08.389] P2P server will be useless, neither dialing nor listening 
INFO [04-14|14:14:08.390] Stored checkpoint snapshot to disk       number=0 hash=f3d302..4e03c6
INFO [04-14|14:14:08.392] IPC endpoint opened                      url=/tmp/geth.ipc
INFO [04-14|14:14:08.392] HTTP server started                      endpoint=127.0.0.1:8545 prefix= cors= vhosts=localhost
INFO [04-14|14:14:08.392] Transaction pool price threshold updated price=1,000,000,000
INFO [04-14|14:14:08.392] New local node record                    seq=1,776,176,048,391 id=e076eaabf3d354ca ip=127.0.0.1 udp=0 tcp=0
INFO [04-14|14:14:08.392] Started P2P networking                   self=enode://9878260454da3179195a82268ac2fc999576a1d4d40e104e0b553008a8a0e0f073d5e946e47241ca7f8b99d7f4c49d359819b8a209d2cd0a8db5810304abd519@127.0.0.1:0
INFO [04-14|14:14:08.392] Updated mining threads                   threads=0
INFO [04-14|14:14:08.392] Transaction pool price threshold updated price=1
INFO [04-14|14:14:08.392] Etherbase automatically configured       address=0xcED20a6199dABF91FC97df57Db69917f6f8aFaB7
INFO [04-14|14:14:08.392] Commit new mining work                   number=1 sealhash=1e89cd..9a26c1 uncles=0 txs=0 gas=0 fees=0 elapsed="84.818µs"
WARN [04-14|14:14:08.392] Block sealing failed                     err="sealing paused while waiting for transactions"
WARN [04-14|14:14:08.393] Failed to get free disk space            path= err="failed to call Statfs: no such file or directory"
2026-04-14 14:14:10 e151de9a1186 pakala.sm[22] INFO Analysis finished with 0 outcomes (0 interesting, 2 unfinished), coverage is 3%
2026-04-14 14:14:10 e151de9a1186 pakala.sm[22] INFO Interpreter errors encountered: [("InterpreterError('Unknown opcode 0x5f')", 2)]
Analyzing contract at 0xDEADBEEF00000000000000000000000000000000 with balance 1.337000 ether.
Starting symbolic execution step...
Symbolic execution finished with coverage 3%.
Outcomes: 0 interesting. 0 total and 2 unfinished paths.

Starting analysis step...
Nothing to report.
