Solidity version 0.8.31 detected, skipping SOLC_BIN export
[2026-04-14 12:59:51.156919] MANDO Initializing
Setting the default backend to "pytorch". You can change it in the ~/.dgl/config.json file or export the DGLBACKEND environment variable.  Valid options are: pytorch, mxnet, tensorflow (all lowercase)
[2026-04-14 13:00:06.246174] INFO: __main__: Setting execution timeout to 0 seconds
[2026-04-14 13:00:06.246476] INFO: __main__: Analyzing only for bug types: ['access_control', 'arithmetic', 'denial_of_service', 'front_running', 'reentrancy', 'time_manipulation', 'unchecked_low_level_calls']
[2026-04-14 13:02:43.546365] INFO: __main__: Number of buggy nodes: 0
[2026-04-14 13:02:43.546776] INFO: __main__: Number of clean nodes: 8
[2026-04-14 13:05:09.697226] INFO: __main__: Number of buggy nodes: 1
[2026-04-14 13:05:09.697325] INFO: __main__: Number of clean nodes: 7
[2026-04-14 13:07:52.451694] INFO: __main__: Number of buggy nodes: 2
[2026-04-14 13:07:52.451831] INFO: __main__: Number of clean nodes: 6
[2026-04-14 13:10:29.509307] INFO: __main__: Number of buggy nodes: 0
[2026-04-14 13:10:29.509673] INFO: __main__: Number of clean nodes: 8
[2026-04-14 13:13:12.080211] INFO: __main__: Number of buggy nodes: 0
[2026-04-14 13:13:12.080545] INFO: __main__: Number of clean nodes: 8
[2026-04-14 13:15:45.501893] INFO: __main__: Number of buggy nodes: 2
[2026-04-14 13:15:45.502091] INFO: __main__: Number of clean nodes: 6
[2026-04-14 13:18:05.141705] INFO: __main__: Number of buggy nodes: 0
[2026-04-14 13:18:05.141967] INFO: __main__: Number of clean nodes: 8
Result: {"summaries": [{"type": "access_control", "vulnerability": 0}, {"type": "arithmetic", "graph_runtime": 78973, "node_runtime": 65987, "number_of_bug_node": 1, "vulnerability": 1, "number_of_normal_node": 7, "results": []}, {"type": "denial_of_service", "graph_runtime": 87224, "node_runtime": 74484, "number_of_bug_node": 2, "vulnerability": 1, "number_of_normal_node": 6, "results": [{"id": 2, "code_lines": [10], "vulnerability": 1}]}, {"type": "front_running", "vulnerability": 0}, {"type": "reentrancy", "graph_runtime": 83075, "node_runtime": 77813, "number_of_bug_node": 0, "vulnerability": 1, "number_of_normal_node": 8, "results": []}, {"type": "time_manipulation", "graph_runtime": 78339, "node_runtime": 74373, "number_of_bug_node": 2, "vulnerability": 1, "number_of_normal_node": 6, "results": [{"id": 1, "code_lines": [9], "vulnerability": 1}, {"id": 2, "code_lines": [10], "vulnerability": 1}]}, {"type": "unchecked_low_level_calls", "graph_runtime": 91511, "node_runtime": 46345, "number_of_bug_node": 0, "vulnerability": 1, "number_of_normal_node": 8, "results": []}], "messages": "OK"}
[2026-04-14 13:18:05.144055] INFO: __main__: [2026-04-14 13:18:05.144025] Results written to output.json
DGL backend not selected or invalid.  Assuming PyTorch for now.
Using backend: pytorch
/sb/bin/do_solidity.sh: 37: Syntax error: EOF in backquote substitution
