               
               
┌─────────────┐
│ Scan Status │
└─────────────┘
  Scanning 1 file tracked by git with 57 Code rules:
  Scanning 1 file with 57 solidity rules.
                  
                  
┌────────────────┐
│ 1 Code Finding │
└────────────────┘
                            
    /sb/forward_msg_data.sol
     ❱ solidity.performance.non-payable-constructor
          Consider making costructor payable to save gas.
                                                         
            8┆ constructor(address _impl) {
            9┆     implementation = _impl;
           10┆ }

                
                
┌──────────────┐
│ Scan Summary │
└──────────────┘
✅ Scan completed successfully.
 • Findings: 1 (1 blocking)
 • Rules run: 57
 • Targets scanned: 1
 • Parsed lines: ~100.0%
 • No ignore information available
Ran 57 rules on 1 file: 1 finding.
