Solidity version 0.8.31 detected, skipping SOLC_BIN export
[2026-04-14 12:31:07.789867] MANDO Initializing
Setting the default backend to "pytorch". You can change it in the ~/.dgl/config.json file or export the DGLBACKEND environment variable.  Valid options are: pytorch, mxnet, tensorflow (all lowercase)
[2026-04-14 12:31:41.380906] INFO: __main__: Setting execution timeout to 0 seconds
[2026-04-14 12:31:41.381101] INFO: __main__: Analyzing only for bug types: ['access_control', 'arithmetic', 'denial_of_service', 'front_running', 'reentrancy', 'time_manipulation', 'unchecked_low_level_calls']
[2026-04-14 12:34:44.958570] INFO: __main__: Number of buggy nodes: 7
[2026-04-14 12:34:44.958991] INFO: __main__: Number of clean nodes: 1
[2026-04-14 12:37:24.212079] INFO: __main__: Number of buggy nodes: 0
[2026-04-14 12:37:24.212463] INFO: __main__: Number of clean nodes: 8
[2026-04-14 12:40:19.413787] INFO: __main__: Number of buggy nodes: 5
[2026-04-14 12:40:19.414046] INFO: __main__: Number of clean nodes: 3
[2026-04-14 12:43:38.130629] INFO: __main__: Number of buggy nodes: 7
[2026-04-14 12:43:38.131571] INFO: __main__: Number of clean nodes: 1
[2026-04-14 12:46:33.702015] INFO: __main__: Number of buggy nodes: 7
[2026-04-14 12:46:33.702322] INFO: __main__: Number of clean nodes: 1
[2026-04-14 12:49:14.979883] INFO: __main__: Number of buggy nodes: 0
[2026-04-14 12:49:14.980090] INFO: __main__: Number of clean nodes: 8
[2026-04-14 12:53:16.671215] INFO: __main__: Number of buggy nodes: 0
[2026-04-14 12:53:16.672895] INFO: __main__: Number of clean nodes: 8
Result: {"summaries": [{"type": "access_control", "graph_runtime": 94431, "node_runtime": 88147, "number_of_bug_node": 7, "vulnerability": 1, "number_of_normal_node": 1, "results": [{"id": 1, "code_lines": [9], "vulnerability": 1}, {"id": 5, "code_lines": [13], "vulnerability": 1}, {"id": 6, "code_lines": [14], "vulnerability": 1}]}, {"type": "arithmetic", "vulnerability": 0}, {"type": "denial_of_service", "graph_runtime": 95769, "node_runtime": 78876, "number_of_bug_node": 5, "vulnerability": 1, "number_of_normal_node": 3, "results": [{"id": 4, "code_lines": [13], "vulnerability": 1}]}, {"type": "front_running", "graph_runtime": 83681, "node_runtime": 113701, "number_of_bug_node": 7, "vulnerability": 1, "number_of_normal_node": 1, "results": [{"id": 1, "code_lines": [9], "vulnerability": 1}, {"id": 5, "code_lines": [13], "vulnerability": 1}, {"id": 6, "code_lines": [14], "vulnerability": 1}]}, {"type": "reentrancy", "graph_runtime": 90598, "node_runtime": 82617, "number_of_bug_node": 7, "vulnerability": 1, "number_of_normal_node": 1, "results": [{"id": 1, "code_lines": [9], "vulnerability": 1}, {"id": 4, "code_lines": [13], "vulnerability": 1}, {"id": 5, "code_lines": [13], "vulnerability": 1}, {"id": 6, "code_lines": [14], "vulnerability": 1}]}, {"type": "time_manipulation", "vulnerability": 0}, {"type": "unchecked_low_level_calls", "vulnerability": 0}], "messages": "OK"}
[2026-04-14 12:53:16.687608] INFO: __main__: [2026-04-14 12:53:16.687086] Results written to output.json
DGL backend not selected or invalid.  Assuming PyTorch for now.
Using backend: pytorch
