Solidity version 0.8.31 detected, skipping SOLC_BIN export
[2026-04-14 12:33:24.074315] MANDO Initializing
Setting the default backend to "pytorch". You can change it in the ~/.dgl/config.json file or export the DGLBACKEND environment variable.  Valid options are: pytorch, mxnet, tensorflow (all lowercase)
[2026-04-14 12:33:51.154606] INFO: __main__: Setting execution timeout to 0 seconds
[2026-04-14 12:33:51.154718] INFO: __main__: Analyzing only for bug types: ['access_control', 'arithmetic', 'denial_of_service', 'front_running', 'reentrancy', 'time_manipulation', 'unchecked_low_level_calls']
[2026-04-14 12:36:41.511723] INFO: __main__: Number of buggy nodes: 4
[2026-04-14 12:36:41.512108] INFO: __main__: Number of clean nodes: 0
[2026-04-14 12:39:19.725621] INFO: __main__: Number of buggy nodes: 0
[2026-04-14 12:39:19.725747] INFO: __main__: Number of clean nodes: 4
[2026-04-14 12:42:23.174442] INFO: __main__: Number of buggy nodes: 2
[2026-04-14 12:42:23.174596] INFO: __main__: Number of clean nodes: 2
[2026-04-14 12:45:32.363982] INFO: __main__: Number of buggy nodes: 4
[2026-04-14 12:45:32.364243] INFO: __main__: Number of clean nodes: 0
[2026-04-14 12:48:28.740380] INFO: __main__: Number of buggy nodes: 4
[2026-04-14 12:48:28.740497] INFO: __main__: Number of clean nodes: 0
[2026-04-14 12:51:20.594874] INFO: __main__: Number of buggy nodes: 0
[2026-04-14 12:51:20.595226] INFO: __main__: Number of clean nodes: 4
[2026-04-14 12:55:24.674790] INFO: __main__: Number of buggy nodes: 0
[2026-04-14 12:55:24.675658] INFO: __main__: Number of clean nodes: 4
Result: {"summaries": [{"type": "access_control", "graph_runtime": 90298, "node_runtime": 79355, "number_of_bug_node": 4, "vulnerability": 1, "number_of_normal_node": 0, "results": [{"id": 1, "code_lines": [9], "vulnerability": 1}, {"id": 2, "code_lines": [11], "vulnerability": 1}]}, {"type": "arithmetic", "vulnerability": 0}, {"type": "denial_of_service", "graph_runtime": 96146, "node_runtime": 86745, "number_of_bug_node": 2, "vulnerability": 1, "number_of_normal_node": 2, "results": []}, {"type": "front_running", "graph_runtime": 106473, "node_runtime": 81111, "number_of_bug_node": 4, "vulnerability": 1, "number_of_normal_node": 0, "results": [{"id": 1, "code_lines": [9], "vulnerability": 1}, {"id": 2, "code_lines": [11], "vulnerability": 1}]}, {"type": "reentrancy", "graph_runtime": 90762, "node_runtime": 84149, "number_of_bug_node": 4, "vulnerability": 1, "number_of_normal_node": 0, "results": [{"id": 1, "code_lines": [9], "vulnerability": 1}, {"id": 2, "code_lines": [11], "vulnerability": 1}]}, {"type": "time_manipulation", "vulnerability": 0}, {"type": "unchecked_low_level_calls", "vulnerability": 0}], "messages": "OK"}
[2026-04-14 12:55:24.687112] INFO: __main__: [2026-04-14 12:55:24.687002] Results written to output.json
DGL backend not selected or invalid.  Assuming PyTorch for now.
Using backend: pytorch
