/sb/forward_msg_data.sol:2:1: Found more than One contract per file. 2 contracts found! [Warning/one-contract-per-file]
/sb/forward_msg_data.sol:2:1: Compiler version ^0.8.0 does not satisfy the ^0.8.24 semver requirement [Error/compiler-version]
/sb/forward_msg_data.sol:5:1: Missing @title tag in contract 'Proxy' [Warning/use-natspec]
/sb/forward_msg_data.sol:5:1: Missing @author tag in contract 'Proxy' [Warning/use-natspec]
/sb/forward_msg_data.sol:5:1: Missing @notice tag in contract 'Proxy' [Warning/use-natspec]
/sb/forward_msg_data.sol:6:5: Missing @notice tag in variable 'implementation' [Warning/use-natspec]
/sb/forward_msg_data.sol:8:5: Missing @notice tag in function '<anonymous>' [Warning/use-natspec]
/sb/forward_msg_data.sol:8:5: Missing @param tag in function '<anonymous>' [Warning/use-natspec]
/sb/forward_msg_data.sol:8:5: Mismatch in @param names for function '<anonymous>'. Expected: [_impl], Found: [] [Warning/use-natspec]
/sb/forward_msg_data.sol:8:5: Explicitly mark visibility in function (Set ignoreConstructors to true if using solidity >=0.7.0) [Warning/func-visibility]
/sb/forward_msg_data.sol:12:5: Missing @notice tag in function '<anonymous>' [Warning/use-natspec]
/sb/forward_msg_data.sol:12:5: Fallback function must be simple [Warning/no-complex-fallback]
/sb/forward_msg_data.sol:13:27: Avoid to use low level calls. [Warning/avoid-low-level-calls]
/sb/forward_msg_data.sol:14:9: Provide an error message for require [Warning/reason-string]
/sb/forward_msg_data.sol:14:9: GC: Use Custom Errors instead of require statements [Warning/gas-custom-errors]
/sb/forward_msg_data.sol:18:1: Missing @title tag in contract 'WalletLibrary' [Warning/use-natspec]
/sb/forward_msg_data.sol:18:1: Missing @author tag in contract 'WalletLibrary' [Warning/use-natspec]
/sb/forward_msg_data.sol:18:1: Missing @notice tag in contract 'WalletLibrary' [Warning/use-natspec]
/sb/forward_msg_data.sol:19:5: Missing @notice tag in variable 'owner' [Warning/use-natspec]
/sb/forward_msg_data.sol:21:5: Missing @notice tag in function 'initWallet' [Warning/use-natspec]
/sb/forward_msg_data.sol:21:5: Missing @param tag in function 'initWallet' [Warning/use-natspec]
/sb/forward_msg_data.sol:21:5: Mismatch in @param names for function 'initWallet'. Expected: [_owner], Found: [] [Warning/use-natspec]
/sb/forward_msg_data.sol:25:5: Missing @notice tag in function 'withdraw' [Warning/use-natspec]
/sb/forward_msg_data.sol:26:9: Provide an error message for require [Warning/reason-string]
/sb/forward_msg_data.sol:26:9: GC: Use Custom Errors instead of require statements [Warning/gas-custom-errors]

25 problem/s (1 error/s, 24 warning/s)
