Solidity version 0.8.31 detected, skipping SOLC_BIN export
[2026-04-14 13:16:00.681665] MANDO Initializing
Setting the default backend to "pytorch". You can change it in the ~/.dgl/config.json file or export the DGLBACKEND environment variable.  Valid options are: pytorch, mxnet, tensorflow (all lowercase)
[2026-04-14 13:16:19.037962] INFO: __main__: Setting execution timeout to 0 seconds
[2026-04-14 13:16:19.038307] INFO: __main__: Analyzing only for bug types: ['access_control', 'arithmetic', 'denial_of_service', 'front_running', 'reentrancy', 'time_manipulation', 'unchecked_low_level_calls']
[2026-04-14 13:18:09.928888] INFO: __main__: Number of buggy nodes: 0
[2026-04-14 13:18:09.929004] INFO: __main__: Number of clean nodes: 7
[2026-04-14 13:18:50.811691] INFO: __main__: Number of buggy nodes: 0
[2026-04-14 13:18:50.811801] INFO: __main__: Number of clean nodes: 7
[2026-04-14 13:19:22.349221] INFO: __main__: Number of buggy nodes: 3
[2026-04-14 13:19:22.349382] INFO: __main__: Number of clean nodes: 4
[2026-04-14 13:20:04.327396] INFO: __main__: Number of buggy nodes: 0
[2026-04-14 13:20:04.327512] INFO: __main__: Number of clean nodes: 7
[2026-04-14 13:20:43.490882] INFO: __main__: Number of buggy nodes: 2
[2026-04-14 13:20:43.491013] INFO: __main__: Number of clean nodes: 5
[2026-04-14 13:21:13.783683] INFO: __main__: Number of buggy nodes: 0
[2026-04-14 13:21:13.783808] INFO: __main__: Number of clean nodes: 7
[2026-04-14 13:21:48.762710] INFO: __main__: Number of buggy nodes: 0
[2026-04-14 13:21:48.762807] INFO: __main__: Number of clean nodes: 7
Result: {"summaries": [{"type": "access_control", "vulnerability": 0}, {"type": "arithmetic", "vulnerability": 0}, {"type": "denial_of_service", "graph_runtime": 16625, "node_runtime": 13777, "number_of_bug_node": 3, "vulnerability": 1, "number_of_normal_node": 4, "results": [{"id": 1, "code_lines": [9], "vulnerability": 1}, {"id": 4, "code_lines": [13], "vulnerability": 1}, {"id": 5, "code_lines": [14], "vulnerability": 1}]}, {"type": "front_running", "vulnerability": 0}, {"type": "reentrancy", "graph_runtime": 18466, "node_runtime": 18758, "number_of_bug_node": 2, "vulnerability": 1, "number_of_normal_node": 5, "results": []}, {"type": "time_manipulation", "vulnerability": 0}, {"type": "unchecked_low_level_calls", "graph_runtime": 17429, "node_runtime": 15763, "number_of_bug_node": 0, "vulnerability": 1, "number_of_normal_node": 7, "results": []}], "messages": "OK"}
[2026-04-14 13:21:48.763181] INFO: __main__: [2026-04-14 13:21:48.763156] Results written to output.json
DGL backend not selected or invalid.  Assuming PyTorch for now.
Using backend: pytorch
/sb/bin/do_solidity.sh: 37: Syntax error: EOF in backquote substitution
